Archive member included to satisfy reference by file (symbol)

C:/ST/STM32CubeIDE_1.16.1/STM32CubeIDE/plugins/com.st.stm32cube.ide.mcu.externaltools.gnu-tools-for-stm32.12.3.rel1.win32_1.0.200.202406191623/tools/bin/../lib/gcc/arm-none-eabi/12.3.1/../../../../arm-none-eabi/lib/thumb/v7e-m+fp/hard\libc_nano.a(libc_a-exit.o)
                              C:/ST/STM32CubeIDE_1.16.1/STM32CubeIDE/plugins/com.st.stm32cube.ide.mcu.externaltools.gnu-tools-for-stm32.12.3.rel1.win32_1.0.200.202406191623/tools/bin/../lib/gcc/arm-none-eabi/12.3.1/../../../../arm-none-eabi/lib/thumb/v7e-m+fp/hard/crt0.o (exit)
C:/ST/STM32CubeIDE_1.16.1/STM32CubeIDE/plugins/com.st.stm32cube.ide.mcu.externaltools.gnu-tools-for-stm32.12.3.rel1.win32_1.0.200.202406191623/tools/bin/../lib/gcc/arm-none-eabi/12.3.1/../../../../arm-none-eabi/lib/thumb/v7e-m+fp/hard\libc_nano.a(libc_a-findfp.o)
                              C:/ST/STM32CubeIDE_1.16.1/STM32CubeIDE/plugins/com.st.stm32cube.ide.mcu.externaltools.gnu-tools-for-stm32.12.3.rel1.win32_1.0.200.202406191623/tools/bin/../lib/gcc/arm-none-eabi/12.3.1/../../../../arm-none-eabi/lib/thumb/v7e-m+fp/hard\libc_nano.a(libc_a-exit.o) (__stdio_exit_handler)
C:/ST/STM32CubeIDE_1.16.1/STM32CubeIDE/plugins/com.st.stm32cube.ide.mcu.externaltools.gnu-tools-for-stm32.12.3.rel1.win32_1.0.200.202406191623/tools/bin/../lib/gcc/arm-none-eabi/12.3.1/../../../../arm-none-eabi/lib/thumb/v7e-m+fp/hard\libc_nano.a(libc_a-fwalk.o)
                              C:/ST/STM32CubeIDE_1.16.1/STM32CubeIDE/plugins/com.st.stm32cube.ide.mcu.externaltools.gnu-tools-for-stm32.12.3.rel1.win32_1.0.200.202406191623/tools/bin/../lib/gcc/arm-none-eabi/12.3.1/../../../../arm-none-eabi/lib/thumb/v7e-m+fp/hard\libc_nano.a(libc_a-findfp.o) (_fwalk_sglue)
C:/ST/STM32CubeIDE_1.16.1/STM32CubeIDE/plugins/com.st.stm32cube.ide.mcu.externaltools.gnu-tools-for-stm32.12.3.rel1.win32_1.0.200.202406191623/tools/bin/../lib/gcc/arm-none-eabi/12.3.1/../../../../arm-none-eabi/lib/thumb/v7e-m+fp/hard\libc_nano.a(libc_a-puts.o)
                              ./EKO_Drivers/CAN/Src/can_driver.o (puts)
C:/ST/STM32CubeIDE_1.16.1/STM32CubeIDE/plugins/com.st.stm32cube.ide.mcu.externaltools.gnu-tools-for-stm32.12.3.rel1.win32_1.0.200.202406191623/tools/bin/../lib/gcc/arm-none-eabi/12.3.1/../../../../arm-none-eabi/lib/thumb/v7e-m+fp/hard\libc_nano.a(libc_a-stdio.o)
                              C:/ST/STM32CubeIDE_1.16.1/STM32CubeIDE/plugins/com.st.stm32cube.ide.mcu.externaltools.gnu-tools-for-stm32.12.3.rel1.win32_1.0.200.202406191623/tools/bin/../lib/gcc/arm-none-eabi/12.3.1/../../../../arm-none-eabi/lib/thumb/v7e-m+fp/hard\libc_nano.a(libc_a-findfp.o) (__sread)
C:/ST/STM32CubeIDE_1.16.1/STM32CubeIDE/plugins/com.st.stm32cube.ide.mcu.externaltools.gnu-tools-for-stm32.12.3.rel1.win32_1.0.200.202406191623/tools/bin/../lib/gcc/arm-none-eabi/12.3.1/../../../../arm-none-eabi/lib/thumb/v7e-m+fp/hard\libc_nano.a(libc_a-wbuf.o)
                              C:/ST/STM32CubeIDE_1.16.1/STM32CubeIDE/plugins/com.st.stm32cube.ide.mcu.externaltools.gnu-tools-for-stm32.12.3.rel1.win32_1.0.200.202406191623/tools/bin/../lib/gcc/arm-none-eabi/12.3.1/../../../../arm-none-eabi/lib/thumb/v7e-m+fp/hard\libc_nano.a(libc_a-puts.o) (__swbuf_r)
C:/ST/STM32CubeIDE_1.16.1/STM32CubeIDE/plugins/com.st.stm32cube.ide.mcu.externaltools.gnu-tools-for-stm32.12.3.rel1.win32_1.0.200.202406191623/tools/bin/../lib/gcc/arm-none-eabi/12.3.1/../../../../arm-none-eabi/lib/thumb/v7e-m+fp/hard\libc_nano.a(libc_a-wsetup.o)
                              C:/ST/STM32CubeIDE_1.16.1/STM32CubeIDE/plugins/com.st.stm32cube.ide.mcu.externaltools.gnu-tools-for-stm32.12.3.rel1.win32_1.0.200.202406191623/tools/bin/../lib/gcc/arm-none-eabi/12.3.1/../../../../arm-none-eabi/lib/thumb/v7e-m+fp/hard\libc_nano.a(libc_a-puts.o) (__swsetup_r)
C:/ST/STM32CubeIDE_1.16.1/STM32CubeIDE/plugins/com.st.stm32cube.ide.mcu.externaltools.gnu-tools-for-stm32.12.3.rel1.win32_1.0.200.202406191623/tools/bin/../lib/gcc/arm-none-eabi/12.3.1/../../../../arm-none-eabi/lib/thumb/v7e-m+fp/hard\libc_nano.a(libc_a-memset.o)
                              C:/ST/STM32CubeIDE_1.16.1/STM32CubeIDE/plugins/com.st.stm32cube.ide.mcu.externaltools.gnu-tools-for-stm32.12.3.rel1.win32_1.0.200.202406191623/tools/bin/../lib/gcc/arm-none-eabi/12.3.1/../../../../arm-none-eabi/lib/thumb/v7e-m+fp/hard/crt0.o (memset)
C:/ST/STM32CubeIDE_1.16.1/STM32CubeIDE/plugins/com.st.stm32cube.ide.mcu.externaltools.gnu-tools-for-stm32.12.3.rel1.win32_1.0.200.202406191623/tools/bin/../lib/gcc/arm-none-eabi/12.3.1/../../../../arm-none-eabi/lib/thumb/v7e-m+fp/hard\libc_nano.a(libc_a-closer.o)
                              C:/ST/STM32CubeIDE_1.16.1/STM32CubeIDE/plugins/com.st.stm32cube.ide.mcu.externaltools.gnu-tools-for-stm32.12.3.rel1.win32_1.0.200.202406191623/tools/bin/../lib/gcc/arm-none-eabi/12.3.1/../../../../arm-none-eabi/lib/thumb/v7e-m+fp/hard\libc_nano.a(libc_a-stdio.o) (_close_r)
[...]
Memory Configuration

Name             Origin             Length             Attributes
CCMRAM           0x10000000         0x00001000         xrw
RAM              0x20000000         0x00003000         xrw
FLASH            0x08000000         0x00010000         xr
*default*        0x00000000         0xffffffff

Linker script and memory map

LOAD C:/ST/STM32CubeIDE_1.16.1/STM32CubeIDE/plugins/com.st.stm32cube.ide.mcu.externaltools.gnu-tools-for-stm32.12.3.rel1.win32_1.0.200.202406191623/tools/bin/../lib/gcc/arm-none-eabi/12.3.1/thumb/v7e-m+fp/hard/crti.o
LOAD C:/ST/STM32CubeIDE_1.16.1/STM32CubeIDE/plugins/com.st.stm32cube.ide.mcu.externaltools.gnu-tools-for-stm32.12.3.rel1.win32_1.0.200.202406191623/tools/bin/../lib/gcc/arm-none-eabi/12.3.1/thumb/v7e-m+fp/hard/crtbegin.o
LOAD C:/ST/STM32CubeIDE_1.16.1/STM32CubeIDE/plugins/com.st.stm32cube.ide.mcu.externaltools.gnu-tools-for-stm32.12.3.rel1.win32_1.0.200.202406191623/tools/bin/../lib/gcc/arm-none-eabi/12.3.1/../../../../arm-none-eabi/lib/thumb/v7e-m+fp/hard/crt0.o
LOAD ./Core/Src/adc.o
LOAD ./Core/Src/can.o
LOAD ./Core/Src/dma.o
LOAD ./Core/Src/gpio.o
LOAD ./Core/Src/main.o
LOAD ./Core/Src/stm32f3xx_hal_msp.o
LOAD ./Core/Src/stm32f3xx_it.o
LOAD ./Core/Src/syscalls.o
LOAD ./Core/Src/sysmem.o
LOAD ./Core/Src/system_stm32f3xx.o
LOAD ./Core/Src/tim.o
LOAD ./Core/Startup/startup_stm32f303k8tx.o
LOAD ./Drivers/STM32F3xx_HAL_Driver/Src/stm32f3xx_hal.o
LOAD ./Drivers/STM32F3xx_HAL_Driver/Src/stm32f3xx_hal_adc.o
LOAD ./Drivers/STM32F3xx_HAL_Driver/Src/stm32f3xx_hal_adc_ex.o
LOAD ./Drivers/STM32F3xx_HAL_Driver/Src/stm32f3xx_hal_can.o
LOAD ./Drivers/STM32F3xx_HAL_Driver/Src/stm32f3xx_hal_cortex.o
LOAD ./Drivers/STM32F3xx_HAL_Driver/Src/stm32f3xx_hal_dma.o
LOAD ./Drivers/STM32F3xx_HAL_Driver/Src/stm32f3xx_hal_exti.o
LOAD ./Drivers/STM32F3xx_HAL_Driver/Src/stm32f3xx_hal_flash.o
LOAD ./Drivers/STM32F3xx_HAL_Driver/Src/stm32f3xx_hal_flash_ex.o
LOAD ./Drivers/STM32F3xx_HAL_Driver/Src/stm32f3xx_hal_gpio.o
LOAD ./Drivers/STM32F3xx_HAL_Driver/Src/stm32f3xx_hal_i2c.o
LOAD ./Drivers/STM32F3xx_HAL_Driver/Src/stm32f3xx_hal_i2c_ex.o
LOAD ./Drivers/STM32F3xx_HAL_Driver/Src/stm32f3xx_hal_pwr.o
LOAD ./Drivers/STM32F3xx_HAL_Driver/Src/stm32f3xx_hal_pwr_ex.o
LOAD ./Drivers/STM32F3xx_HAL_Driver/Src/stm32f3xx_hal_rcc.o
LOAD ./Drivers/STM32F3xx_HAL_Driver/Src/stm32f3xx_hal_rcc_ex.o
LOAD ./Drivers/STM32F3xx_HAL_Driver/Src/stm32f3xx_hal_tim.o
LOAD ./Drivers/STM32F3xx_HAL_Driver/Src/stm32f3xx_hal_tim_ex.o
LOAD ./EKO_Drivers/ADC/Src/adc_driver.o
LOAD ./EKO_Drivers/CAN/Src/can_driver.o
LOAD ./PCBCells_driver/ADC/Src/pcb_cells_adc.o
LOAD ./PCBCells_driver/CAN/Src/pcb_cells_can.o
LOAD ./PCBCells_driver/PCB_Cells/Src/pcb_cells.o
START GROUP
LOAD C:/ST/STM32CubeIDE_1.16.1/STM32CubeIDE/plugins/com.st.stm32cube.ide.mcu.externaltools.gnu-tools-for-stm32.12.3.rel1.win32_1.0.200.202406191623/tools/bin/../lib/gcc/arm-none-eabi/12.3.1/../../../../arm-none-eabi/lib/thumb/v7e-m+fp/hard\libc_nano.a
LOAD C:/ST/STM32CubeIDE_1.16.1/STM32CubeIDE/plugins/com.st.stm32cube.ide.mcu.externaltools.gnu-tools-for-stm32.12.3.rel1.win32_1.0.200.202406191623/tools/bin/../lib/gcc/arm-none-eabi/12.3.1/../../../../arm-none-eabi/lib/thumb/v7e-m+fp/hard\libm.a
END GROUP
START GROUP
LOAD C:/ST/STM32CubeIDE_1.16.1/STM32CubeIDE/plugins/com.st.stm32cube.ide.mcu.externaltools.gnu-tools-for-stm32.12.3.rel1.win32_1.0.200.202406191623/tools/bin/../lib/gcc/arm-none-eabi/12.3.1/thumb/v7e-m+fp/hard\libgcc.a
LOAD C:/ST/STM32CubeIDE_1.16.1/STM32CubeIDE/plugins/com.st.stm32cube.ide.mcu.externaltools.gnu-tools-for-stm32.12.3.rel1.win32_1.0.200.202406191623/tools/bin/../lib/gcc/arm-none-eabi/12.3.1/../../../../arm-none-eabi/lib/thumb/v7e-m+fp/hard\libc_nano.a
END GROUP
START GROUP
LOAD C:/ST/STM32CubeIDE_1.16.1/STM32CubeIDE/plugins/com.st.stm32cube.ide.mcu.externaltools.gnu-tools-for-stm32.12.3.rel1.win32_1.0.200.202406191623/tools/bin/../lib/gcc/arm-none-eabi/12.3.1/thumb/v7e-m+fp/hard\libgcc.a
LOAD C:/ST/STM32CubeIDE_1.16.1/STM32CubeIDE/plugins/com.st.stm32cube.ide.mcu.externaltools.gnu-tools-for-stm32.12.3.rel1.win32_1.0.200.202406191623/tools/bin/../lib/gcc/arm-none-eabi/12.3.1/../../../../arm-none-eabi/lib/thumb/v7e-m+fp/hard\libc_nano.a
LOAD C:/ST/STM32CubeIDE_1.16.1/STM32CubeIDE/plugins/com.st.stm32cube.ide.mcu.externaltools.gnu-tools-for-stm32.12.3.rel1.win32_1.0.200.202406191623/tools/bin/../lib/gcc/arm-none-eabi/12.3.1/../../../../arm-none-eabi/lib/thumb/v7e-m+fp/hard\libnosys.a
END GROUP
START GROUP
LOAD C:/ST/STM32CubeIDE_1.16.1/STM32CubeIDE/plugins/com.st.stm32cube.ide.mcu.externaltools.gnu-tools-for-stm32.12.3.rel1.win32_1.0.200.202406191623/tools/bin/../lib/gcc/arm-none-eabi/12.3.1/thumb/v7e-m+fp/hard\libgcc.a
LOAD C:/ST/STM32CubeIDE_1.16.1/STM32CubeIDE/plugins/com.st.stm32cube.ide.mcu.externaltools.gnu-tools-for-stm32.12.3.rel1.win32_1.0.200.202406191623/tools/bin/../lib/gcc/arm-none-eabi/12.3.1/../../../../arm-none-eabi/lib/thumb/v7e-m+fp/hard\libc_nano.a
LOAD C:/ST/STM32CubeIDE_1.16.1/STM32CubeIDE/plugins/com.st.stm32cube.ide.mcu.externaltools.gnu-tools-for-stm32.12.3.rel1.win32_1.0.200.202406191623/tools/bin/../lib/gcc/arm-none-eabi/12.3.1/../../../../arm-none-eabi/lib/thumb/v7e-m+fp/hard\libnosys.a
END GROUP
LOAD C:/ST/STM32CubeIDE_1.16.1/STM32CubeIDE/plugins/com.st.stm32cube.ide.mcu.externaltools.gnu-tools-for-stm32.12.3.rel1.win32_1.0.200.202406191623/tools/bin/../lib/gcc/arm-none-eabi/12.3.1/thumb/v7e-m+fp/hard/crtend.o
LOAD C:/ST/STM32CubeIDE_1.16.1/STM32CubeIDE/plugins/com.st.stm32cube.ide.mcu.externaltools.gnu-tools-for-stm32.12.3.rel1.win32_1.0.200.202406191623/tools/bin/../lib/gcc/arm-none-eabi/12.3.1/thumb/v7e-m+fp/hard/crtn.o
                0x20003000                        _estack = (ORIGIN (RAM) + LENGTH (RAM))
                0x00000200                        _Min_Heap_Size = 0x200
                0x00000400                        _Min_Stack_Size = 0x400

.isr_vector     0x08000000      0x188
                0x08000000                        . = ALIGN (0x4)
 *(.isr_vector)
 .isr_vector    0x08000000      0x188 ./Core/Startup/startup_stm32f303k8tx.o
                0x08000000                g_pfnVectors
                0x08000188                        . = ALIGN (0x4)

.text           0x08000188     0x6128
                0x08000188                        . = ALIGN (0x4)
 *(.text)
 .text          0x08000188       0x40 C:/ST/STM32CubeIDE_1.16.1/STM32CubeIDE/plugins/com.st.stm32cube.ide.mcu.externaltools.gnu-tools-for-stm32.12.3.rel1.win32_1.0.200.202406191623/tools/bin/../lib/gcc/arm-none-eabi/12.3.1/thumb/v7e-m+fp/hard/crtbegin.o
 .text          0x080001c8       0x30 C:/ST/STM32CubeIDE_1.16.1/STM32CubeIDE/plugins/com.st.stm32cube.ide.mcu.externaltools.gnu-tools-for-stm32.12.3.rel1.win32_1.0.200.202406191623/tools/bin/../lib/gcc/arm-none-eabi/12.3.1/thumb/v7e-m+fp/hard\libgcc.a(_aeabi_uldivmod.o)
                0x080001c8                __aeabi_uldivmod
 .text          0x080001f8      0x2bc C:/ST/STM32CubeIDE_1.16.1/STM32CubeIDE/plugins/com.st.stm32cube.ide.mcu.externaltools.gnu-tools-for-stm32.12.3.rel1.win32_1.0.200.202406191623/tools/bin/../lib/gcc/arm-none-eabi/12.3.1/thumb/v7e-m+fp/hard\libgcc.a(_udivmoddi4.o)
                0x080001f8                __udivmoddi4
 .text          0x080004b4        0x4 C:/ST/STM32CubeIDE_1.16.1/STM32CubeIDE/plugins/com.st.stm32cube.ide.mcu.externaltools.gnu-tools-for-stm32.12.3.rel1.win32_1.0.200.202406191623/tools/bin/../lib/gcc/arm-none-eabi/12.3.1/thumb/v7e-m+fp/hard\libgcc.a(_dvmd_tls.o)
                0x080004b4                __aeabi_idiv0
                0x080004b4                __aeabi_ldiv0
 *(.text*)
 .text.MX_ADC1_Init
                0x080004b8      0x15c ./Core/Src/adc.o
                0x080004b8                MX_ADC1_Init
 .text.MX_ADC2_Init
                0x08000614      0x120 ./Core/Src/adc.o
                0x08000614                MX_ADC2_Init
 .text.HAL_ADC_MspInit
                0x08000734      0x200 ./Core/Src/adc.o
                0x08000734                HAL_ADC_MspInit
 .text.MX_CAN_Init
                0x08000934       0x6c ./Core/Src/can.o
                0x08000934                MX_CAN_Init
 .text.HAL_CAN_MspInit
                0x080009a0       0x88 ./Core/Src/can.o
                0x080009a0                HAL_CAN_MspInit
 .text.MX_DMA_Init
                0x08000a28       0x4c ./Core/Src/dma.o
                0x08000a28                MX_DMA_Init
 .text.MX_GPIO_Init
                0x08000a74       0x98 ./Core/Src/gpio.o
                0x08000a74                MX_GPIO_Init
 .text.main     0x08000b0c       0x90 ./Core/Src/main.o
                0x08000b0c                main
 .text.SystemClock_Config
                0x08000b9c       0xb0 ./Core/Src/main.o
                0x08000b9c                SystemClock_Config
 .text.Error_Handler
                0x08000c4c        0xc ./Core/Src/main.o
                0x08000c4c                Error_Handler
 .text.HAL_MspInit
                0x08000c58       0x48 ./Core/Src/stm32f3xx_hal_msp.o
                0x08000c58                HAL_MspInit
 .text.NMI_Handler
                0x08000ca0        0x8 ./Core/Src/stm32f3xx_it.o
                0x08000ca0                NMI_Handler
 .text.HardFault_Handler
                0x08000ca8        0x8 ./Core/Src/stm32f3xx_it.o
                0x08000ca8                HardFault_Handler
 .text.MemManage_Handler
                0x08000cb0        0x8 ./Core/Src/stm32f3xx_it.o
                0x08000cb0                MemManage_Handler
 .text.BusFault_Handler
                0x08000cb8        0x8 ./Core/Src/stm32f3xx_it.o
                0x08000cb8                BusFault_Handler
 .text.UsageFault_Handler
                0x08000cc0        0x8 ./Core/Src/stm32f3xx_it.o
                0x08000cc0                UsageFault_Handler
 .text.SVC_Handler
                0x08000cc8        0xe ./Core/Src/stm32f3xx_it.o
                0x08000cc8                SVC_Handler
 .text.DebugMon_Handler
                0x08000cd6        0xe ./Core/Src/stm32f3xx_it.o
                0x08000cd6                DebugMon_Handler
 .text.PendSV_Handler
                0x08000ce4        0xe ./Core/Src/stm32f3xx_it.o
                0x08000ce4                PendSV_Handler
 .text.SysTick_Handler
                0x08000cf2        0xc ./Core/Src/stm32f3xx_it.o
                0x08000cf2                SysTick_Handler
 *fill*         0x08000cfe        0x2 
 .text.DMA1_Channel1_IRQHandler
                0x08000d00       0x14 ./Core/Src/stm32f3xx_it.o
                0x08000d00                DMA1_Channel1_IRQHandler
 .text.DMA1_Channel2_IRQHandler
                0x08000d14       0x14 ./Core/Src/stm32f3xx_it.o
                0x08000d14                DMA1_Channel2_IRQHandler
 .text.ADC1_2_IRQHandler
                0x08000d28       0x1c ./Core/Src/stm32f3xx_it.o
                0x08000d28                ADC1_2_IRQHandler
 .text.SystemInit
                0x08000d44       0x24 ./Core/Src/system_stm32f3xx.o
                0x08000d44                SystemInit
 .text.MX_TIM3_Init
                0x08000d68       0xb4 ./Core/Src/tim.o
                0x08000d68                MX_TIM3_Init
 .text.HAL_TIM_PWM_MspInit
                0x08000e1c       0x40 ./Core/Src/tim.o
                0x08000e1c                HAL_TIM_PWM_MspInit
 .text.HAL_TIM_MspPostInit
                0x08000e5c       0x70 ./Core/Src/tim.o
                0x08000e5c                HAL_TIM_MspPostInit
 .text.Reset_Handler
                0x08000ecc       0x50 ./Core/Startup/startup_stm32f303k8tx.o
                0x08000ecc                Reset_Handler
 .text.Default_Handler
                0x08000f1c        0x2 ./Core/Startup/startup_stm32f303k8tx.o
                0x08000f1c                RTC_Alarm_IRQHandler
                0x08000f1c                TIM1_CC_IRQHandler
                0x08000f1c                PVD_IRQHandler
                0x08000f1c                TAMP_STAMP_IRQHandler
                0x08000f1c                EXTI3_IRQHandler
                0x08000f1c                EXTI0_IRQHandler
                0x08000f1c                FPU_IRQHandler
                0x08000f1c                CAN_TX_IRQHandler
                0x08000f1c                TIM1_UP_TIM16_IRQHandler
                0x08000f1c                SPI1_IRQHandler
                0x08000f1c                CAN_SCE_IRQHandler
                0x08000f1c                DMA1_Channel4_IRQHandler
                0x08000f1c                USART3_IRQHandler
                0x08000f1c                DMA1_Channel7_IRQHandler
                0x08000f1c                TIM7_DAC2_IRQHandler
                0x08000f1c                CAN_RX1_IRQHandler
                0x08000f1c                I2C1_EV_IRQHandler
                0x08000f1c                DMA1_Channel6_IRQHandler
                0x08000f1c                TIM3_IRQHandler
                0x08000f1c                RCC_IRQHandler
                0x08000f1c                Default_Handler
                0x08000f1c                EXTI15_10_IRQHandler
                0x08000f1c                COMP2_IRQHandler
                0x08000f1c                TIM6_DAC1_IRQHandler
                0x08000f1c                EXTI9_5_IRQHandler
                0x08000f1c                RTC_WKUP_IRQHandler
                0x08000f1c                DMA1_Channel5_IRQHandler
                0x08000f1c                EXTI4_IRQHandler
                0x08000f1c                TIM1_TRG_COM_TIM17_IRQHandler
                0x08000f1c                DMA1_Channel3_IRQHandler
                0x08000f1c                WWDG_IRQHandler
                0x08000f1c                TIM2_IRQHandler
                0x08000f1c                EXTI1_IRQHandler
                0x08000f1c                COMP4_6_IRQHandler
                0x08000f1c                USART2_IRQHandler
                0x08000f1c                FLASH_IRQHandler
                0x08000f1c                USART1_IRQHandler
                0x08000f1c                CAN_RX0_IRQHandler
                0x08000f1c                I2C1_ER_IRQHandler
                0x08000f1c                EXTI2_TSC_IRQHandler
                0x08000f1c                TIM1_BRK_TIM15_IRQHandler
 *fill*         0x08000f1e        0x2 
 .text.HAL_Init
                0x08000f20       0x2c ./Drivers/STM32F3xx_HAL_Driver/Src/stm32f3xx_hal.o
                0x08000f20                HAL_Init
 .text.HAL_InitTick
                0x08000f4c       0x60 ./Drivers/STM32F3xx_HAL_Driver/Src/stm32f3xx_hal.o
                0x08000f4c                HAL_InitTick
 .text.HAL_IncTick
                0x08000fac       0x28 ./Drivers/STM32F3xx_HAL_Driver/Src/stm32f3xx_hal.o
                0x08000fac                HAL_IncTick
 .text.HAL_GetTick
                0x08000fd4       0x18 ./Drivers/STM32F3xx_HAL_Driver/Src/stm32f3xx_hal.o
                0x08000fd4                HAL_GetTick
 .text.HAL_ADC_ConvHalfCpltCallback
                0x08000fec       0x14 ./Drivers/STM32F3xx_HAL_Driver/Src/stm32f3xx_hal_adc.o
                0x08000fec                HAL_ADC_ConvHalfCpltCallback
 .text.HAL_ADC_LevelOutOfWindowCallback
                0x08001000       0x14 ./Drivers/STM32F3xx_HAL_Driver/Src/stm32f3xx_hal_adc.o
                0x08001000                HAL_ADC_LevelOutOfWindowCallback
 .text.HAL_ADC_ErrorCallback
                0x08001014       0x14 ./Drivers/STM32F3xx_HAL_Driver/Src/stm32f3xx_hal_adc.o
                0x08001014                HAL_ADC_ErrorCallback
 .text.HAL_ADC_Init
                0x08001028      0x324 ./Drivers/STM32F3xx_HAL_Driver/Src/stm32f3xx_hal_adc_ex.o
                0x08001028                HAL_ADC_Init
 .text.HAL_ADC_Start
                0x0800134c      0x16c ./Drivers/STM32F3xx_HAL_Driver/Src/stm32f3xx_hal_adc_ex.o
                0x0800134c                HAL_ADC_Start
 .text.HAL_ADC_Stop
                0x080014b8       0x6a ./Drivers/STM32F3xx_HAL_Driver/Src/stm32f3xx_hal_adc_ex.o
                0x080014b8                HAL_ADC_Stop
 *fill*         0x08001522        0x2 
 .text.HAL_ADC_Start_DMA
                0x08001524      0x1b4 ./Drivers/STM32F3xx_HAL_Driver/Src/stm32f3xx_hal_adc_ex.o
                0x08001524                HAL_ADC_Start_DMA
 .text.HAL_ADC_GetValue
                0x080016d8       0x1a ./Drivers/STM32F3xx_HAL_Driver/Src/stm32f3xx_hal_adc_ex.o
                0x080016d8                HAL_ADC_GetValue
 *fill*         0x080016f2        0x2 
 .text.HAL_ADC_IRQHandler
                0x080016f4      0x3f4 ./Drivers/STM32F3xx_HAL_Driver/Src/stm32f3xx_hal_adc_ex.o
                0x080016f4                HAL_ADC_IRQHandler
 .text.HAL_ADCEx_Calibration_Start
                0x08001ae8       0xe4 ./Drivers/STM32F3xx_HAL_Driver/Src/stm32f3xx_hal_adc_ex.o
                0x08001ae8                HAL_ADCEx_Calibration_Start
 .text.HAL_ADCEx_MultiModeStart_DMA
                0x08001bcc      0x164 ./Drivers/STM32F3xx_HAL_Driver/Src/stm32f3xx_hal_adc_ex.o
                0x08001bcc                HAL_ADCEx_MultiModeStart_DMA
 .text.HAL_ADCEx_InjectedConvCpltCallback
                0x08001d30       0x14 ./Drivers/STM32F3xx_HAL_Driver/Src/stm32f3xx_hal_adc_ex.o
                0x08001d30                HAL_ADCEx_InjectedConvCpltCallback
 .text.HAL_ADCEx_InjectedQueueOverflowCallback
                0x08001d44       0x14 ./Drivers/STM32F3xx_HAL_Driver/Src/stm32f3xx_hal_adc_ex.o
                0x08001d44                HAL_ADCEx_InjectedQueueOverflowCallback
 .text.HAL_ADCEx_LevelOutOfWindow2Callback
                0x08001d58       0x14 ./Drivers/STM32F3xx_HAL_Driver/Src/stm32f3xx_hal_adc_ex.o
                0x08001d58                HAL_ADCEx_LevelOutOfWindow2Callback
 .text.HAL_ADCEx_LevelOutOfWindow3Callback
                0x08001d6c       0x14 ./Drivers/STM32F3xx_HAL_Driver/Src/stm32f3xx_hal_adc_ex.o
                0x08001d6c                HAL_ADCEx_LevelOutOfWindow3Callback
 .text.HAL_ADC_ConfigChannel
                0x08001d80      0x57c ./Drivers/STM32F3xx_HAL_Driver/Src/stm32f3xx_hal_adc_ex.o
                0x08001d80                HAL_ADC_ConfigChannel
 .text.HAL_ADCEx_MultiModeConfigChannel
                0x080022fc      0x18c ./Drivers/STM32F3xx_HAL_Driver/Src/stm32f3xx_hal_adc_ex.o
                0x080022fc                HAL_ADCEx_MultiModeConfigChannel
 .text.ADC_DMAConvCplt
                0x08002488       0x7a ./Drivers/STM32F3xx_HAL_Driver/Src/stm32f3xx_hal_adc_ex.o
 .text.ADC_DMAHalfConvCplt
                0x08002502       0x1c ./Drivers/STM32F3xx_HAL_Driver/Src/stm32f3xx_hal_adc_ex.o
 .text.ADC_DMAError
                0x0800251e       0x34 ./Drivers/STM32F3xx_HAL_Driver/Src/stm32f3xx_hal_adc_ex.o
 *fill*         0x08002552        0x2 
 .text.ADC_Enable
                0x08002554       0xc8 ./Drivers/STM32F3xx_HAL_Driver/Src/stm32f3xx_hal_adc_ex.o
 .text.ADC_Disable
                0x0800261c       0xcc ./Drivers/STM32F3xx_HAL_Driver/Src/stm32f3xx_hal_adc_ex.o
 .text.ADC_ConversionStop
                0x080026e8      0x16c ./Drivers/STM32F3xx_HAL_Driver/Src/stm32f3xx_hal_adc_ex.o
 .text.HAL_CAN_Init
                0x08002854      0x1f6 ./Drivers/STM32F3xx_HAL_Driver/Src/stm32f3xx_hal_can.o
                0x08002854                HAL_CAN_Init
 .text.HAL_CAN_ConfigFilter
                0x08002a4a      0x194 ./Drivers/STM32F3xx_HAL_Driver/Src/stm32f3xx_hal_can.o
                0x08002a4a                HAL_CAN_ConfigFilter
 .text.HAL_CAN_Start
                0x08002bde       0x88 ./Drivers/STM32F3xx_HAL_Driver/Src/stm32f3xx_hal_can.o
                0x08002bde                HAL_CAN_Start
 .text.HAL_CAN_ActivateNotification
                0x08002c66       0x4c ./Drivers/STM32F3xx_HAL_Driver/Src/stm32f3xx_hal_can.o
                0x08002c66                HAL_CAN_ActivateNotification
 *fill*         0x08002cb2        0x2 
 .text.__NVIC_SetPriorityGrouping
                0x08002cb4       0x48 ./Drivers/STM32F3xx_HAL_Driver/Src/stm32f3xx_hal_cortex.o
 .text.__NVIC_GetPriorityGrouping
                0x08002cfc       0x1c ./Drivers/STM32F3xx_HAL_Driver/Src/stm32f3xx_hal_cortex.o
 .text.__NVIC_EnableIRQ
                0x08002d18       0x3c ./Drivers/STM32F3xx_HAL_Driver/Src/stm32f3xx_hal_cortex.o
 .text.__NVIC_SetPriority
                0x08002d54       0x54 ./Drivers/STM32F3xx_HAL_Driver/Src/stm32f3xx_hal_cortex.o
 .text.NVIC_EncodePriority
                0x08002da8       0x66 ./Drivers/STM32F3xx_HAL_Driver/Src/stm32f3xx_hal_cortex.o
 *fill*         0x08002e0e        0x2 
 .text.SysTick_Config
                0x08002e10       0x44 ./Drivers/STM32F3xx_HAL_Driver/Src/stm32f3xx_hal_cortex.o
 .text.HAL_NVIC_SetPriorityGrouping
                0x08002e54       0x16 ./Drivers/STM32F3xx_HAL_Driver/Src/stm32f3xx_hal_cortex.o
                0x08002e54                HAL_NVIC_SetPriorityGrouping
 .text.HAL_NVIC_SetPriority
                0x08002e6a       0x38 ./Drivers/STM32F3xx_HAL_Driver/Src/stm32f3xx_hal_cortex.o
                0x08002e6a                HAL_NVIC_SetPriority
 .text.HAL_NVIC_EnableIRQ
                0x08002ea2       0x1c ./Drivers/STM32F3xx_HAL_Driver/Src/stm32f3xx_hal_cortex.o
                0x08002ea2                HAL_NVIC_EnableIRQ
 .text.HAL_SYSTICK_Config
                0x08002ebe       0x18 ./Drivers/STM32F3xx_HAL_Driver/Src/stm32f3xx_hal_cortex.o
                0x08002ebe                HAL_SYSTICK_Config
 .text.HAL_DMA_Init
                0x08002ed6       0x8e ./Drivers/STM32F3xx_HAL_Driver/Src/stm32f3xx_hal_dma.o
                0x08002ed6                HAL_DMA_Init
 .text.HAL_DMA_Start_IT
                0x08002f64       0xbe ./Drivers/STM32F3xx_HAL_Driver/Src/stm32f3xx_hal_dma.o
                0x08002f64                HAL_DMA_Start_IT
 .text.HAL_DMA_IRQHandler
                0x08003022      0x146 ./Drivers/STM32F3xx_HAL_Driver/Src/stm32f3xx_hal_dma.o
                0x08003022                HAL_DMA_IRQHandler
 .text.DMA_SetConfig
                0x08003168       0x5c ./Drivers/STM32F3xx_HAL_Driver/Src/stm32f3xx_hal_dma.o
 .text.DMA_CalcBaseAndBitshift
                0x080031c4       0x40 ./Drivers/STM32F3xx_HAL_Driver/Src/stm32f3xx_hal_dma.o
 .text.HAL_GPIO_Init
                0x08003204      0x2e4 ./Drivers/STM32F3xx_HAL_Driver/Src/stm32f3xx_hal_gpio.o
                0x08003204                HAL_GPIO_Init
 .text.HAL_GPIO_ReadPin
                0x080034e8       0x30 ./Drivers/STM32F3xx_HAL_Driver/Src/stm32f3xx_hal_gpio.o
                0x080034e8                HAL_GPIO_ReadPin
 .text.HAL_GPIO_WritePin
                0x08003518       0x30 ./Drivers/STM32F3xx_HAL_Driver/Src/stm32f3xx_hal_gpio.o
                0x08003518                HAL_GPIO_WritePin
 .text.HAL_RCC_OscConfig
                0x08003548     0x107c ./Drivers/STM32F3xx_HAL_Driver/Src/stm32f3xx_hal_rcc.o
                0x08003548                HAL_RCC_OscConfig
 .text.HAL_RCC_ClockConfig
                0x080045c4      0x2f8 ./Drivers/STM32F3xx_HAL_Driver/Src/stm32f3xx_hal_rcc.o
                0x080045c4                HAL_RCC_ClockConfig
 .text.HAL_RCC_GetSysClockFreq
                0x080048bc       0xa8 ./Drivers/STM32F3xx_HAL_Driver/Src/stm32f3xx_hal_rcc.o
                0x080048bc                HAL_RCC_GetSysClockFreq
 .text.HAL_RCCEx_PeriphCLKConfig
                0x08004964      0x24c ./Drivers/STM32F3xx_HAL_Driver/Src/stm32f3xx_hal_rcc_ex.o
                0x08004964                HAL_RCCEx_PeriphCLKConfig
 .text.HAL_TIM_PWM_Init
                0x08004bb0       0xae ./Drivers/STM32F3xx_HAL_Driver/Src/stm32f3xx_hal_tim.o
                0x08004bb0                HAL_TIM_PWM_Init
 *fill*         0x08004c5e        0x2 
 .text.HAL_TIM_PWM_ConfigChannel
                0x08004c60      0x228 ./Drivers/STM32F3xx_HAL_Driver/Src/stm32f3xx_hal_tim.o
                0x08004c60                HAL_TIM_PWM_ConfigChannel
 .text.TIM_Base_SetConfig
                0x08004e88      0x108 ./Drivers/STM32F3xx_HAL_Driver/Src/stm32f3xx_hal_tim.o
                0x08004e88                TIM_Base_SetConfig
 .text.TIM_OC1_SetConfig
                0x08004f90      0x10c ./Drivers/STM32F3xx_HAL_Driver/Src/stm32f3xx_hal_tim.o
 .text.TIM_OC2_SetConfig
                0x0800509c      0x100 ./Drivers/STM32F3xx_HAL_Driver/Src/stm32f3xx_hal_tim.o
                0x0800509c                TIM_OC2_SetConfig
 .text.TIM_OC3_SetConfig
                0x0800519c       0xfc ./Drivers/STM32F3xx_HAL_Driver/Src/stm32f3xx_hal_tim.o
 .text.TIM_OC4_SetConfig
                0x08005298       0xc8 ./Drivers/STM32F3xx_HAL_Driver/Src/stm32f3xx_hal_tim.o
 .text.TIM_OC5_SetConfig
                0x08005360       0xbc ./Drivers/STM32F3xx_HAL_Driver/Src/stm32f3xx_hal_tim.o
 .text.TIM_OC6_SetConfig
                0x0800541c       0xc0 ./Drivers/STM32F3xx_HAL_Driver/Src/stm32f3xx_hal_tim.o
 .text.HAL_TIMEx_MasterConfigSynchronization
                0x080054dc       0xdc ./Drivers/STM32F3xx_HAL_Driver/Src/stm32f3xx_hal_tim_ex.o
                0x080054dc                HAL_TIMEx_MasterConfigSynchronization
 .text.ADC_Init
                0x080055b8       0x92 ./EKO_Drivers/ADC/Src/adc_driver.o
                0x080055b8                ADC_Init
 .text.ADC_InitMultimode
                0x0800564a       0x54 ./EKO_Drivers/ADC/Src/adc_driver.o
                0x0800564a                ADC_InitMultimode
 .text.ADC_ReadChannel
                0x0800569e      0x1b0 ./EKO_Drivers/ADC/Src/adc_driver.o
                0x0800569e                ADC_ReadChannel
 .text.ADC_GetValue
                0x0800584e       0xa8 ./EKO_Drivers/ADC/Src/adc_driver.o
                0x0800584e                ADC_GetValue
 .text.HAL_ADC_ConvCpltCallback
                0x080058f6       0x14 ./EKO_Drivers/ADC/Src/adc_driver.o
                0x080058f6                HAL_ADC_ConvCpltCallback
 *fill*         0x0800590a        0x2 
 .text.ADC_ConfigGetRanksOfChannels
                0x0800590c      0x118 ./EKO_Drivers/ADC/Src/adc_driver.o
                0x0800590c                ADC_ConfigGetRanksOfChannels
 .text.ADC_GetRank
                0x08005a24       0x52 ./EKO_Drivers/ADC/Src/adc_driver.o
                0x08005a24                ADC_GetRank
 *fill*         0x08005a76        0x2 
 .text.ADC_Averaging
                0x08005a78       0xb0 ./EKO_Drivers/ADC/Src/adc_driver.o
                0x08005a78                ADC_Averaging
 .text.CAN_Init
                0x08005b28       0x70 ./EKO_Drivers/CAN/Src/can_driver.o
                0x08005b28                CAN_Init
 .text.PCBCells_ADC_ReadValues
                0x08005b98       0x32 ./PCBCells_driver/ADC/Src/pcb_cells_adc.o
                0x08005b98                PCBCells_ADC_ReadValues
 .text.PCBCells_ADC1_ReadChannels
                0x08005bca       0x60 ./PCBCells_driver/ADC/Src/pcb_cells_adc.o
                0x08005bca                PCBCells_ADC1_ReadChannels
 .text.PCBCells_ADC2_ReadChannels
                0x08005c2a       0x64 ./PCBCells_driver/ADC/Src/pcb_cells_adc.o
                0x08005c2a                PCBCells_ADC2_ReadChannels
 *fill*         0x08005c8e        0x2 
 .text.PCBCells_ADC_ReadTemperature
                0x08005c90      0x158 ./PCBCells_driver/ADC/Src/pcb_cells_adc.o
                0x08005c90                PCBCells_ADC_ReadTemperature
 .text.PCBCells_ADC_NTC_calibrateTemperature
                0x08005de8       0x6c ./PCBCells_driver/ADC/Src/pcb_cells_adc.o
                0x08005de8                PCBCells_ADC_NTC_calibrateTemperature
 .text.PCBCells_ADC_NTC_GetTemperature
                0x08005e54      0x110 ./PCBCells_driver/ADC/Src/pcb_cells_adc.o
                0x08005e54                PCBCells_ADC_NTC_GetTemperature
 .text.PCBCells_CAN_ScaleValue
                0x08005f64       0x68 ./PCBCells_driver/CAN/Src/pcb_cells_can.o
                0x08005f64                PCBCells_CAN_ScaleValue
 .text.PCBCells_Init
                0x08005fcc      0x108 ./PCBCells_driver/PCB_Cells/Src/pcb_cells.o
                0x08005fcc                PCBCells_Init
 .text.PCBCells_Mode_Normal
                0x080060d4       0x44 ./PCBCells_driver/PCB_Cells/Src/pcb_cells.o
                0x080060d4                PCBCells_Mode_Normal
 .text.PCBCells_Mode_Error
                0x08006118       0x16 ./PCBCells_driver/PCB_Cells/Src/pcb_cells.o
                0x08006118                PCBCells_Mode_Error
 .text.PCBCells_Peripherals_Start
                0x0800612e       0x66 ./PCBCells_driver/PCB_Cells/Src/pcb_cells.o
                0x0800612e                PCBCells_Peripherals_Start
 .text.PCBCells_ConfigPCBIndex
                0x08006194       0x90 ./PCBCells_driver/PCB_Cells/Src/pcb_cells.o
                0x08006194                PCBCells_ConfigPCBIndex
 .text.memset   0x08006224       0x10 C:/ST/STM32CubeIDE_1.16.1/STM32CubeIDE/plugins/com.st.stm32cube.ide.mcu.externaltools.gnu-tools-for-stm32.12.3.rel1.win32_1.0.200.202406191623/tools/bin/../lib/gcc/arm-none-eabi/12.3.1/../../../../arm-none-eabi/lib/thumb/v7e-m+fp/hard\libc_nano.a(libc_a-memset.o)
                0x08006224                memset
 .text.__libc_init_array
                0x08006234       0x48 C:/ST/STM32CubeIDE_1.16.1/STM32CubeIDE/plugins/com.st.stm32cube.ide.mcu.externaltools.gnu-tools-for-stm32.12.3.rel1.win32_1.0.200.202406191623/tools/bin/../lib/gcc/arm-none-eabi/12.3.1/../../../../arm-none-eabi/lib/thumb/v7e-m+fp/hard\libc_nano.a(libc_a-init.o)
                0x08006234                __libc_init_array
 .text.memcpy   0x0800627c       0x1c C:/ST/STM32CubeIDE_1.16.1/STM32CubeIDE/plugins/com.st.stm32cube.ide.mcu.externaltools.gnu-tools-for-stm32.12.3.rel1.win32_1.0.200.202406191623/tools/bin/../lib/gcc/arm-none-eabi/12.3.1/../../../../arm-none-eabi/lib/thumb/v7e-m+fp/hard\libc_nano.a(libc_a-memcpy-stub.o)
                0x0800627c                memcpy
 *(.glue_7)
 .glue_7        0x08006298        0x0 linker stubs
 *(.glue_7t)
 .glue_7t       0x08006298        0x0 linker stubs
 *(.eh_frame)
 .eh_frame      0x08006298        0x0 C:/ST/STM32CubeIDE_1.16.1/STM32CubeIDE/plugins/com.st.stm32cube.ide.mcu.externaltools.gnu-tools-for-stm32.12.3.rel1.win32_1.0.200.202406191623/tools/bin/../lib/gcc/arm-none-eabi/12.3.1/thumb/v7e-m+fp/hard/crtbegin.o
 *(.init)
 .init          0x08006298        0x4 C:/ST/STM32CubeIDE_1.16.1/STM32CubeIDE/plugins/com.st.stm32cube.ide.mcu.externaltools.gnu-tools-for-stm32.12.3.rel1.win32_1.0.200.202406191623/tools/bin/../lib/gcc/arm-none-eabi/12.3.1/thumb/v7e-m+fp/hard/crti.o
                0x08006298                _init
 .init          0x0800629c        0x8 C:/ST/STM32CubeIDE_1.16.1/STM32CubeIDE/plugins/com.st.stm32cube.ide.mcu.externaltools.gnu-tools-for-stm32.12.3.rel1.win32_1.0.200.202406191623/tools/bin/../lib/gcc/arm-none-eabi/12.3.1/thumb/v7e-m+fp/hard/crtn.o
 *(.fini)
 .fini          0x080062a4        0x4 C:/ST/STM32CubeIDE_1.16.1/STM32CubeIDE/plugins/com.st.stm32cube.ide.mcu.externaltools.gnu-tools-for-stm32.12.3.rel1.win32_1.0.200.202406191623/tools/bin/../lib/gcc/arm-none-eabi/12.3.1/thumb/v7e-m+fp/hard/crti.o
                0x080062a4                _fini
 .fini          0x080062a8        0x8 C:/ST/STM32CubeIDE_1.16.1/STM32CubeIDE/plugins/com.st.stm32cube.ide.mcu.externaltools.gnu-tools-for-stm32.12.3.rel1.win32_1.0.200.202406191623/tools/bin/../lib/gcc/arm-none-eabi/12.3.1/thumb/v7e-m+fp/hard/crtn.o
                0x080062b0                        . = ALIGN (0x4)
                0x080062b0                        _etext = .

.vfp11_veneer   0x080062b0        0x0
 .vfp11_veneer  0x080062b0        0x0 linker stubs

.v4_bx          0x080062b0        0x0
 .v4_bx         0x080062b0        0x0 linker stubs

.iplt           0x080062b0        0x0
 .iplt          0x080062b0        0x0 C:/ST/STM32CubeIDE_1.16.1/STM32CubeIDE/plugins/com.st.stm32cube.ide.mcu.externaltools.gnu-tools-for-stm32.12.3.rel1.win32_1.0.200.202406191623/tools/bin/../lib/gcc/arm-none-eabi/12.3.1/thumb/v7e-m+fp/hard/crtbegin.o

.rodata         0x080062b0      0x358
                0x080062b0                        . = ALIGN (0x4)
 *(.rodata)
 *(.rodata*)
 .rodata.AHBPrescTable
                0x080062b0       0x10 ./Core/Src/system_stm32f3xx.o
                0x080062b0                AHBPrescTable
 .rodata.aPLLMULFactorTable
                0x080062c0       0x10 ./Drivers/STM32F3xx_HAL_Driver/Src/stm32f3xx_hal_rcc.o
 .rodata.aPredivFactorTable
                0x080062d0       0x10 ./Drivers/STM32F3xx_HAL_Driver/Src/stm32f3xx_hal_rcc.o
 .rodata.R.1    0x080062e0      0x194 ./PCBCells_driver/ADC/Src/pcb_cells_adc.o
 .rodata.T.0    0x08006474      0x194 ./PCBCells_driver/ADC/Src/pcb_cells_adc.o
                0x08006608                        . = ALIGN (0x4)

.ARM.extab      0x08006608        0x0
                0x08006608                        . = ALIGN (0x4)
 *(.ARM.extab* .gnu.linkonce.armextab.*)
                0x08006608                        . = ALIGN (0x4)

.ARM            0x08006608        0x8
                0x08006608                        . = ALIGN (0x4)
                0x08006608                        __exidx_start = .
 *(.ARM.exidx*)
 .ARM.exidx     0x08006608        0x8 C:/ST/STM32CubeIDE_1.16.1/STM32CubeIDE/plugins/com.st.stm32cube.ide.mcu.externaltools.gnu-tools-for-stm32.12.3.rel1.win32_1.0.200.202406191623/tools/bin/../lib/gcc/arm-none-eabi/12.3.1/thumb/v7e-m+fp/hard\libgcc.a(_udivmoddi4.o)
                0x08006610                        __exidx_end = .
                0x08006610                        . = ALIGN (0x4)

.preinit_array  0x08006610        0x0
                0x08006610                        . = ALIGN (0x4)
                0x08006610                        PROVIDE (__preinit_array_start = .)
 *(.preinit_array*)
                0x08006610                        PROVIDE (__preinit_array_end = .)
                0x08006610                        . = ALIGN (0x4)

.init_array     0x08006610        0x4
                0x08006610                        . = ALIGN (0x4)
                0x08006610                        PROVIDE (__init_array_start = .)
 *(SORT_BY_NAME(.init_array.*))
 *(.init_array*)
 .init_array    0x08006610        0x4 C:/ST/STM32CubeIDE_1.16.1/STM32CubeIDE/plugins/com.st.stm32cube.ide.mcu.externaltools.gnu-tools-for-stm32.12.3.rel1.win32_1.0.200.202406191623/tools/bin/../lib/gcc/arm-none-eabi/12.3.1/thumb/v7e-m+fp/hard/crtbegin.o
                0x08006614                        PROVIDE (__init_array_end = .)
                0x08006614                        . = ALIGN (0x4)

.fini_array     0x08006614        0x4
                0x08006614                        . = ALIGN (0x4)
                [!provide]                        PROVIDE (__fini_array_start = .)
 *(SORT_BY_NAME(.fini_array.*))
 *(.fini_array*)
 .fini_array    0x08006614        0x4 C:/ST/STM32CubeIDE_1.16.1/STM32CubeIDE/plugins/com.st.stm32cube.ide.mcu.externaltools.gnu-tools-for-stm32.12.3.rel1.win32_1.0.200.202406191623/tools/bin/../lib/gcc/arm-none-eabi/12.3.1/thumb/v7e-m+fp/hard/crtbegin.o
                [!provide]                        PROVIDE (__fini_array_end = .)
                0x08006618                        . = ALIGN (0x4)
                0x08006618                        _sidata = LOADADDR (.data)

.rel.dyn        0x08006618        0x0
 .rel.iplt      0x08006618        0x0 C:/ST/STM32CubeIDE_1.16.1/STM32CubeIDE/plugins/com.st.stm32cube.ide.mcu.externaltools.gnu-tools-for-stm32.12.3.rel1.win32_1.0.200.202406191623/tools/bin/../lib/gcc/arm-none-eabi/12.3.1/thumb/v7e-m+fp/hard/crtbegin.o

.data           0x20000000       0x9c load address 0x08006618
                0x20000000                        . = ALIGN (0x4)
                0x20000000                        _sdata = .
 *(.data)
 *(.data*)
 .data.SystemCoreClock
                0x20000000        0x4 ./Core/Src/system_stm32f3xx.o
                0x20000000                SystemCoreClock
 .data.uwTickPrio
                0x20000004        0x4 ./Drivers/STM32F3xx_HAL_Driver/Src/stm32f3xx_hal.o
                0x20000004                uwTickPrio
 .data.uwTickFreq
                0x20000008        0x1 ./Drivers/STM32F3xx_HAL_Driver/Src/stm32f3xx_hal.o
                0x20000008                uwTickFreq
 *fill*         0x20000009        0x3 
 .data.ADC_CONVERTED_CHANNELS
                0x2000000c        0x4 ./EKO_Drivers/ADC/Src/adc_driver.o
 .data.ADC_RANKS_REGS
                0x20000010       0x40 ./EKO_Drivers/ADC/Src/adc_driver.o
 .data.ADC_RANKS_BITPOS
                0x20000050       0x40 ./EKO_Drivers/ADC/Src/adc_driver.o
 .data.PCBCells_ADC1_Channels
                0x20000090        0x5 ./PCBCells_driver/ADC/Src/pcb_cells_adc.o
 *fill*         0x20000095        0x3 
 .data.PCBCells_ADC2_Channels
                0x20000098        0x4 ./PCBCells_driver/ADC/Src/pcb_cells_adc.o
 *(.RamFunc)
 *(.RamFunc*)
                0x2000009c                        . = ALIGN (0x4)
                0x2000009c                        _edata = .
                0x080066b4                        _siccmram = LOADADDR (.ccmram)

.igot.plt       0x2000009c        0x0 load address 0x080066b4
 .igot.plt      0x2000009c        0x0 C:/ST/STM32CubeIDE_1.16.1/STM32CubeIDE/plugins/com.st.stm32cube.ide.mcu.externaltools.gnu-tools-for-stm32.12.3.rel1.win32_1.0.200.202406191623/tools/bin/../lib/gcc/arm-none-eabi/12.3.1/thumb/v7e-m+fp/hard/crtbegin.o

.ccmram         0x10000000        0x0 load address 0x080066b4
                0x10000000                        . = ALIGN (0x4)
                0x10000000                        _sccmram = .
 *(.ccmram)
 *(.ccmram*)
                0x10000000                        . = ALIGN (0x4)
                0x10000000                        _eccmram = .
                0x10000000                        . = ALIGN (0x4)

.bss            0x2000009c      0xbcc
                0x2000009c                        _sbss = .
                0x2000009c                        __bss_start__ = _sbss
 *(.bss)
 .bss           0x2000009c       0x1c C:/ST/STM32CubeIDE_1.16.1/STM32CubeIDE/plugins/com.st.stm32cube.ide.mcu.externaltools.gnu-tools-for-stm32.12.3.rel1.win32_1.0.200.202406191623/tools/bin/../lib/gcc/arm-none-eabi/12.3.1/thumb/v7e-m+fp/hard/crtbegin.o
 *(.bss*)
 .bss.hadc1     0x200000b8       0x50 ./Core/Src/adc.o
                0x200000b8                hadc1
 .bss.hadc2     0x20000108       0x50 ./Core/Src/adc.o
                0x20000108                hadc2
 .bss.hdma_adc1
                0x20000158       0x44 ./Core/Src/adc.o
                0x20000158                hdma_adc1
 .bss.hdma_adc2
                0x2000019c       0x44 ./Core/Src/adc.o
                0x2000019c                hdma_adc2
 .bss.HAL_RCC_ADC12_CLK_ENABLED
                0x200001e0        0x4 ./Core/Src/adc.o
 .bss.hcan      0x200001e4       0x28 ./Core/Src/can.o
                0x200001e4                hcan
 .bss.pcbCells  0x2000020c      0xa0c ./Core/Src/main.o
                0x2000020c                pcbCells
 .bss.htim3     0x20000c18       0x4c ./Core/Src/tim.o
                0x20000c18                htim3
 .bss.uwTick    0x20000c64        0x4 ./Drivers/STM32F3xx_HAL_Driver/Src/stm32f3xx_hal.o
                0x20000c64                uwTick
 *(COMMON)
                0x20000c68                        . = ALIGN (0x4)
                0x20000c68                        _ebss = .
                0x20000c68                        __bss_end__ = _ebss

._user_heap_stack
                0x20000c68      0x600
                0x20000c68                        . = ALIGN (0x8)
                [!provide]                        PROVIDE (end = .)
                0x20000c68                        PROVIDE (_end = .)
                0x20000e68                        . = (. + _Min_Heap_Size)
 *fill*         0x20000c68      0x200 
                0x20001268                        . = (. + _Min_Stack_Size)
 *fill*         0x20000e68      0x400 
                0x20001268                        . = ALIGN (0x8)

/DISCARD/
 libc.a(*)
 libm.a(*)
 libgcc.a(*)

.ARM.attributes
                0x00000000       0x30
 *(.ARM.attributes)
 .ARM.attributes
                0x00000000       0x22 C:/ST/STM32CubeIDE_1.16.1/STM32CubeIDE/plugins/com.st.stm32cube.ide.mcu.externaltools.gnu-tools-for-stm32.12.3.rel1.win32_1.0.200.202406191623/tools/bin/../lib/gcc/arm-none-eabi/12.3.1/thumb/v7e-m+fp/hard/crti.o
 .ARM.attributes
                0x00000022       0x34 C:/ST/STM32CubeIDE_1.16.1/STM32CubeIDE/plugins/com.st.stm32cube.ide.mcu.externaltools.gnu-tools-for-stm32.12.3.rel1.win32_1.0.200.202406191623/tools/bin/../lib/gcc/arm-none-eabi/12.3.1/thumb/v7e-m+fp/hard/crtbegin.o
 .ARM.attributes
                0x00000056       0x34 ./Core/Src/adc.o
 .ARM.attributes
                0x0000008a       0x34 ./Core/Src/can.o
 .ARM.attributes
                0x000000be       0x34 ./Core/Src/dma.o
 .ARM.attributes
                0x000000f2       0x34 ./Core/Src/gpio.o
 .ARM.attributes
                0x00000126       0x34 ./Core/Src/main.o
 .ARM.attributes
                0x0000015a       0x34 ./Core/Src/stm32f3xx_hal_msp.o
 .ARM.attributes
                0x0000018e       0x34 ./Core/Src/stm32f3xx_it.o
 .ARM.attributes
                0x000001c2       0x34 ./Core/Src/system_stm32f3xx.o
 .ARM.attributes
                0x000001f6       0x34 ./Core/Src/tim.o
 .ARM.attributes
                0x0000022a       0x21 ./Core/Startup/startup_stm32f303k8tx.o
 .ARM.attributes
                0x0000024b       0x34 ./Drivers/STM32F3xx_HAL_Driver/Src/stm32f3xx_hal.o
 .ARM.attributes
                0x0000027f       0x34 ./Drivers/STM32F3xx_HAL_Driver/Src/stm32f3xx_hal_adc.o
 .ARM.attributes
                0x000002b3       0x34 ./Drivers/STM32F3xx_HAL_Driver/Src/stm32f3xx_hal_adc_ex.o
 .ARM.attributes
                0x000002e7       0x34 ./Drivers/STM32F3xx_HAL_Driver/Src/stm32f3xx_hal_can.o
 .ARM.attributes
                0x0000031b       0x34 ./Drivers/STM32F3xx_HAL_Driver/Src/stm32f3xx_hal_cortex.o
 .ARM.attributes
                0x0000034f       0x34 ./Drivers/STM32F3xx_HAL_Driver/Src/stm32f3xx_hal_dma.o
 .ARM.attributes
                0x00000383       0x34 ./Drivers/STM32F3xx_HAL_Driver/Src/stm32f3xx_hal_gpio.o
 .ARM.attributes
                0x000003b7       0x34 ./Drivers/STM32F3xx_HAL_Driver/Src/stm32f3xx_hal_rcc.o
 .ARM.attributes
                0x000003eb       0x34 ./Drivers/STM32F3xx_HAL_Driver/Src/stm32f3xx_hal_rcc_ex.o
 .ARM.attributes
                0x0000041f       0x34 ./Drivers/STM32F3xx_HAL_Driver/Src/stm32f3xx_hal_tim.o
 .ARM.attributes
                0x00000453       0x34 ./Drivers/STM32F3xx_HAL_Driver/Src/stm32f3xx_hal_tim_ex.o
 .ARM.attributes
                0x00000487       0x34 ./EKO_Drivers/ADC/Src/adc_driver.o
 .ARM.attributes
                0x000004bb       0x34 ./EKO_Drivers/CAN/Src/can_driver.o
 .ARM.attributes
                0x000004ef       0x34 ./PCBCells_driver/ADC/Src/pcb_cells_adc.o
 .ARM.attributes
                0x00000523       0x34 ./PCBCells_driver/CAN/Src/pcb_cells_can.o
 .ARM.attributes
                0x00000557       0x34 ./PCBCells_driver/PCB_Cells/Src/pcb_cells.o
 .ARM.attributes
                0x0000058b       0x34 C:/ST/STM32CubeIDE_1.16.1/STM32CubeIDE/plugins/com.st.stm32cube.ide.mcu.externaltools.gnu-tools-for-stm32.12.3.rel1.win32_1.0.200.202406191623/tools/bin/../lib/gcc/arm-none-eabi/12.3.1/../../../../arm-none-eabi/lib/thumb/v7e-m+fp/hard\libc_nano.a(libc_a-memset.o)
 .ARM.attributes
                0x000005bf       0x34 C:/ST/STM32CubeIDE_1.16.1/STM32CubeIDE/plugins/com.st.stm32cube.ide.mcu.externaltools.gnu-tools-for-stm32.12.3.rel1.win32_1.0.200.202406191623/tools/bin/../lib/gcc/arm-none-eabi/12.3.1/../../../../arm-none-eabi/lib/thumb/v7e-m+fp/hard\libc_nano.a(libc_a-init.o)
 .ARM.attributes
                0x000005f3       0x34 C:/ST/STM32CubeIDE_1.16.1/STM32CubeIDE/plugins/com.st.stm32cube.ide.mcu.externaltools.gnu-tools-for-stm32.12.3.rel1.win32_1.0.200.202406191623/tools/bin/../lib/gcc/arm-none-eabi/12.3.1/../../../../arm-none-eabi/lib/thumb/v7e-m+fp/hard\libc_nano.a(libc_a-memcpy-stub.o)
 .ARM.attributes
                0x00000627       0x22 C:/ST/STM32CubeIDE_1.16.1/STM32CubeIDE/plugins/com.st.stm32cube.ide.mcu.externaltools.gnu-tools-for-stm32.12.3.rel1.win32_1.0.200.202406191623/tools/bin/../lib/gcc/arm-none-eabi/12.3.1/thumb/v7e-m+fp/hard\libgcc.a(_aeabi_uldivmod.o)
 .ARM.attributes
                0x00000649       0x34 C:/ST/STM32CubeIDE_1.16.1/STM32CubeIDE/plugins/com.st.stm32cube.ide.mcu.externaltools.gnu-tools-for-stm32.12.3.rel1.win32_1.0.200.202406191623/tools/bin/../lib/gcc/arm-none-eabi/12.3.1/thumb/v7e-m+fp/hard\libgcc.a(_udivmoddi4.o)
 .ARM.attributes
                0x0000067d       0x22 C:/ST/STM32CubeIDE_1.16.1/STM32CubeIDE/plugins/com.st.stm32cube.ide.mcu.externaltools.gnu-tools-for-stm32.12.3.rel1.win32_1.0.200.202406191623/tools/bin/../lib/gcc/arm-none-eabi/12.3.1/thumb/v7e-m+fp/hard\libgcc.a(_dvmd_tls.o)
 .ARM.attributes
                0x0000069f       0x22 C:/ST/STM32CubeIDE_1.16.1/STM32CubeIDE/plugins/com.st.stm32cube.ide.mcu.externaltools.gnu-tools-for-stm32.12.3.rel1.win32_1.0.200.202406191623/tools/bin/../lib/gcc/arm-none-eabi/12.3.1/thumb/v7e-m+fp/hard/crtn.o
OUTPUT(PCB_Cells.elf elf32-littlearm)
LOAD linker stubs
LOAD C:/ST/STM32CubeIDE_1.16.1/STM32CubeIDE/plugins/com.st.stm32cube.ide.mcu.externaltools.gnu-tools-for-stm32.12.3.rel1.win32_1.0.200.202406191623/tools/bin/../lib/gcc/arm-none-eabi/12.3.1/../../../../arm-none-eabi/lib/thumb/v7e-m+fp/hard\libc.a
LOAD C:/ST/STM32CubeIDE_1.16.1/STM32CubeIDE/plugins/com.st.stm32cube.ide.mcu.externaltools.gnu-tools-for-stm32.12.3.rel1.win32_1.0.200.202406191623/tools/bin/../lib/gcc/arm-none-eabi/12.3.1/../../../../arm-none-eabi/lib/thumb/v7e-m+fp/hard\libm.a
LOAD C:/ST/STM32CubeIDE_1.16.1/STM32CubeIDE/plugins/com.st.stm32cube.ide.mcu.externaltools.gnu-tools-for-stm32.12.3.rel1.win32_1.0.200.202406191623/tools/bin/../lib/gcc/arm-none-eabi/12.3.1/thumb/v7e-m+fp/hard\libgcc.a

.debug_info     0x00000000    0x13eca
 .debug_info    0x00000000      0xcee ./Core/Src/adc.o
 .debug_info    0x00000cee      0x74d ./Core/Src/can.o
 .debug_info    0x0000143b      0x2f3 ./Core/Src/dma.o
 .debug_info    0x0000172e      0x305 ./Core/Src/gpio.o
 .debug_info    0x00001a33     0x1467 ./Core/Src/main.o
 .debug_info    0x00002e9a      0x18d ./Core/Src/stm32f3xx_hal_msp.o
 .debug_info    0x00003027      0x75c ./Core/Src/stm32f3xx_it.o
 .debug_info    0x00003783      0x407 ./Core/Src/system_stm32f3xx.o
 .debug_info    0x00003b8a      0xa78 ./Core/Src/tim.o
 .debug_info    0x00004602       0x30 ./Core/Startup/startup_stm32f303k8tx.o
 .debug_info    0x00004632      0x74a ./Drivers/STM32F3xx_HAL_Driver/Src/stm32f3xx_hal.o
 .debug_info    0x00004d7c      0xb32 ./Drivers/STM32F3xx_HAL_Driver/Src/stm32f3xx_hal_adc.o
 .debug_info    0x000058ae     0x15b2 ./Drivers/STM32F3xx_HAL_Driver/Src/stm32f3xx_hal_adc_ex.o
 .debug_info    0x00006e60      0xf02 ./Drivers/STM32F3xx_HAL_Driver/Src/stm32f3xx_hal_can.o
 .debug_info    0x00007d62      0xa87 ./Drivers/STM32F3xx_HAL_Driver/Src/stm32f3xx_hal_cortex.o
 .debug_info    0x000087e9      0x6e1 ./Drivers/STM32F3xx_HAL_Driver/Src/stm32f3xx_hal_dma.o
 .debug_info    0x00008eca      0x6a6 ./Drivers/STM32F3xx_HAL_Driver/Src/stm32f3xx_hal_gpio.o
 .debug_info    0x00009570     0x148a ./Drivers/STM32F3xx_HAL_Driver/Src/stm32f3xx_hal_rcc.o
 .debug_info    0x0000a9fa      0x52e ./Drivers/STM32F3xx_HAL_Driver/Src/stm32f3xx_hal_rcc_ex.o
 .debug_info    0x0000af28     0x2a70 ./Drivers/STM32F3xx_HAL_Driver/Src/stm32f3xx_hal_tim.o
 .debug_info    0x0000d998     0x156d ./Drivers/STM32F3xx_HAL_Driver/Src/stm32f3xx_hal_tim_ex.o
 .debug_info    0x0000ef05      0xc1e ./EKO_Drivers/ADC/Src/adc_driver.o
 .debug_info    0x0000fb23      0x94f ./EKO_Drivers/CAN/Src/can_driver.o
 .debug_info    0x00010472     0x141e ./PCBCells_driver/ADC/Src/pcb_cells_adc.o
 .debug_info    0x00011890     0x117f ./PCBCells_driver/CAN/Src/pcb_cells_can.o
 .debug_info    0x00012a0f     0x14bb ./PCBCells_driver/PCB_Cells/Src/pcb_cells.o

.debug_abbrev   0x00000000     0x3452
 .debug_abbrev  0x00000000      0x261 ./Core/Src/adc.o
 .debug_abbrev  0x00000261      0x201 ./Core/Src/can.o
 .debug_abbrev  0x00000462       0xfc ./Core/Src/dma.o
 .debug_abbrev  0x0000055e      0x151 ./Core/Src/gpio.o
 .debug_abbrev  0x000006af      0x2a7 ./Core/Src/main.o
 .debug_abbrev  0x00000956       0xc6 ./Core/Src/stm32f3xx_hal_msp.o
 .debug_abbrev  0x00000a1c      0x1a6 ./Core/Src/stm32f3xx_it.o
 .debug_abbrev  0x00000bc2      0x11a ./Core/Src/system_stm32f3xx.o
 .debug_abbrev  0x00000cdc      0x218 ./Core/Src/tim.o
 .debug_abbrev  0x00000ef4       0x24 ./Core/Startup/startup_stm32f303k8tx.o
 .debug_abbrev  0x00000f18      0x215 ./Drivers/STM32F3xx_HAL_Driver/Src/stm32f3xx_hal.o
 .debug_abbrev  0x0000112d      0x186 ./Drivers/STM32F3xx_HAL_Driver/Src/stm32f3xx_hal_adc.o
 .debug_abbrev  0x000012b3      0x28e ./Drivers/STM32F3xx_HAL_Driver/Src/stm32f3xx_hal_adc_ex.o
 .debug_abbrev  0x00001541      0x1fc ./Drivers/STM32F3xx_HAL_Driver/Src/stm32f3xx_hal_can.o
 .debug_abbrev  0x0000173d      0x2f8 ./Drivers/STM32F3xx_HAL_Driver/Src/stm32f3xx_hal_cortex.o
 .debug_abbrev  0x00001a35      0x20d ./Drivers/STM32F3xx_HAL_Driver/Src/stm32f3xx_hal_dma.o
 .debug_abbrev  0x00001c42      0x1ca ./Drivers/STM32F3xx_HAL_Driver/Src/stm32f3xx_hal_gpio.o
 .debug_abbrev  0x00001e0c      0x300 ./Drivers/STM32F3xx_HAL_Driver/Src/stm32f3xx_hal_rcc.o
 .debug_abbrev  0x0000210c      0x221 ./Drivers/STM32F3xx_HAL_Driver/Src/stm32f3xx_hal_rcc_ex.o
 .debug_abbrev  0x0000232d      0x278 ./Drivers/STM32F3xx_HAL_Driver/Src/stm32f3xx_hal_tim.o
 .debug_abbrev  0x000025a5      0x283 ./Drivers/STM32F3xx_HAL_Driver/Src/stm32f3xx_hal_tim_ex.o
 .debug_abbrev  0x00002828      0x2ea ./EKO_Drivers/ADC/Src/adc_driver.o
 .debug_abbrev  0x00002b12      0x203 ./EKO_Drivers/CAN/Src/can_driver.o
 .debug_abbrev  0x00002d15      0x29c ./PCBCells_driver/ADC/Src/pcb_cells_adc.o
 .debug_abbrev  0x00002fb1      0x1f6 ./PCBCells_driver/CAN/Src/pcb_cells_can.o
 .debug_abbrev  0x000031a7      0x2ab ./PCBCells_driver/PCB_Cells/Src/pcb_cells.o

.debug_aranges  0x00000000      0xf88
 .debug_aranges
                0x00000000       0x38 ./Core/Src/adc.o
 .debug_aranges
                0x00000038       0x30 ./Core/Src/can.o
 .debug_aranges
                0x00000068       0x20 ./Core/Src/dma.o
 .debug_aranges
                0x00000088       0x20 ./Core/Src/gpio.o
 .debug_aranges
                0x000000a8       0x30 ./Core/Src/main.o
 .debug_aranges
                0x000000d8       0x20 ./Core/Src/stm32f3xx_hal_msp.o
 .debug_aranges
                0x000000f8       0x78 ./Core/Src/stm32f3xx_it.o
 .debug_aranges
                0x00000170       0x28 ./Core/Src/system_stm32f3xx.o
 .debug_aranges
                0x00000198       0x38 ./Core/Src/tim.o
 .debug_aranges
                0x000001d0       0x28 ./Core/Startup/startup_stm32f303k8tx.o
 .debug_aranges
                0x000001f8       0xe0 ./Drivers/STM32F3xx_HAL_Driver/Src/stm32f3xx_hal.o
 .debug_aranges
                0x000002d8       0xc8 ./Drivers/STM32F3xx_HAL_Driver/Src/stm32f3xx_hal_adc.o
 .debug_aranges
                0x000003a0      0x168 ./Drivers/STM32F3xx_HAL_Driver/Src/stm32f3xx_hal_adc_ex.o
 .debug_aranges
                0x00000508      0x138 ./Drivers/STM32F3xx_HAL_Driver/Src/stm32f3xx_hal_can.o
 .debug_aranges
                0x00000640      0x100 ./Drivers/STM32F3xx_HAL_Driver/Src/stm32f3xx_hal_cortex.o
 .debug_aranges
                0x00000740       0x88 ./Drivers/STM32F3xx_HAL_Driver/Src/stm32f3xx_hal_dma.o
 .debug_aranges
                0x000007c8       0x58 ./Drivers/STM32F3xx_HAL_Driver/Src/stm32f3xx_hal_gpio.o
 .debug_aranges
                0x00000820       0x88 ./Drivers/STM32F3xx_HAL_Driver/Src/stm32f3xx_hal_rcc.o
 .debug_aranges
                0x000008a8       0x38 ./Drivers/STM32F3xx_HAL_Driver/Src/stm32f3xx_hal_rcc_ex.o
 .debug_aranges
                0x000008e0      0x3e0 ./Drivers/STM32F3xx_HAL_Driver/Src/stm32f3xx_hal_tim.o
 .debug_aranges
                0x00000cc0      0x178 ./Drivers/STM32F3xx_HAL_Driver/Src/stm32f3xx_hal_tim_ex.o
 .debug_aranges
                0x00000e38       0x58 ./EKO_Drivers/ADC/Src/adc_driver.o
 .debug_aranges
                0x00000e90       0x40 ./EKO_Drivers/CAN/Src/can_driver.o
 .debug_aranges
                0x00000ed0       0x48 ./PCBCells_driver/ADC/Src/pcb_cells_adc.o
 .debug_aranges
                0x00000f18       0x20 ./PCBCells_driver/CAN/Src/pcb_cells_can.o
 .debug_aranges
                0x00000f38       0x50 ./PCBCells_driver/PCB_Cells/Src/pcb_cells.o

.debug_rnglists
                0x00000000      0xbd2
 .debug_rnglists
                0x00000000       0x29 ./Core/Src/adc.o
 .debug_rnglists
                0x00000029       0x20 ./Core/Src/can.o
 .debug_rnglists
                0x00000049       0x13 ./Core/Src/dma.o
 .debug_rnglists
                0x0000005c       0x14 ./Core/Src/gpio.o
 .debug_rnglists
                0x00000070       0x21 ./Core/Src/main.o
 .debug_rnglists
                0x00000091       0x13 ./Core/Src/stm32f3xx_hal_msp.o
 .debug_rnglists
                0x000000a4       0x55 ./Core/Src/stm32f3xx_it.o
 .debug_rnglists
                0x000000f9       0x1a ./Core/Src/system_stm32f3xx.o
 .debug_rnglists
                0x00000113       0x26 ./Core/Src/tim.o
 .debug_rnglists
                0x00000139       0x19 ./Core/Startup/startup_stm32f303k8tx.o
 .debug_rnglists
                0x00000152       0xa3 ./Drivers/STM32F3xx_HAL_Driver/Src/stm32f3xx_hal.o
 .debug_rnglists
                0x000001f5       0x91 ./Drivers/STM32F3xx_HAL_Driver/Src/stm32f3xx_hal_adc.o
 .debug_rnglists
                0x00000286      0x126 ./Drivers/STM32F3xx_HAL_Driver/Src/stm32f3xx_hal_adc_ex.o
 .debug_rnglists
                0x000003ac       0xee ./Drivers/STM32F3xx_HAL_Driver/Src/stm32f3xx_hal_can.o
 .debug_rnglists
                0x0000049a       0xbb ./Drivers/STM32F3xx_HAL_Driver/Src/stm32f3xx_hal_cortex.o
 .debug_rnglists
                0x00000555       0x69 ./Drivers/STM32F3xx_HAL_Driver/Src/stm32f3xx_hal_dma.o
 .debug_rnglists
                0x000005be       0x3f ./Drivers/STM32F3xx_HAL_Driver/Src/stm32f3xx_hal_gpio.o
 .debug_rnglists
                0x000005fd       0x66 ./Drivers/STM32F3xx_HAL_Driver/Src/stm32f3xx_hal_rcc.o
 .debug_rnglists
                0x00000663       0x27 ./Drivers/STM32F3xx_HAL_Driver/Src/stm32f3xx_hal_rcc_ex.o
 .debug_rnglists
                0x0000068a      0x328 ./Drivers/STM32F3xx_HAL_Driver/Src/stm32f3xx_hal_tim.o
 .debug_rnglists
                0x000009b2      0x131 ./Drivers/STM32F3xx_HAL_Driver/Src/stm32f3xx_hal_tim_ex.o
 .debug_rnglists
                0x00000ae3       0x42 ./EKO_Drivers/ADC/Src/adc_driver.o
 .debug_rnglists
                0x00000b25       0x2e ./EKO_Drivers/CAN/Src/can_driver.o
 .debug_rnglists
                0x00000b53       0x33 ./PCBCells_driver/ADC/Src/pcb_cells_adc.o
 .debug_rnglists
                0x00000b86       0x13 ./PCBCells_driver/CAN/Src/pcb_cells_can.o
 .debug_rnglists
                0x00000b99       0x39 ./PCBCells_driver/PCB_Cells/Src/pcb_cells.o

.debug_macro    0x00000000    0x1da72
 .debug_macro   0x00000000      0x1ed ./Core/Src/adc.o
 .debug_macro   0x000001ed      0xab4 ./Core/Src/adc.o
 .debug_macro   0x00000ca1      0x15d ./Core/Src/adc.o
 .debug_macro   0x00000dfe       0x2e ./Core/Src/adc.o
 .debug_macro   0x00000e2c       0x28 ./Core/Src/adc.o
 .debug_macro   0x00000e54       0x22 ./Core/Src/adc.o
 .debug_macro   0x00000e76       0x8e ./Core/Src/adc.o
 .debug_macro   0x00000f04       0x51 ./Core/Src/adc.o
 .debug_macro   0x00000f55      0x103 ./Core/Src/adc.o
 .debug_macro   0x00001058       0x6a ./Core/Src/adc.o
 .debug_macro   0x000010c2      0x1df ./Core/Src/adc.o
 .debug_macro   0x000012a1       0x1c ./Core/Src/adc.o
 .debug_macro   0x000012bd       0x22 ./Core/Src/adc.o
 .debug_macro   0x000012df       0xd9 ./Core/Src/adc.o
 .debug_macro   0x000013b8      0xf07 ./Core/Src/adc.o
 .debug_macro   0x000022bf    0x10be0 ./Core/Src/adc.o
 .debug_macro   0x00012e9f       0x6d ./Core/Src/adc.o
 .debug_macro   0x00012f0c     0x3574 ./Core/Src/adc.o
 .debug_macro   0x00016480      0x189 ./Core/Src/adc.o
 .debug_macro   0x00016609       0x55 ./Core/Src/adc.o
 .debug_macro   0x0001665e      0x8f8 ./Core/Src/adc.o
 .debug_macro   0x00016f56      0x304 ./Core/Src/adc.o
 .debug_macro   0x0001725a      0x1b5 ./Core/Src/adc.o
 .debug_macro   0x0001740f      0x11b ./Core/Src/adc.o
 .debug_macro   0x0001752a      0x1d5 ./Core/Src/adc.o
 .debug_macro   0x000176ff      0x1bc ./Core/Src/adc.o
 .debug_macro   0x000178bb       0x34 ./Core/Src/adc.o
 .debug_macro   0x000178ef       0x3c ./Core/Src/adc.o
 .debug_macro   0x0001792b       0x57 ./Core/Src/adc.o
 .debug_macro   0x00017982      0x87d ./Core/Src/adc.o
 .debug_macro   0x000181ff       0x77 ./Core/Src/adc.o
 .debug_macro   0x00018276      0x408 ./Core/Src/adc.o
 .debug_macro   0x0001867e       0xc5 ./Core/Src/adc.o
 .debug_macro   0x00018743      0x19f ./Core/Src/adc.o
 .debug_macro   0x000188e2      0x22c ./Core/Src/adc.o
 .debug_macro   0x00018b0e       0x5b ./Core/Src/adc.o
 .debug_macro   0x00018b69       0xa5 ./Core/Src/adc.o
 .debug_macro   0x00018c0e       0x81 ./Core/Src/adc.o
 .debug_macro   0x00018c8f       0xd3 ./Core/Src/adc.o
 .debug_macro   0x00018d62      0xa60 ./Core/Src/adc.o
 .debug_macro   0x000197c2       0x59 ./Core/Src/adc.o
 .debug_macro   0x0001981b      0x285 ./Core/Src/adc.o
 .debug_macro   0x00019aa0       0x40 ./Core/Src/adc.o
 .debug_macro   0x00019ae0      0x1ed ./Core/Src/can.o
 .debug_macro   0x00019ccd      0x1ed ./Core/Src/dma.o
 .debug_macro   0x00019eba      0x1ed ./Core/Src/gpio.o
 .debug_macro   0x0001a0a7      0x368 ./Core/Src/main.o
 .debug_macro   0x0001a40f       0x61 ./Core/Src/main.o
 .debug_macro   0x0001a470       0x2a ./Core/Src/main.o
 .debug_macro   0x0001a49a       0x43 ./Core/Src/main.o
 .debug_macro   0x0001a4dd       0x34 ./Core/Src/main.o
 .debug_macro   0x0001a511       0x16 ./Core/Src/main.o
 .debug_macro   0x0001a527       0x43 ./Core/Src/main.o
 .debug_macro   0x0001a56a       0x34 ./Core/Src/main.o
 .debug_macro   0x0001a59e       0x10 ./Core/Src/main.o
 .debug_macro   0x0001a5ae       0x58 ./Core/Src/main.o
 .debug_macro   0x0001a606       0x8e ./Core/Src/main.o
 .debug_macro   0x0001a694       0x1c ./Core/Src/main.o
 .debug_macro   0x0001a6b0      0x177 ./Core/Src/main.o
 .debug_macro   0x0001a827      0x369 ./Core/Src/main.o
 .debug_macro   0x0001ab90       0x10 ./Core/Src/main.o
 .debug_macro   0x0001aba0       0x35 ./Core/Src/main.o
 .debug_macro   0x0001abd5       0x20 ./Core/Src/main.o
 .debug_macro   0x0001abf5       0x10 ./Core/Src/main.o
 .debug_macro   0x0001ac05      0x154 ./Core/Src/main.o
 .debug_macro   0x0001ad59       0x22 ./Core/Src/main.o
 .debug_macro   0x0001ad7b       0x1c ./Core/Src/main.o
 .debug_macro   0x0001ad97       0x10 ./Core/Src/main.o
 .debug_macro   0x0001ada7       0x1c ./Core/Src/main.o
 .debug_macro   0x0001adc3       0x16 ./Core/Src/main.o
 .debug_macro   0x0001add9      0x146 ./Core/Src/main.o
 .debug_macro   0x0001af1f       0x10 ./Core/Src/main.o
 .debug_macro   0x0001af2f       0x46 ./Core/Src/main.o
 .debug_macro   0x0001af75      0x1e3 ./Core/Src/stm32f3xx_hal_msp.o
 .debug_macro   0x0001b158      0x1ed ./Core/Src/stm32f3xx_it.o
 .debug_macro   0x0001b345      0x1d4 ./Core/Src/system_stm32f3xx.o
 .debug_macro   0x0001b519      0x1ed ./Core/Src/tim.o
 .debug_macro   0x0001b706      0x1f8 ./Drivers/STM32F3xx_HAL_Driver/Src/stm32f3xx_hal.o
 .debug_macro   0x0001b8fe      0x1d5 ./Drivers/STM32F3xx_HAL_Driver/Src/stm32f3xx_hal_adc.o
 .debug_macro   0x0001bad3      0x1fe ./Drivers/STM32F3xx_HAL_Driver/Src/stm32f3xx_hal_adc_ex.o
 .debug_macro   0x0001bcd1      0x1e3 ./Drivers/STM32F3xx_HAL_Driver/Src/stm32f3xx_hal_can.o
 .debug_macro   0x0001beb4      0x1d4 ./Drivers/STM32F3xx_HAL_Driver/Src/stm32f3xx_hal_cortex.o
 .debug_macro   0x0001c088      0x1d4 ./Drivers/STM32F3xx_HAL_Driver/Src/stm32f3xx_hal_dma.o
 .debug_macro   0x0001c25c      0x1db ./Drivers/STM32F3xx_HAL_Driver/Src/stm32f3xx_hal_gpio.o
 .debug_macro   0x0001c437      0x1f8 ./Drivers/STM32F3xx_HAL_Driver/Src/stm32f3xx_hal_rcc.o
 .debug_macro   0x0001c62f      0x1d4 ./Drivers/STM32F3xx_HAL_Driver/Src/stm32f3xx_hal_rcc_ex.o
 .debug_macro   0x0001c803      0x1d5 ./Drivers/STM32F3xx_HAL_Driver/Src/stm32f3xx_hal_tim.o
 .debug_macro   0x0001c9d8      0x1d4 ./Drivers/STM32F3xx_HAL_Driver/Src/stm32f3xx_hal_tim_ex.o
 .debug_macro   0x0001cbac      0x1fb ./EKO_Drivers/ADC/Src/adc_driver.o
 .debug_macro   0x0001cda7      0x2d3 ./EKO_Drivers/CAN/Src/can_driver.o
 .debug_macro   0x0001d07a       0x16 ./EKO_Drivers/CAN/Src/can_driver.o
 .debug_macro   0x0001d090       0x16 ./EKO_Drivers/CAN/Src/can_driver.o
 .debug_macro   0x0001d0a6      0x337 ./PCBCells_driver/ADC/Src/pcb_cells_adc.o
 .debug_macro   0x0001d3dd       0x16 ./PCBCells_driver/ADC/Src/pcb_cells_adc.o
 .debug_macro   0x0001d3f3      0x337 ./PCBCells_driver/CAN/Src/pcb_cells_can.o
 .debug_macro   0x0001d72a       0x16 ./PCBCells_driver/CAN/Src/pcb_cells_can.o
 .debug_macro   0x0001d740      0x332 ./PCBCells_driver/PCB_Cells/Src/pcb_cells.o

.debug_line     0x00000000    0x164df
 .debug_line    0x00000000      0x9a7 ./Core/Src/adc.o
 .debug_line    0x000009a7      0x7ed ./Core/Src/can.o
 .debug_line    0x00001194      0x77d ./Core/Src/dma.o
 .debug_line    0x00001911      0x797 ./Core/Src/gpio.o
 .debug_line    0x000020a8      0xaa3 ./Core/Src/main.o
 .debug_line    0x00002b4b      0x780 ./Core/Src/stm32f3xx_hal_msp.o
 .debug_line    0x000032cb      0x88b ./Core/Src/stm32f3xx_it.o
 .debug_line    0x00003b56      0x7f9 ./Core/Src/system_stm32f3xx.o
 .debug_line    0x0000434f      0x823 ./Core/Src/tim.o
 .debug_line    0x00004b72       0x7a ./Core/Startup/startup_stm32f303k8tx.o
 .debug_line    0x00004bec      0xa31 ./Drivers/STM32F3xx_HAL_Driver/Src/stm32f3xx_hal.o
 .debug_line    0x0000561d      0x96f ./Drivers/STM32F3xx_HAL_Driver/Src/stm32f3xx_hal_adc.o
 .debug_line    0x00005f8c     0x210f ./Drivers/STM32F3xx_HAL_Driver/Src/stm32f3xx_hal_adc_ex.o
 .debug_line    0x0000809b     0x120b ./Drivers/STM32F3xx_HAL_Driver/Src/stm32f3xx_hal_can.o
 .debug_line    0x000092a6      0xc17 ./Drivers/STM32F3xx_HAL_Driver/Src/stm32f3xx_hal_cortex.o
 .debug_line    0x00009ebd      0xd1b ./Drivers/STM32F3xx_HAL_Driver/Src/stm32f3xx_hal_dma.o
 .debug_line    0x0000abd8      0xb94 ./Drivers/STM32F3xx_HAL_Driver/Src/stm32f3xx_hal_gpio.o
 .debug_line    0x0000b76c     0x13c5 ./Drivers/STM32F3xx_HAL_Driver/Src/stm32f3xx_hal_rcc.o
 .debug_line    0x0000cb31      0xabb ./Drivers/STM32F3xx_HAL_Driver/Src/stm32f3xx_hal_rcc_ex.o
 .debug_line    0x0000d5ec     0x3d0f ./Drivers/STM32F3xx_HAL_Driver/Src/stm32f3xx_hal_tim.o
 .debug_line    0x000112fb     0x1a9d ./Drivers/STM32F3xx_HAL_Driver/Src/stm32f3xx_hal_tim_ex.o
 .debug_line    0x00012d98      0xb1a ./EKO_Drivers/ADC/Src/adc_driver.o
 .debug_line    0x000138b2      0xaf0 ./EKO_Drivers/CAN/Src/can_driver.o
 .debug_line    0x000143a2      0xbb7 ./PCBCells_driver/ADC/Src/pcb_cells_adc.o
 .debug_line    0x00014f59      0xa03 ./PCBCells_driver/CAN/Src/pcb_cells_can.o
 .debug_line    0x0001595c      0xb83 ./PCBCells_driver/PCB_Cells/Src/pcb_cells.o

.debug_str      0x00000000    0xaaf07
 .debug_str     0x00000000    0xa2d83 ./Core/Src/adc.o
                              0xa317c (size before relaxing)
 .debug_str     0x000a2d83      0x26a ./Core/Src/can.o
                              0xa2b9c (size before relaxing)
 .debug_str     0x000a2fed       0x29 ./Core/Src/dma.o
                              0xa2afc (size before relaxing)
 .debug_str     0x000a3016       0x68 ./Core/Src/gpio.o
                              0xa28b4 (size before relaxing)
 .debug_str     0x000a307e     0x4869 ./Core/Src/main.o
                              0xa777e (size before relaxing)
 .debug_str     0x000a78e7       0x2c ./Core/Src/stm32f3xx_hal_msp.o
                              0xa27e9 (size before relaxing)
 .debug_str     0x000a7913      0x121 ./Core/Src/stm32f3xx_it.o
                              0xa2cf1 (size before relaxing)
 .debug_str     0x000a7a34       0xdf ./Core/Src/system_stm32f3xx.o
                              0xa27d5 (size before relaxing)
 .debug_str     0x000a7b13      0x183 ./Core/Src/tim.o
                              0xa2f30 (size before relaxing)
 .debug_str     0x000a7c96       0x44 ./Core/Startup/startup_stm32f303k8tx.o
                                 0x8d (size before relaxing)
 .debug_str     0x000a7cda      0x3a1 ./Drivers/STM32F3xx_HAL_Driver/Src/stm32f3xx_hal.o
                              0xa2ec5 (size before relaxing)
 .debug_str     0x000a807b      0x201 ./Drivers/STM32F3xx_HAL_Driver/Src/stm32f3xx_hal_adc.o
                              0xa2dc2 (size before relaxing)
 .debug_str     0x000a827c      0x6c8 ./Drivers/STM32F3xx_HAL_Driver/Src/stm32f3xx_hal_adc_ex.o
                              0xa34db (size before relaxing)
 .debug_str     0x000a8944      0x557 ./Drivers/STM32F3xx_HAL_Driver/Src/stm32f3xx_hal_can.o
                              0xa2f64 (size before relaxing)
 .debug_str     0x000a8e9b      0x22c ./Drivers/STM32F3xx_HAL_Driver/Src/stm32f3xx_hal_cortex.o
                              0xa2dea (size before relaxing)
 .debug_str     0x000a90c7      0x1ff ./Drivers/STM32F3xx_HAL_Driver/Src/stm32f3xx_hal_dma.o
                              0xa2b1d (size before relaxing)
 .debug_str     0x000a92c6      0x157 ./Drivers/STM32F3xx_HAL_Driver/Src/stm32f3xx_hal_gpio.o
                              0xa29b4 (size before relaxing)
 .debug_str     0x000a941d      0x2c3 ./Drivers/STM32F3xx_HAL_Driver/Src/stm32f3xx_hal_rcc.o
                              0xa2c75 (size before relaxing)
 .debug_str     0x000a96e0       0xbe ./Drivers/STM32F3xx_HAL_Driver/Src/stm32f3xx_hal_rcc_ex.o
                              0xa2974 (size before relaxing)
 .debug_str     0x000a979e      0xe15 ./Drivers/STM32F3xx_HAL_Driver/Src/stm32f3xx_hal_tim.o
                              0xa3c0c (size before relaxing)
 .debug_str     0x000aa5b3      0x4d3 ./Drivers/STM32F3xx_HAL_Driver/Src/stm32f3xx_hal_tim_ex.o
                              0xa3452 (size before relaxing)
 .debug_str     0x000aaa86       0xe7 ./EKO_Drivers/ADC/Src/adc_driver.o
                              0xa366b (size before relaxing)
 .debug_str     0x000aab6d       0xab ./EKO_Drivers/CAN/Src/can_driver.o
                              0xa6477 (size before relaxing)
 .debug_str     0x000aac18      0x1aa ./PCBCells_driver/ADC/Src/pcb_cells_adc.o
                              0xa7643 (size before relaxing)
 .debug_str     0x000aadc2       0xaf ./PCBCells_driver/CAN/Src/pcb_cells_can.o
                              0xa7552 (size before relaxing)
 .debug_str     0x000aae71       0x96 ./PCBCells_driver/PCB_Cells/Src/pcb_cells.o
                              0xa7676 (size before relaxing)

.comment        0x00000000       0x43
 .comment       0x00000000       0x43 ./Core/Src/adc.o
                                 0x44 (size before relaxing)
 .comment       0x00000043       0x44 ./Core/Src/can.o
 .comment       0x00000043       0x44 ./Core/Src/dma.o
 .comment       0x00000043       0x44 ./Core/Src/gpio.o
 .comment       0x00000043       0x44 ./Core/Src/main.o
 .comment       0x00000043       0x44 ./Core/Src/stm32f3xx_hal_msp.o
 .comment       0x00000043       0x44 ./Core/Src/stm32f3xx_it.o
 .comment       0x00000043       0x44 ./Core/Src/system_stm32f3xx.o
 .comment       0x00000043       0x44 ./Core/Src/tim.o
 .comment       0x00000043       0x44 ./Drivers/STM32F3xx_HAL_Driver/Src/stm32f3xx_hal.o
 .comment       0x00000043       0x44 ./Drivers/STM32F3xx_HAL_Driver/Src/stm32f3xx_hal_adc.o
 .comment       0x00000043       0x44 ./Drivers/STM32F3xx_HAL_Driver/Src/stm32f3xx_hal_adc_ex.o
 .comment       0x00000043       0x44 ./Drivers/STM32F3xx_HAL_Driver/Src/stm32f3xx_hal_can.o
 .comment       0x00000043       0x44 ./Drivers/STM32F3xx_HAL_Driver/Src/stm32f3xx_hal_cortex.o
 .comment       0x00000043       0x44 ./Drivers/STM32F3xx_HAL_Driver/Src/stm32f3xx_hal_dma.o
 .comment       0x00000043       0x44 ./Drivers/STM32F3xx_HAL_Driver/Src/stm32f3xx_hal_gpio.o
 .comment       0x00000043       0x44 ./Drivers/STM32F3xx_HAL_Driver/Src/stm32f3xx_hal_rcc.o
 .comment       0x00000043       0x44 ./Drivers/STM32F3xx_HAL_Driver/Src/stm32f3xx_hal_rcc_ex.o
 .comment       0x00000043       0x44 ./Drivers/STM32F3xx_HAL_Driver/Src/stm32f3xx_hal_tim.o
 .comment       0x00000043       0x44 ./Drivers/STM32F3xx_HAL_Driver/Src/stm32f3xx_hal_tim_ex.o
 .comment       0x00000043       0x44 ./EKO_Drivers/ADC/Src/adc_driver.o
 .comment       0x00000043       0x44 ./EKO_Drivers/CAN/Src/can_driver.o
 .comment       0x00000043       0x44 ./PCBCells_driver/ADC/Src/pcb_cells_adc.o
 .comment       0x00000043       0x44 ./PCBCells_driver/CAN/Src/pcb_cells_can.o
 .comment       0x00000043       0x44 ./PCBCells_driver/PCB_Cells/Src/pcb_cells.o

.debug_frame    0x00000000     0x3f4c
 .debug_frame   0x00000000       0xa0 ./Core/Src/adc.o
 .debug_frame   0x000000a0       0x74 ./Core/Src/can.o
 .debug_frame   0x00000114       0x34 ./Core/Src/dma.o
 .debug_frame   0x00000148       0x34 ./Core/Src/gpio.o
 .debug_frame   0x0000017c       0x68 ./Core/Src/main.o
 .debug_frame   0x000001e4       0x38 ./Core/Src/stm32f3xx_hal_msp.o
 .debug_frame   0x0000021c      0x158 ./Core/Src/stm32f3xx_it.o
 .debug_frame   0x00000374       0x58 ./Core/Src/system_stm32f3xx.o
 .debug_frame   0x000003cc       0xa8 ./Core/Src/tim.o
 .debug_frame   0x00000474      0x334 ./Drivers/STM32F3xx_HAL_Driver/Src/stm32f3xx_hal.o
 .debug_frame   0x000007a8      0x380 ./Drivers/STM32F3xx_HAL_Driver/Src/stm32f3xx_hal_adc.o
 .debug_frame   0x00000b28      0x638 ./Drivers/STM32F3xx_HAL_Driver/Src/stm32f3xx_hal_adc_ex.o
 .debug_frame   0x00001160      0x5a0 ./Drivers/STM32F3xx_HAL_Driver/Src/stm32f3xx_hal_can.o
 .debug_frame   0x00001700      0x428 ./Drivers/STM32F3xx_HAL_Driver/Src/stm32f3xx_hal_cortex.o
 .debug_frame   0x00001b28      0x224 ./Drivers/STM32F3xx_HAL_Driver/Src/stm32f3xx_hal_dma.o
 .debug_frame   0x00001d4c      0x14c ./Drivers/STM32F3xx_HAL_Driver/Src/stm32f3xx_hal_gpio.o
 .debug_frame   0x00001e98      0x214 ./Drivers/STM32F3xx_HAL_Driver/Src/stm32f3xx_hal_rcc.o
 .debug_frame   0x000020ac       0xac ./Drivers/STM32F3xx_HAL_Driver/Src/stm32f3xx_hal_rcc_ex.o
 .debug_frame   0x00002158     0x1218 ./Drivers/STM32F3xx_HAL_Driver/Src/stm32f3xx_hal_tim.o
 .debug_frame   0x00003370      0x688 ./Drivers/STM32F3xx_HAL_Driver/Src/stm32f3xx_hal_tim_ex.o
 .debug_frame   0x000039f8      0x14c ./EKO_Drivers/ADC/Src/adc_driver.o
 .debug_frame   0x00003b44       0xec ./EKO_Drivers/CAN/Src/can_driver.o
 .debug_frame   0x00003c30       0xf4 ./PCBCells_driver/ADC/Src/pcb_cells_adc.o
 .debug_frame   0x00003d24       0x38 ./PCBCells_driver/CAN/Src/pcb_cells_can.o
 .debug_frame   0x00003d5c      0x11c ./PCBCells_driver/PCB_Cells/Src/pcb_cells.o
 .debug_frame   0x00003e78       0x20 C:/ST/STM32CubeIDE_1.16.1/STM32CubeIDE/plugins/com.st.stm32cube.ide.mcu.externaltools.gnu-tools-for-stm32.12.3.rel1.win32_1.0.200.202406191623/tools/bin/../lib/gcc/arm-none-eabi/12.3.1/../../../../arm-none-eabi/lib/thumb/v7e-m+fp/hard\libc_nano.a(libc_a-memset.o)
 .debug_frame   0x00003e98       0x2c C:/ST/STM32CubeIDE_1.16.1/STM32CubeIDE/plugins/com.st.stm32cube.ide.mcu.externaltools.gnu-tools-for-stm32.12.3.rel1.win32_1.0.200.202406191623/tools/bin/../lib/gcc/arm-none-eabi/12.3.1/../../../../arm-none-eabi/lib/thumb/v7e-m+fp/hard\libc_nano.a(libc_a-init.o)
 .debug_frame   0x00003ec4       0x28 C:/ST/STM32CubeIDE_1.16.1/STM32CubeIDE/plugins/com.st.stm32cube.ide.mcu.externaltools.gnu-tools-for-stm32.12.3.rel1.win32_1.0.200.202406191623/tools/bin/../lib/gcc/arm-none-eabi/12.3.1/../../../../arm-none-eabi/lib/thumb/v7e-m+fp/hard\libc_nano.a(libc_a-memcpy-stub.o)
 .debug_frame   0x00003eec       0x2c C:/ST/STM32CubeIDE_1.16.1/STM32CubeIDE/plugins/com.st.stm32cube.ide.mcu.externaltools.gnu-tools-for-stm32.12.3.rel1.win32_1.0.200.202406191623/tools/bin/../lib/gcc/arm-none-eabi/12.3.1/thumb/v7e-m+fp/hard\libgcc.a(_aeabi_uldivmod.o)
 .debug_frame   0x00003f18       0x34 C:/ST/STM32CubeIDE_1.16.1/STM32CubeIDE/plugins/com.st.stm32cube.ide.mcu.externaltools.gnu-tools-for-stm32.12.3.rel1.win32_1.0.200.202406191623/tools/bin/../lib/gcc/arm-none-eabi/12.3.1/thumb/v7e-m+fp/hard\libgcc.a(_udivmoddi4.o)

.debug_line_str
                0x00000000       0x71
 .debug_line_str
                0x00000000       0x71 ./Core/Startup/startup_stm32f303k8tx.o
