Archive member included to satisfy reference by file (symbol)

C:/ST/STM32CubeIDE_1.16.1/STM32CubeIDE/plugins/com.st.stm32cube.ide.mcu.externaltools.gnu-tools-for-stm32.12.3.rel1.win32_1.0.200.202406191623/tools/bin/../lib/gcc/arm-none-eabi/12.3.1/../../../../arm-none-eabi/lib/thumb/v7e-m+fp/hard\libc_nano.a(libc_a-exit.o)
                              C:/ST/STM32CubeIDE_1.16.1/STM32CubeIDE/plugins/com.st.stm32cube.ide.mcu.externaltools.gnu-tools-for-stm32.12.3.rel1.win32_1.0.200.202406191623/tools/bin/../lib/gcc/arm-none-eabi/12.3.1/../../../../arm-none-eabi/lib/thumb/v7e-m+fp/hard/crt0.o (exit)
C:/ST/STM32CubeIDE_1.16.1/STM32CubeIDE/plugins/com.st.stm32cube.ide.mcu.externaltools.gnu-tools-for-stm32.12.3.rel1.win32_1.0.200.202406191623/tools/bin/../lib/gcc/arm-none-eabi/12.3.1/../../../../arm-none-eabi/lib/thumb/v7e-m+fp/hard\libc_nano.a(libc_a-findfp.o)
                              C:/ST/STM32CubeIDE_1.16.1/STM32CubeIDE/plugins/com.st.stm32cube.ide.mcu.externaltools.gnu-tools-for-stm32.12.3.rel1.win32_1.0.200.202406191623/tools/bin/../lib/gcc/arm-none-eabi/12.3.1/../../../../arm-none-eabi/lib/thumb/v7e-m+fp/hard\libc_nano.a(libc_a-exit.o) (__stdio_exit_handler)
C:/ST/STM32CubeIDE_1.16.1/STM32CubeIDE/plugins/com.st.stm32cube.ide.mcu.externaltools.gnu-tools-for-stm32.12.3.rel1.win32_1.0.200.202406191623/tools/bin/../lib/gcc/arm-none-eabi/12.3.1/../../../../arm-none-eabi/lib/thumb/v7e-m+fp/hard\libc_nano.a(libc_a-fwalk.o)
                              C:/ST/STM32CubeIDE_1.16.1/STM32CubeIDE/plugins/com.st.stm32cube.ide.mcu.externaltools.gnu-tools-for-stm32.12.3.rel1.win32_1.0.200.202406191623/tools/bin/../lib/gcc/arm-none-eabi/12.3.1/../../../../arm-none-eabi/lib/thumb/v7e-m+fp/hard\libc_nano.a(libc_a-findfp.o) (_fwalk_sglue)
C:/ST/STM32CubeIDE_1.16.1/STM32CubeIDE/plugins/com.st.stm32cube.ide.mcu.externaltools.gnu-tools-for-stm32.12.3.rel1.win32_1.0.200.202406191623/tools/bin/../lib/gcc/arm-none-eabi/12.3.1/../../../../arm-none-eabi/lib/thumb/v7e-m+fp/hard\libc_nano.a(libc_a-puts.o)
                              ./EKO_Drivers/CAN/Src/can_driver.o (puts)
C:/ST/STM32CubeIDE_1.16.1/STM32CubeIDE/plugins/com.st.stm32cube.ide.mcu.externaltools.gnu-tools-for-stm32.12.3.rel1.win32_1.0.200.202406191623/tools/bin/../lib/gcc/arm-none-eabi/12.3.1/../../../../arm-none-eabi/lib/thumb/v7e-m+fp/hard\libc_nano.a(libc_a-stdio.o)
                              C:/ST/STM32CubeIDE_1.16.1/STM32CubeIDE/plugins/com.st.stm32cube.ide.mcu.externaltools.gnu-tools-for-stm32.12.3.rel1.win32_1.0.200.202406191623/tools/bin/../lib/gcc/arm-none-eabi/12.3.1/../../../../arm-none-eabi/lib/thumb/v7e-m+fp/hard\libc_nano.a(libc_a-findfp.o) (__sread)
C:/ST/STM32CubeIDE_1.16.1/STM32CubeIDE/plugins/com.st.stm32cube.ide.mcu.externaltools.gnu-tools-for-stm32.12.3.rel1.win32_1.0.200.202406191623/tools/bin/../lib/gcc/arm-none-eabi/12.3.1/../../../../arm-none-eabi/lib/thumb/v7e-m+fp/hard\libc_nano.a(libc_a-wbuf.o)
                              C:/ST/STM32CubeIDE_1.16.1/STM32CubeIDE/plugins/com.st.stm32cube.ide.mcu.externaltools.gnu-tools-for-stm32.12.3.rel1.win32_1.0.200.202406191623/tools/bin/../lib/gcc/arm-none-eabi/12.3.1/../../../../arm-none-eabi/lib/thumb/v7e-m+fp/hard\libc_nano.a(libc_a-puts.o) (__swbuf_r)
C:/ST/STM32CubeIDE_1.16.1/STM32CubeIDE/plugins/com.st.stm32cube.ide.mcu.externaltools.gnu-tools-for-stm32.12.3.rel1.win32_1.0.200.202406191623/tools/bin/../lib/gcc/arm-none-eabi/12.3.1/../../../../arm-none-eabi/lib/thumb/v7e-m+fp/hard\libc_nano.a(libc_a-wsetup.o)
                              C:/ST/STM32CubeIDE_1.16.1/STM32CubeIDE/plugins/com.st.stm32cube.ide.mcu.externaltools.gnu-tools-for-stm32.12.3.rel1.win32_1.0.200.202406191623/tools/bin/../lib/gcc/arm-none-eabi/12.3.1/../../../../arm-none-eabi/lib/thumb/v7e-m+fp/hard\libc_nano.a(libc_a-puts.o) (__swsetup_r)
C:/ST/STM32CubeIDE_1.16.1/STM32CubeIDE/plugins/com.st.stm32cube.ide.mcu.externaltools.gnu-tools-for-stm32.12.3.rel1.win32_1.0.200.202406191623/tools/bin/../lib/gcc/arm-none-eabi/12.3.1/../../../../arm-none-eabi/lib/thumb/v7e-m+fp/hard\libc_nano.a(libc_a-memset.o)
                              C:/ST/STM32CubeIDE_1.16.1/STM32CubeIDE/plugins/com.st.stm32cube.ide.mcu.externaltools.gnu-tools-for-stm32.12.3.rel1.win32_1.0.200.202406191623/tools/bin/../lib/gcc/arm-none-eabi/12.3.1/../../../../arm-none-eabi/lib/thumb/v7e-m+fp/hard/crt0.o (memset)
C:/ST/STM32CubeIDE_1.16.1/STM32CubeIDE/plugins/com.st.stm32cube.ide.mcu.externaltools.gnu-tools-for-stm32.12.3.rel1.win32_1.0.200.202406191623/tools/bin/../lib/gcc/arm-none-eabi/12.3.1/../../../../arm-none-eabi/lib/thumb/v7e-m+fp/hard\libc_nano.a(libc_a-closer.o)
                              C:/ST/STM32CubeIDE_1.16.1/STM32CubeIDE/plugins/com.st.stm32cube.ide.mcu.externaltools.gnu-tools-for-stm32.12.3.rel1.win32_1.0.200.202406191623/tools/bin/../lib/gcc/arm-none-eabi/12.3.1/../../../../arm-none-eabi/lib/thumb/v7e-m+fp/hard\libc_nano.a(libc_a-stdio.o) (_close_r)
[...]
Memory Configuration

Name             Origin             Length             Attributes
CCMRAM           0x10000000         0x00001000         xrw
RAM              0x20000000         0x00003000         xrw
FLASH            0x08000000         0x00010000         xr
*default*        0x00000000         0xffffffff

Linker script and memory map

LOAD C:/ST/STM32CubeIDE_1.16.1/STM32CubeIDE/plugins/com.st.stm32cube.ide.mcu.externaltools.gnu-tools-for-stm32.12.3.rel1.win32_1.0.200.202406191623/tools/bin/../lib/gcc/arm-none-eabi/12.3.1/thumb/v7e-m+fp/hard/crti.o
LOAD C:/ST/STM32CubeIDE_1.16.1/STM32CubeIDE/plugins/com.st.stm32cube.ide.mcu.externaltools.gnu-tools-for-stm32.12.3.rel1.win32_1.0.200.202406191623/tools/bin/../lib/gcc/arm-none-eabi/12.3.1/thumb/v7e-m+fp/hard/crtbegin.o
LOAD C:/ST/STM32CubeIDE_1.16.1/STM32CubeIDE/plugins/com.st.stm32cube.ide.mcu.externaltools.gnu-tools-for-stm32.12.3.rel1.win32_1.0.200.202406191623/tools/bin/../lib/gcc/arm-none-eabi/12.3.1/../../../../arm-none-eabi/lib/thumb/v7e-m+fp/hard/crt0.o
LOAD ./Core/Src/adc.o
LOAD ./Core/Src/can.o
LOAD ./Core/Src/dma.o
LOAD ./Core/Src/gpio.o
LOAD ./Core/Src/main.o
LOAD ./Core/Src/stm32f3xx_hal_msp.o
LOAD ./Core/Src/stm32f3xx_it.o
LOAD ./Core/Src/syscalls.o
LOAD ./Core/Src/sysmem.o
LOAD ./Core/Src/system_stm32f3xx.o
LOAD ./Core/Startup/startup_stm32f303k8tx.o
LOAD ./Drivers/STM32F3xx_HAL_Driver/Src/stm32f3xx_hal.o
LOAD ./Drivers/STM32F3xx_HAL_Driver/Src/stm32f3xx_hal_adc.o
LOAD ./Drivers/STM32F3xx_HAL_Driver/Src/stm32f3xx_hal_adc_ex.o
LOAD ./Drivers/STM32F3xx_HAL_Driver/Src/stm32f3xx_hal_can.o
LOAD ./Drivers/STM32F3xx_HAL_Driver/Src/stm32f3xx_hal_cortex.o
LOAD ./Drivers/STM32F3xx_HAL_Driver/Src/stm32f3xx_hal_dma.o
LOAD ./Drivers/STM32F3xx_HAL_Driver/Src/stm32f3xx_hal_exti.o
LOAD ./Drivers/STM32F3xx_HAL_Driver/Src/stm32f3xx_hal_flash.o
LOAD ./Drivers/STM32F3xx_HAL_Driver/Src/stm32f3xx_hal_flash_ex.o
LOAD ./Drivers/STM32F3xx_HAL_Driver/Src/stm32f3xx_hal_gpio.o
LOAD ./Drivers/STM32F3xx_HAL_Driver/Src/stm32f3xx_hal_i2c.o
LOAD ./Drivers/STM32F3xx_HAL_Driver/Src/stm32f3xx_hal_i2c_ex.o
LOAD ./Drivers/STM32F3xx_HAL_Driver/Src/stm32f3xx_hal_pwr.o
LOAD ./Drivers/STM32F3xx_HAL_Driver/Src/stm32f3xx_hal_pwr_ex.o
LOAD ./Drivers/STM32F3xx_HAL_Driver/Src/stm32f3xx_hal_rcc.o
LOAD ./Drivers/STM32F3xx_HAL_Driver/Src/stm32f3xx_hal_rcc_ex.o
LOAD ./Drivers/STM32F3xx_HAL_Driver/Src/stm32f3xx_hal_tim.o
LOAD ./Drivers/STM32F3xx_HAL_Driver/Src/stm32f3xx_hal_tim_ex.o
LOAD ./EKO_Drivers/ADC/Src/adc_driver.o
LOAD ./EKO_Drivers/CAN/Src/can_driver.o
LOAD ./PCBCells_driver/ADC/Src/pcb_cells_adc.o
LOAD ./PCBCells_driver/CAN/Src/pcb_cells_can.o
LOAD ./PCBCells_driver/PCB_Cells/Src/pcb_cells.o
START GROUP
LOAD C:/ST/STM32CubeIDE_1.16.1/STM32CubeIDE/plugins/com.st.stm32cube.ide.mcu.externaltools.gnu-tools-for-stm32.12.3.rel1.win32_1.0.200.202406191623/tools/bin/../lib/gcc/arm-none-eabi/12.3.1/../../../../arm-none-eabi/lib/thumb/v7e-m+fp/hard\libc_nano.a
LOAD C:/ST/STM32CubeIDE_1.16.1/STM32CubeIDE/plugins/com.st.stm32cube.ide.mcu.externaltools.gnu-tools-for-stm32.12.3.rel1.win32_1.0.200.202406191623/tools/bin/../lib/gcc/arm-none-eabi/12.3.1/../../../../arm-none-eabi/lib/thumb/v7e-m+fp/hard\libm.a
END GROUP
START GROUP
LOAD C:/ST/STM32CubeIDE_1.16.1/STM32CubeIDE/plugins/com.st.stm32cube.ide.mcu.externaltools.gnu-tools-for-stm32.12.3.rel1.win32_1.0.200.202406191623/tools/bin/../lib/gcc/arm-none-eabi/12.3.1/thumb/v7e-m+fp/hard\libgcc.a
LOAD C:/ST/STM32CubeIDE_1.16.1/STM32CubeIDE/plugins/com.st.stm32cube.ide.mcu.externaltools.gnu-tools-for-stm32.12.3.rel1.win32_1.0.200.202406191623/tools/bin/../lib/gcc/arm-none-eabi/12.3.1/../../../../arm-none-eabi/lib/thumb/v7e-m+fp/hard\libc_nano.a
END GROUP
START GROUP
LOAD C:/ST/STM32CubeIDE_1.16.1/STM32CubeIDE/plugins/com.st.stm32cube.ide.mcu.externaltools.gnu-tools-for-stm32.12.3.rel1.win32_1.0.200.202406191623/tools/bin/../lib/gcc/arm-none-eabi/12.3.1/thumb/v7e-m+fp/hard\libgcc.a
LOAD C:/ST/STM32CubeIDE_1.16.1/STM32CubeIDE/plugins/com.st.stm32cube.ide.mcu.externaltools.gnu-tools-for-stm32.12.3.rel1.win32_1.0.200.202406191623/tools/bin/../lib/gcc/arm-none-eabi/12.3.1/../../../../arm-none-eabi/lib/thumb/v7e-m+fp/hard\libc_nano.a
LOAD C:/ST/STM32CubeIDE_1.16.1/STM32CubeIDE/plugins/com.st.stm32cube.ide.mcu.externaltools.gnu-tools-for-stm32.12.3.rel1.win32_1.0.200.202406191623/tools/bin/../lib/gcc/arm-none-eabi/12.3.1/../../../../arm-none-eabi/lib/thumb/v7e-m+fp/hard\libnosys.a
END GROUP
START GROUP
LOAD C:/ST/STM32CubeIDE_1.16.1/STM32CubeIDE/plugins/com.st.stm32cube.ide.mcu.externaltools.gnu-tools-for-stm32.12.3.rel1.win32_1.0.200.202406191623/tools/bin/../lib/gcc/arm-none-eabi/12.3.1/thumb/v7e-m+fp/hard\libgcc.a
LOAD C:/ST/STM32CubeIDE_1.16.1/STM32CubeIDE/plugins/com.st.stm32cube.ide.mcu.externaltools.gnu-tools-for-stm32.12.3.rel1.win32_1.0.200.202406191623/tools/bin/../lib/gcc/arm-none-eabi/12.3.1/../../../../arm-none-eabi/lib/thumb/v7e-m+fp/hard\libc_nano.a
LOAD C:/ST/STM32CubeIDE_1.16.1/STM32CubeIDE/plugins/com.st.stm32cube.ide.mcu.externaltools.gnu-tools-for-stm32.12.3.rel1.win32_1.0.200.202406191623/tools/bin/../lib/gcc/arm-none-eabi/12.3.1/../../../../arm-none-eabi/lib/thumb/v7e-m+fp/hard\libnosys.a
END GROUP
LOAD C:/ST/STM32CubeIDE_1.16.1/STM32CubeIDE/plugins/com.st.stm32cube.ide.mcu.externaltools.gnu-tools-for-stm32.12.3.rel1.win32_1.0.200.202406191623/tools/bin/../lib/gcc/arm-none-eabi/12.3.1/thumb/v7e-m+fp/hard/crtend.o
LOAD C:/ST/STM32CubeIDE_1.16.1/STM32CubeIDE/plugins/com.st.stm32cube.ide.mcu.externaltools.gnu-tools-for-stm32.12.3.rel1.win32_1.0.200.202406191623/tools/bin/../lib/gcc/arm-none-eabi/12.3.1/thumb/v7e-m+fp/hard/crtn.o
                0x20003000                        _estack = (ORIGIN (RAM) + LENGTH (RAM))
                0x00000200                        _Min_Heap_Size = 0x200
                0x00000400                        _Min_Stack_Size = 0x400

.isr_vector     0x08000000      0x188
                0x08000000                        . = ALIGN (0x4)
 *(.isr_vector)
 .isr_vector    0x08000000      0x188 ./Core/Startup/startup_stm32f303k8tx.o
                0x08000000                g_pfnVectors
                0x08000188                        . = ALIGN (0x4)

.text           0x08000188     0x5d9c
                0x08000188                        . = ALIGN (0x4)
 *(.text)
 .text          0x08000188       0x40 C:/ST/STM32CubeIDE_1.16.1/STM32CubeIDE/plugins/com.st.stm32cube.ide.mcu.externaltools.gnu-tools-for-stm32.12.3.rel1.win32_1.0.200.202406191623/tools/bin/../lib/gcc/arm-none-eabi/12.3.1/thumb/v7e-m+fp/hard/crtbegin.o
 .text          0x080001c8       0x30 C:/ST/STM32CubeIDE_1.16.1/STM32CubeIDE/plugins/com.st.stm32cube.ide.mcu.externaltools.gnu-tools-for-stm32.12.3.rel1.win32_1.0.200.202406191623/tools/bin/../lib/gcc/arm-none-eabi/12.3.1/thumb/v7e-m+fp/hard\libgcc.a(_aeabi_uldivmod.o)
                0x080001c8                __aeabi_uldivmod
 .text          0x080001f8      0x2bc C:/ST/STM32CubeIDE_1.16.1/STM32CubeIDE/plugins/com.st.stm32cube.ide.mcu.externaltools.gnu-tools-for-stm32.12.3.rel1.win32_1.0.200.202406191623/tools/bin/../lib/gcc/arm-none-eabi/12.3.1/thumb/v7e-m+fp/hard\libgcc.a(_udivmoddi4.o)
                0x080001f8                __udivmoddi4
 .text          0x080004b4        0x4 C:/ST/STM32CubeIDE_1.16.1/STM32CubeIDE/plugins/com.st.stm32cube.ide.mcu.externaltools.gnu-tools-for-stm32.12.3.rel1.win32_1.0.200.202406191623/tools/bin/../lib/gcc/arm-none-eabi/12.3.1/thumb/v7e-m+fp/hard\libgcc.a(_dvmd_tls.o)
                0x080004b4                __aeabi_idiv0
                0x080004b4                __aeabi_ldiv0
 *(.text*)
 .text.MX_ADC1_Init
                0x080004b8      0x15c ./Core/Src/adc.o
                0x080004b8                MX_ADC1_Init
 .text.MX_ADC2_Init
                0x08000614      0x120 ./Core/Src/adc.o
                0x08000614                MX_ADC2_Init
 .text.HAL_ADC_MspInit
                0x08000734      0x200 ./Core/Src/adc.o
                0x08000734                HAL_ADC_MspInit
 .text.MX_CAN_Init
                0x08000934       0x6c ./Core/Src/can.o
                0x08000934                MX_CAN_Init
 .text.HAL_CAN_MspInit
                0x080009a0       0x88 ./Core/Src/can.o
                0x080009a0                HAL_CAN_MspInit
 .text.MX_DMA_Init
                0x08000a28       0x4c ./Core/Src/dma.o
                0x08000a28                MX_DMA_Init
 .text.MX_GPIO_Init
                0x08000a74       0x98 ./Core/Src/gpio.o
                0x08000a74                MX_GPIO_Init
 .text.main     0x08000b0c       0x84 ./Core/Src/main.o
                0x08000b0c                main
 .text.SystemClock_Config
                0x08000b90       0xb0 ./Core/Src/main.o
                0x08000b90                SystemClock_Config
 .text.Error_Handler
                0x08000c40        0xc ./Core/Src/main.o
                0x08000c40                Error_Handler
 .text.HAL_MspInit
                0x08000c4c       0x48 ./Core/Src/stm32f3xx_hal_msp.o
                0x08000c4c                HAL_MspInit
 .text.NMI_Handler
                0x08000c94        0x8 ./Core/Src/stm32f3xx_it.o
                0x08000c94                NMI_Handler
 .text.HardFault_Handler
                0x08000c9c        0x8 ./Core/Src/stm32f3xx_it.o
                0x08000c9c                HardFault_Handler
 .text.MemManage_Handler
                0x08000ca4        0x8 ./Core/Src/stm32f3xx_it.o
                0x08000ca4                MemManage_Handler
 .text.BusFault_Handler
                0x08000cac        0x8 ./Core/Src/stm32f3xx_it.o
                0x08000cac                BusFault_Handler
 .text.UsageFault_Handler
                0x08000cb4        0x8 ./Core/Src/stm32f3xx_it.o
                0x08000cb4                UsageFault_Handler
 .text.SVC_Handler
                0x08000cbc        0xe ./Core/Src/stm32f3xx_it.o
                0x08000cbc                SVC_Handler
 .text.DebugMon_Handler
                0x08000cca        0xe ./Core/Src/stm32f3xx_it.o
                0x08000cca                DebugMon_Handler
 .text.PendSV_Handler
                0x08000cd8        0xe ./Core/Src/stm32f3xx_it.o
                0x08000cd8                PendSV_Handler
 .text.SysTick_Handler
                0x08000ce6        0xc ./Core/Src/stm32f3xx_it.o
                0x08000ce6                SysTick_Handler
 *fill*         0x08000cf2        0x2 
 .text.DMA1_Channel1_IRQHandler
                0x08000cf4       0x14 ./Core/Src/stm32f3xx_it.o
                0x08000cf4                DMA1_Channel1_IRQHandler
 .text.DMA1_Channel2_IRQHandler
                0x08000d08       0x14 ./Core/Src/stm32f3xx_it.o
                0x08000d08                DMA1_Channel2_IRQHandler
 .text.ADC1_2_IRQHandler
                0x08000d1c       0x1c ./Core/Src/stm32f3xx_it.o
                0x08000d1c                ADC1_2_IRQHandler
 .text.SystemInit
                0x08000d38       0x24 ./Core/Src/system_stm32f3xx.o
                0x08000d38                SystemInit
 .text.Reset_Handler
                0x08000d5c       0x50 ./Core/Startup/startup_stm32f303k8tx.o
                0x08000d5c                Reset_Handler
 .text.Default_Handler
                0x08000dac        0x2 ./Core/Startup/startup_stm32f303k8tx.o
                0x08000dac                RTC_Alarm_IRQHandler
                0x08000dac                TIM1_CC_IRQHandler
                0x08000dac                PVD_IRQHandler
                0x08000dac                TAMP_STAMP_IRQHandler
                0x08000dac                EXTI3_IRQHandler
                0x08000dac                EXTI0_IRQHandler
                0x08000dac                FPU_IRQHandler
                0x08000dac                CAN_TX_IRQHandler
                0x08000dac                TIM1_UP_TIM16_IRQHandler
                0x08000dac                SPI1_IRQHandler
                0x08000dac                CAN_SCE_IRQHandler
                0x08000dac                DMA1_Channel4_IRQHandler
                0x08000dac                USART3_IRQHandler
                0x08000dac                DMA1_Channel7_IRQHandler
                0x08000dac                TIM7_DAC2_IRQHandler
                0x08000dac                CAN_RX1_IRQHandler
                0x08000dac                I2C1_EV_IRQHandler
                0x08000dac                DMA1_Channel6_IRQHandler
                0x08000dac                TIM3_IRQHandler
                0x08000dac                RCC_IRQHandler
                0x08000dac                Default_Handler
                0x08000dac                EXTI15_10_IRQHandler
                0x08000dac                COMP2_IRQHandler
                0x08000dac                TIM6_DAC1_IRQHandler
                0x08000dac                EXTI9_5_IRQHandler
                0x08000dac                RTC_WKUP_IRQHandler
                0x08000dac                DMA1_Channel5_IRQHandler
                0x08000dac                EXTI4_IRQHandler
                0x08000dac                TIM1_TRG_COM_TIM17_IRQHandler
                0x08000dac                DMA1_Channel3_IRQHandler
                0x08000dac                WWDG_IRQHandler
                0x08000dac                TIM2_IRQHandler
                0x08000dac                EXTI1_IRQHandler
                0x08000dac                COMP4_6_IRQHandler
                0x08000dac                USART2_IRQHandler
                0x08000dac                FLASH_IRQHandler
                0x08000dac                USART1_IRQHandler
                0x08000dac                CAN_RX0_IRQHandler
                0x08000dac                I2C1_ER_IRQHandler
                0x08000dac                EXTI2_TSC_IRQHandler
                0x08000dac                TIM1_BRK_TIM15_IRQHandler
 *fill*         0x08000dae        0x2 
 .text.HAL_Init
                0x08000db0       0x2c ./Drivers/STM32F3xx_HAL_Driver/Src/stm32f3xx_hal.o
                0x08000db0                HAL_Init
 .text.HAL_InitTick
                0x08000ddc       0x60 ./Drivers/STM32F3xx_HAL_Driver/Src/stm32f3xx_hal.o
                0x08000ddc                HAL_InitTick
 .text.HAL_IncTick
                0x08000e3c       0x28 ./Drivers/STM32F3xx_HAL_Driver/Src/stm32f3xx_hal.o
                0x08000e3c                HAL_IncTick
 .text.HAL_GetTick
                0x08000e64       0x18 ./Drivers/STM32F3xx_HAL_Driver/Src/stm32f3xx_hal.o
                0x08000e64                HAL_GetTick
 .text.HAL_ADC_ConvHalfCpltCallback
                0x08000e7c       0x14 ./Drivers/STM32F3xx_HAL_Driver/Src/stm32f3xx_hal_adc.o
                0x08000e7c                HAL_ADC_ConvHalfCpltCallback
 .text.HAL_ADC_LevelOutOfWindowCallback
                0x08000e90       0x14 ./Drivers/STM32F3xx_HAL_Driver/Src/stm32f3xx_hal_adc.o
                0x08000e90                HAL_ADC_LevelOutOfWindowCallback
 .text.HAL_ADC_ErrorCallback
                0x08000ea4       0x14 ./Drivers/STM32F3xx_HAL_Driver/Src/stm32f3xx_hal_adc.o
                0x08000ea4                HAL_ADC_ErrorCallback
 .text.HAL_ADC_Init
                0x08000eb8      0x324 ./Drivers/STM32F3xx_HAL_Driver/Src/stm32f3xx_hal_adc_ex.o
                0x08000eb8                HAL_ADC_Init
 .text.HAL_ADC_Start
                0x080011dc      0x16c ./Drivers/STM32F3xx_HAL_Driver/Src/stm32f3xx_hal_adc_ex.o
                0x080011dc                HAL_ADC_Start
 .text.HAL_ADC_Stop
                0x08001348       0x6a ./Drivers/STM32F3xx_HAL_Driver/Src/stm32f3xx_hal_adc_ex.o
                0x08001348                HAL_ADC_Stop
 *fill*         0x080013b2        0x2 
 .text.HAL_ADC_Start_DMA
                0x080013b4      0x1b4 ./Drivers/STM32F3xx_HAL_Driver/Src/stm32f3xx_hal_adc_ex.o
                0x080013b4                HAL_ADC_Start_DMA
 .text.HAL_ADC_GetValue
                0x08001568       0x1a ./Drivers/STM32F3xx_HAL_Driver/Src/stm32f3xx_hal_adc_ex.o
                0x08001568                HAL_ADC_GetValue
 *fill*         0x08001582        0x2 
 .text.HAL_ADC_IRQHandler
                0x08001584      0x3f4 ./Drivers/STM32F3xx_HAL_Driver/Src/stm32f3xx_hal_adc_ex.o
                0x08001584                HAL_ADC_IRQHandler
 .text.HAL_ADCEx_Calibration_Start
                0x08001978       0xe4 ./Drivers/STM32F3xx_HAL_Driver/Src/stm32f3xx_hal_adc_ex.o
                0x08001978                HAL_ADCEx_Calibration_Start
 .text.HAL_ADCEx_MultiModeStart_DMA
                0x08001a5c      0x164 ./Drivers/STM32F3xx_HAL_Driver/Src/stm32f3xx_hal_adc_ex.o
                0x08001a5c                HAL_ADCEx_MultiModeStart_DMA
 .text.HAL_ADCEx_InjectedConvCpltCallback
                0x08001bc0       0x14 ./Drivers/STM32F3xx_HAL_Driver/Src/stm32f3xx_hal_adc_ex.o
                0x08001bc0                HAL_ADCEx_InjectedConvCpltCallback
 .text.HAL_ADCEx_InjectedQueueOverflowCallback
                0x08001bd4       0x14 ./Drivers/STM32F3xx_HAL_Driver/Src/stm32f3xx_hal_adc_ex.o
                0x08001bd4                HAL_ADCEx_InjectedQueueOverflowCallback
 .text.HAL_ADCEx_LevelOutOfWindow2Callback
                0x08001be8       0x14 ./Drivers/STM32F3xx_HAL_Driver/Src/stm32f3xx_hal_adc_ex.o
                0x08001be8                HAL_ADCEx_LevelOutOfWindow2Callback
 .text.HAL_ADCEx_LevelOutOfWindow3Callback
                0x08001bfc       0x14 ./Drivers/STM32F3xx_HAL_Driver/Src/stm32f3xx_hal_adc_ex.o
                0x08001bfc                HAL_ADCEx_LevelOutOfWindow3Callback
 .text.HAL_ADC_ConfigChannel
                0x08001c10      0x57c ./Drivers/STM32F3xx_HAL_Driver/Src/stm32f3xx_hal_adc_ex.o
                0x08001c10                HAL_ADC_ConfigChannel
 .text.HAL_ADCEx_MultiModeConfigChannel
                0x0800218c      0x18c ./Drivers/STM32F3xx_HAL_Driver/Src/stm32f3xx_hal_adc_ex.o
                0x0800218c                HAL_ADCEx_MultiModeConfigChannel
 .text.ADC_DMAConvCplt
                0x08002318       0x7a ./Drivers/STM32F3xx_HAL_Driver/Src/stm32f3xx_hal_adc_ex.o
 .text.ADC_DMAHalfConvCplt
                0x08002392       0x1c ./Drivers/STM32F3xx_HAL_Driver/Src/stm32f3xx_hal_adc_ex.o
 .text.ADC_DMAError
                0x080023ae       0x34 ./Drivers/STM32F3xx_HAL_Driver/Src/stm32f3xx_hal_adc_ex.o
 *fill*         0x080023e2        0x2 
 .text.ADC_Enable
                0x080023e4       0xc8 ./Drivers/STM32F3xx_HAL_Driver/Src/stm32f3xx_hal_adc_ex.o
 .text.ADC_Disable
                0x080024ac       0xcc ./Drivers/STM32F3xx_HAL_Driver/Src/stm32f3xx_hal_adc_ex.o
 .text.ADC_ConversionStop
                0x08002578      0x16c ./Drivers/STM32F3xx_HAL_Driver/Src/stm32f3xx_hal_adc_ex.o
 .text.HAL_CAN_Init
                0x080026e4      0x1f6 ./Drivers/STM32F3xx_HAL_Driver/Src/stm32f3xx_hal_can.o
                0x080026e4                HAL_CAN_Init
 .text.HAL_CAN_ConfigFilter
                0x080028da      0x194 ./Drivers/STM32F3xx_HAL_Driver/Src/stm32f3xx_hal_can.o
                0x080028da                HAL_CAN_ConfigFilter
 .text.HAL_CAN_Start
                0x08002a6e       0x88 ./Drivers/STM32F3xx_HAL_Driver/Src/stm32f3xx_hal_can.o
                0x08002a6e                HAL_CAN_Start
 .text.HAL_CAN_AddTxMessage
                0x08002af6      0x1a0 ./Drivers/STM32F3xx_HAL_Driver/Src/stm32f3xx_hal_can.o
                0x08002af6                HAL_CAN_AddTxMessage
 .text.HAL_CAN_ActivateNotification
                0x08002c96       0x4c ./Drivers/STM32F3xx_HAL_Driver/Src/stm32f3xx_hal_can.o
                0x08002c96                HAL_CAN_ActivateNotification
 *fill*         0x08002ce2        0x2 
 .text.__NVIC_SetPriorityGrouping
                0x08002ce4       0x48 ./Drivers/STM32F3xx_HAL_Driver/Src/stm32f3xx_hal_cortex.o
 .text.__NVIC_GetPriorityGrouping
                0x08002d2c       0x1c ./Drivers/STM32F3xx_HAL_Driver/Src/stm32f3xx_hal_cortex.o
 .text.__NVIC_EnableIRQ
                0x08002d48       0x3c ./Drivers/STM32F3xx_HAL_Driver/Src/stm32f3xx_hal_cortex.o
 .text.__NVIC_SetPriority
                0x08002d84       0x54 ./Drivers/STM32F3xx_HAL_Driver/Src/stm32f3xx_hal_cortex.o
 .text.NVIC_EncodePriority
                0x08002dd8       0x66 ./Drivers/STM32F3xx_HAL_Driver/Src/stm32f3xx_hal_cortex.o
 *fill*         0x08002e3e        0x2 
 .text.SysTick_Config
                0x08002e40       0x44 ./Drivers/STM32F3xx_HAL_Driver/Src/stm32f3xx_hal_cortex.o
 .text.HAL_NVIC_SetPriorityGrouping
                0x08002e84       0x16 ./Drivers/STM32F3xx_HAL_Driver/Src/stm32f3xx_hal_cortex.o
                0x08002e84                HAL_NVIC_SetPriorityGrouping
 .text.HAL_NVIC_SetPriority
                0x08002e9a       0x38 ./Drivers/STM32F3xx_HAL_Driver/Src/stm32f3xx_hal_cortex.o
                0x08002e9a                HAL_NVIC_SetPriority
 .text.HAL_NVIC_EnableIRQ
                0x08002ed2       0x1c ./Drivers/STM32F3xx_HAL_Driver/Src/stm32f3xx_hal_cortex.o
                0x08002ed2                HAL_NVIC_EnableIRQ
 .text.HAL_SYSTICK_Config
                0x08002eee       0x18 ./Drivers/STM32F3xx_HAL_Driver/Src/stm32f3xx_hal_cortex.o
                0x08002eee                HAL_SYSTICK_Config
 .text.HAL_DMA_Init
                0x08002f06       0x8e ./Drivers/STM32F3xx_HAL_Driver/Src/stm32f3xx_hal_dma.o
                0x08002f06                HAL_DMA_Init
 .text.HAL_DMA_Start_IT
                0x08002f94       0xbe ./Drivers/STM32F3xx_HAL_Driver/Src/stm32f3xx_hal_dma.o
                0x08002f94                HAL_DMA_Start_IT
 .text.HAL_DMA_IRQHandler
                0x08003052      0x146 ./Drivers/STM32F3xx_HAL_Driver/Src/stm32f3xx_hal_dma.o
                0x08003052                HAL_DMA_IRQHandler
 .text.DMA_SetConfig
                0x08003198       0x5c ./Drivers/STM32F3xx_HAL_Driver/Src/stm32f3xx_hal_dma.o
 .text.DMA_CalcBaseAndBitshift
                0x080031f4       0x40 ./Drivers/STM32F3xx_HAL_Driver/Src/stm32f3xx_hal_dma.o
 .text.HAL_GPIO_Init
                0x08003234      0x2e4 ./Drivers/STM32F3xx_HAL_Driver/Src/stm32f3xx_hal_gpio.o
                0x08003234                HAL_GPIO_Init
 .text.HAL_GPIO_ReadPin
                0x08003518       0x30 ./Drivers/STM32F3xx_HAL_Driver/Src/stm32f3xx_hal_gpio.o
                0x08003518                HAL_GPIO_ReadPin
 .text.HAL_GPIO_WritePin
                0x08003548       0x30 ./Drivers/STM32F3xx_HAL_Driver/Src/stm32f3xx_hal_gpio.o
                0x08003548                HAL_GPIO_WritePin
 .text.HAL_GPIO_TogglePin
                0x08003578       0x34 ./Drivers/STM32F3xx_HAL_Driver/Src/stm32f3xx_hal_gpio.o
                0x08003578                HAL_GPIO_TogglePin
 .text.HAL_RCC_OscConfig
                0x080035ac     0x107c ./Drivers/STM32F3xx_HAL_Driver/Src/stm32f3xx_hal_rcc.o
                0x080035ac                HAL_RCC_OscConfig
 .text.HAL_RCC_ClockConfig
                0x08004628      0x2f8 ./Drivers/STM32F3xx_HAL_Driver/Src/stm32f3xx_hal_rcc.o
                0x08004628                HAL_RCC_ClockConfig
 .text.HAL_RCC_GetSysClockFreq
                0x08004920       0xa8 ./Drivers/STM32F3xx_HAL_Driver/Src/stm32f3xx_hal_rcc.o
                0x08004920                HAL_RCC_GetSysClockFreq
 .text.HAL_RCCEx_PeriphCLKConfig
                0x080049c8      0x24c ./Drivers/STM32F3xx_HAL_Driver/Src/stm32f3xx_hal_rcc_ex.o
                0x080049c8                HAL_RCCEx_PeriphCLKConfig
 .text.ADC_Init
                0x08004c14       0x90 ./EKO_Drivers/ADC/Src/adc_driver.o
                0x08004c14                ADC_Init
 .text.ADC_InitMultimode
                0x08004ca4       0x54 ./EKO_Drivers/ADC/Src/adc_driver.o
                0x08004ca4                ADC_InitMultimode
 .text.ADC_ReadChannel
                0x08004cf8      0x1ae ./EKO_Drivers/ADC/Src/adc_driver.o
                0x08004cf8                ADC_ReadChannel
 .text.ADC_GetValue
                0x08004ea6       0xa8 ./EKO_Drivers/ADC/Src/adc_driver.o
                0x08004ea6                ADC_GetValue
 .text.HAL_ADC_ConvCpltCallback
                0x08004f4e       0x14 ./EKO_Drivers/ADC/Src/adc_driver.o
                0x08004f4e                HAL_ADC_ConvCpltCallback
 *fill*         0x08004f62        0x2 
 .text.ADC_ConfigGetRanksOfChannels
                0x08004f64      0x124 ./EKO_Drivers/ADC/Src/adc_driver.o
                0x08004f64                ADC_ConfigGetRanksOfChannels
 .text.ADC_GetRank
                0x08005088       0x52 ./EKO_Drivers/ADC/Src/adc_driver.o
                0x08005088                ADC_GetRank
 *fill*         0x080050da        0x2 
 .text.ADC_Averaging
                0x080050dc       0xb4 ./EKO_Drivers/ADC/Src/adc_driver.o
                0x080050dc                ADC_Averaging
 .text.CAN_Init
                0x08005190       0x70 ./EKO_Drivers/CAN/Src/can_driver.o
                0x08005190                CAN_Init
 .text.CAN_AddScheduledMessage
                0x08005200       0xee ./EKO_Drivers/CAN/Src/can_driver.o
                0x08005200                CAN_AddScheduledMessage
 .text.CAN_HandleScheduled
                0x080052ee       0xce ./EKO_Drivers/CAN/Src/can_driver.o
                0x080052ee                CAN_HandleScheduled
 .text.PCBCells_ADC_ReadValues
                0x080053bc       0x32 ./PCBCells_driver/ADC/Src/pcb_cells_adc.o
                0x080053bc                PCBCells_ADC_ReadValues
 .text.PCBCells_ADC1_ReadChannels
                0x080053ee       0x60 ./PCBCells_driver/ADC/Src/pcb_cells_adc.o
                0x080053ee                PCBCells_ADC1_ReadChannels
 .text.PCBCells_ADC2_ReadChannels
                0x0800544e       0x64 ./PCBCells_driver/ADC/Src/pcb_cells_adc.o
                0x0800544e                PCBCells_ADC2_ReadChannels
 *fill*         0x080054b2        0x2 
 .text.PCBCells_ADC_ReadTemperature
                0x080054b4      0x158 ./PCBCells_driver/ADC/Src/pcb_cells_adc.o
                0x080054b4                PCBCells_ADC_ReadTemperature
 .text.PCBCells_ADC_NTC_calibrateTemperature
                0x0800560c       0x6c ./PCBCells_driver/ADC/Src/pcb_cells_adc.o
                0x0800560c                PCBCells_ADC_NTC_calibrateTemperature
 .text.PCBCells_ADC_NTC_GetTemperature
                0x08005678      0x110 ./PCBCells_driver/ADC/Src/pcb_cells_adc.o
                0x08005678                PCBCells_ADC_NTC_GetTemperature
 .text.PCBCells_CAN_InitFrames
                0x08005788       0x92 ./PCBCells_driver/CAN/Src/pcb_cells_can.o
                0x08005788                PCBCells_CAN_InitFrames
 *fill*         0x0800581a        0x2 
 .text.PCBCells_CAN_GetID
                0x0800581c       0xe8 ./PCBCells_driver/CAN/Src/pcb_cells_can.o
                0x0800581c                PCBCells_CAN_GetID
 .text.PCBCells_CAN_ConfigData
                0x08005904       0x40 ./PCBCells_driver/CAN/Src/pcb_cells_can.o
                0x08005904                PCBCells_CAN_ConfigData
 .text.PCBCells_CAN_SendFrames
                0x08005944       0x26 ./PCBCells_driver/CAN/Src/pcb_cells_can.o
                0x08005944                PCBCells_CAN_SendFrames
 *fill*         0x0800596a        0x2 
 .text.PCBCells_CAN_ScaleValue
                0x0800596c       0x68 ./PCBCells_driver/CAN/Src/pcb_cells_can.o
                0x0800596c                PCBCells_CAN_ScaleValue
 .text.PCBCells_CAN_PackCAN2Temps
                0x080059d4       0xb8 ./PCBCells_driver/CAN/Src/pcb_cells_can.o
                0x080059d4                PCBCells_CAN_PackCAN2Temps
 .text.PCBCells_CAN_Get_CAN2_Data_Therm1
                0x08005a8c       0x18 ./PCBCells_driver/CAN/Src/pcb_cells_can.o
                0x08005a8c                PCBCells_CAN_Get_CAN2_Data_Therm1
 .text.PCBCells_CAN_Get_CAN2_Data_Therm2
                0x08005aa4       0x18 ./PCBCells_driver/CAN/Src/pcb_cells_can.o
                0x08005aa4                PCBCells_CAN_Get_CAN2_Data_Therm2
 .text.PCBCells_CAN_Get_CAN2_Data_Therm3
                0x08005abc       0x18 ./PCBCells_driver/CAN/Src/pcb_cells_can.o
                0x08005abc                PCBCells_CAN_Get_CAN2_Data_Therm3
 .text.PCBCells_CAN_Get_CAN2_Data_Therm4
                0x08005ad4       0x18 ./PCBCells_driver/CAN/Src/pcb_cells_can.o
                0x08005ad4                PCBCells_CAN_Get_CAN2_Data_Therm4
 .text.PCBCells_CAN_Get_CAN2_Data_Therm5
                0x08005aec       0x18 ./PCBCells_driver/CAN/Src/pcb_cells_can.o
                0x08005aec                PCBCells_CAN_Get_CAN2_Data_Therm5
 .text.PCBCells_CAN_Get_CAN2_Data_Therm6
                0x08005b04       0x18 ./PCBCells_driver/CAN/Src/pcb_cells_can.o
                0x08005b04                PCBCells_CAN_Get_CAN2_Data_Therm6
 .text.PCBCells_CAN_Get_CAN2_Data_Therm7
                0x08005b1c       0x18 ./PCBCells_driver/CAN/Src/pcb_cells_can.o
                0x08005b1c                PCBCells_CAN_Get_CAN2_Data_Therm7
 .text.PCBCells_CAN_Get_CAN2_Data_Therm8
                0x08005b34       0x18 ./PCBCells_driver/CAN/Src/pcb_cells_can.o
                0x08005b34                PCBCells_CAN_Get_CAN2_Data_Therm8
 .text.PCBCells_CAN_Get_CAN2_Data_Therm9
                0x08005b4c       0x18 ./PCBCells_driver/CAN/Src/pcb_cells_can.o
                0x08005b4c                PCBCells_CAN_Get_CAN2_Data_Therm9
 .text.PCBCells_Init
                0x08005b64      0x118 ./PCBCells_driver/PCB_Cells/Src/pcb_cells.o
                0x08005b64                PCBCells_Init
 .text.PCBCells_Mode_Normal
                0x08005c7c       0x54 ./PCBCells_driver/PCB_Cells/Src/pcb_cells.o
                0x08005c7c                PCBCells_Mode_Normal
 .text.PCBCells_Mode_Error
                0x08005cd0       0x16 ./PCBCells_driver/PCB_Cells/Src/pcb_cells.o
                0x08005cd0                PCBCells_Mode_Error
 .text.PCBCells_Peripherals_Start
                0x08005ce6       0x66 ./PCBCells_driver/PCB_Cells/Src/pcb_cells.o
                0x08005ce6                PCBCells_Peripherals_Start
 .text.PCBCells_ConfigPCBIndex
                0x08005d4c       0x90 ./PCBCells_driver/PCB_Cells/Src/pcb_cells.o
                0x08005d4c                PCBCells_ConfigPCBIndex
 .text.PCBCells_Mode_Change
                0x08005ddc       0x3e ./PCBCells_driver/PCB_Cells/Src/pcb_cells.o
                0x08005ddc                PCBCells_Mode_Change
 *fill*         0x08005e1a        0x2 
 .text.PCBCells_Mode_Blink
                0x08005e1c       0x7c ./PCBCells_driver/PCB_Cells/Src/pcb_cells.o
                0x08005e1c                PCBCells_Mode_Blink
 .text.memset   0x08005e98       0x10 C:/ST/STM32CubeIDE_1.16.1/STM32CubeIDE/plugins/com.st.stm32cube.ide.mcu.externaltools.gnu-tools-for-stm32.12.3.rel1.win32_1.0.200.202406191623/tools/bin/../lib/gcc/arm-none-eabi/12.3.1/../../../../arm-none-eabi/lib/thumb/v7e-m+fp/hard\libc_nano.a(libc_a-memset.o)
                0x08005e98                memset
 .text.__libc_init_array
                0x08005ea8       0x48 C:/ST/STM32CubeIDE_1.16.1/STM32CubeIDE/plugins/com.st.stm32cube.ide.mcu.externaltools.gnu-tools-for-stm32.12.3.rel1.win32_1.0.200.202406191623/tools/bin/../lib/gcc/arm-none-eabi/12.3.1/../../../../arm-none-eabi/lib/thumb/v7e-m+fp/hard\libc_nano.a(libc_a-init.o)
                0x08005ea8                __libc_init_array
 .text.memcpy   0x08005ef0       0x1c C:/ST/STM32CubeIDE_1.16.1/STM32CubeIDE/plugins/com.st.stm32cube.ide.mcu.externaltools.gnu-tools-for-stm32.12.3.rel1.win32_1.0.200.202406191623/tools/bin/../lib/gcc/arm-none-eabi/12.3.1/../../../../arm-none-eabi/lib/thumb/v7e-m+fp/hard\libc_nano.a(libc_a-memcpy-stub.o)
                0x08005ef0                memcpy
 *(.glue_7)
 .glue_7        0x08005f0c        0x0 linker stubs
 *(.glue_7t)
 .glue_7t       0x08005f0c        0x0 linker stubs
 *(.eh_frame)
 .eh_frame      0x08005f0c        0x0 C:/ST/STM32CubeIDE_1.16.1/STM32CubeIDE/plugins/com.st.stm32cube.ide.mcu.externaltools.gnu-tools-for-stm32.12.3.rel1.win32_1.0.200.202406191623/tools/bin/../lib/gcc/arm-none-eabi/12.3.1/thumb/v7e-m+fp/hard/crtbegin.o
 *(.init)
 .init          0x08005f0c        0x4 C:/ST/STM32CubeIDE_1.16.1/STM32CubeIDE/plugins/com.st.stm32cube.ide.mcu.externaltools.gnu-tools-for-stm32.12.3.rel1.win32_1.0.200.202406191623/tools/bin/../lib/gcc/arm-none-eabi/12.3.1/thumb/v7e-m+fp/hard/crti.o
                0x08005f0c                _init
 .init          0x08005f10        0x8 C:/ST/STM32CubeIDE_1.16.1/STM32CubeIDE/plugins/com.st.stm32cube.ide.mcu.externaltools.gnu-tools-for-stm32.12.3.rel1.win32_1.0.200.202406191623/tools/bin/../lib/gcc/arm-none-eabi/12.3.1/thumb/v7e-m+fp/hard/crtn.o
 *(.fini)
 .fini          0x08005f18        0x4 C:/ST/STM32CubeIDE_1.16.1/STM32CubeIDE/plugins/com.st.stm32cube.ide.mcu.externaltools.gnu-tools-for-stm32.12.3.rel1.win32_1.0.200.202406191623/tools/bin/../lib/gcc/arm-none-eabi/12.3.1/thumb/v7e-m+fp/hard/crti.o
                0x08005f18                _fini
 .fini          0x08005f1c        0x8 C:/ST/STM32CubeIDE_1.16.1/STM32CubeIDE/plugins/com.st.stm32cube.ide.mcu.externaltools.gnu-tools-for-stm32.12.3.rel1.win32_1.0.200.202406191623/tools/bin/../lib/gcc/arm-none-eabi/12.3.1/thumb/v7e-m+fp/hard/crtn.o
                0x08005f24                        . = ALIGN (0x4)
                0x08005f24                        _etext = .

.vfp11_veneer   0x08005f24        0x0
 .vfp11_veneer  0x08005f24        0x0 linker stubs

.v4_bx          0x08005f24        0x0
 .v4_bx         0x08005f24        0x0 linker stubs

.iplt           0x08005f24        0x0
 .iplt          0x08005f24        0x0 C:/ST/STM32CubeIDE_1.16.1/STM32CubeIDE/plugins/com.st.stm32cube.ide.mcu.externaltools.gnu-tools-for-stm32.12.3.rel1.win32_1.0.200.202406191623/tools/bin/../lib/gcc/arm-none-eabi/12.3.1/thumb/v7e-m+fp/hard/crtbegin.o

.rodata         0x08005f24      0x37c
                0x08005f24                        . = ALIGN (0x4)
 *(.rodata)
 *(.rodata*)
 .rodata.AHBPrescTable
                0x08005f24       0x10 ./Core/Src/system_stm32f3xx.o
                0x08005f24                AHBPrescTable
 .rodata.aPLLMULFactorTable
                0x08005f34       0x10 ./Drivers/STM32F3xx_HAL_Driver/Src/stm32f3xx_hal_rcc.o
 .rodata.aPredivFactorTable
                0x08005f44       0x10 ./Drivers/STM32F3xx_HAL_Driver/Src/stm32f3xx_hal_rcc.o
 .rodata.R.1    0x08005f54      0x194 ./PCBCells_driver/ADC/Src/pcb_cells_adc.o
 .rodata.T.0    0x080060e8      0x194 ./PCBCells_driver/ADC/Src/pcb_cells_adc.o
 .rodata.CAN2_Therm_Handlers
                0x0800627c       0x24 ./PCBCells_driver/CAN/Src/pcb_cells_can.o
                0x080062a0                        . = ALIGN (0x4)

.ARM.extab      0x080062a0        0x0
                0x080062a0                        . = ALIGN (0x4)
 *(.ARM.extab* .gnu.linkonce.armextab.*)
                0x080062a0                        . = ALIGN (0x4)

.ARM            0x080062a0        0x8
                0x080062a0                        . = ALIGN (0x4)
                0x080062a0                        __exidx_start = .
 *(.ARM.exidx*)
 .ARM.exidx     0x080062a0        0x8 C:/ST/STM32CubeIDE_1.16.1/STM32CubeIDE/plugins/com.st.stm32cube.ide.mcu.externaltools.gnu-tools-for-stm32.12.3.rel1.win32_1.0.200.202406191623/tools/bin/../lib/gcc/arm-none-eabi/12.3.1/thumb/v7e-m+fp/hard\libgcc.a(_udivmoddi4.o)
                0x080062a8                        __exidx_end = .
                0x080062a8                        . = ALIGN (0x4)

.preinit_array  0x080062a8        0x0
                0x080062a8                        . = ALIGN (0x4)
                0x080062a8                        PROVIDE (__preinit_array_start = .)
 *(.preinit_array*)
                0x080062a8                        PROVIDE (__preinit_array_end = .)
                0x080062a8                        . = ALIGN (0x4)

.init_array     0x080062a8        0x4
                0x080062a8                        . = ALIGN (0x4)
                0x080062a8                        PROVIDE (__init_array_start = .)
 *(SORT_BY_NAME(.init_array.*))
 *(.init_array*)
 .init_array    0x080062a8        0x4 C:/ST/STM32CubeIDE_1.16.1/STM32CubeIDE/plugins/com.st.stm32cube.ide.mcu.externaltools.gnu-tools-for-stm32.12.3.rel1.win32_1.0.200.202406191623/tools/bin/../lib/gcc/arm-none-eabi/12.3.1/thumb/v7e-m+fp/hard/crtbegin.o
                0x080062ac                        PROVIDE (__init_array_end = .)
                0x080062ac                        . = ALIGN (0x4)

.fini_array     0x080062ac        0x4
                0x080062ac                        . = ALIGN (0x4)
                [!provide]                        PROVIDE (__fini_array_start = .)
 *(SORT_BY_NAME(.fini_array.*))
 *(.fini_array*)
 .fini_array    0x080062ac        0x4 C:/ST/STM32CubeIDE_1.16.1/STM32CubeIDE/plugins/com.st.stm32cube.ide.mcu.externaltools.gnu-tools-for-stm32.12.3.rel1.win32_1.0.200.202406191623/tools/bin/../lib/gcc/arm-none-eabi/12.3.1/thumb/v7e-m+fp/hard/crtbegin.o
                [!provide]                        PROVIDE (__fini_array_end = .)
                0x080062b0                        . = ALIGN (0x4)
                0x080062b0                        _sidata = LOADADDR (.data)

.rel.dyn        0x080062b0        0x0
 .rel.iplt      0x080062b0        0x0 C:/ST/STM32CubeIDE_1.16.1/STM32CubeIDE/plugins/com.st.stm32cube.ide.mcu.externaltools.gnu-tools-for-stm32.12.3.rel1.win32_1.0.200.202406191623/tools/bin/../lib/gcc/arm-none-eabi/12.3.1/thumb/v7e-m+fp/hard/crtbegin.o

.data           0x20000000       0xa0 load address 0x080062b0
                0x20000000                        . = ALIGN (0x4)
                0x20000000                        _sdata = .
 *(.data)
 *(.data*)
 .data.SystemCoreClock
                0x20000000        0x4 ./Core/Src/system_stm32f3xx.o
                0x20000000                SystemCoreClock
 .data.uwTickPrio
                0x20000004        0x4 ./Drivers/STM32F3xx_HAL_Driver/Src/stm32f3xx_hal.o
                0x20000004                uwTickPrio
 .data.uwTickFreq
                0x20000008        0x1 ./Drivers/STM32F3xx_HAL_Driver/Src/stm32f3xx_hal.o
                0x20000008                uwTickFreq
 *fill*         0x20000009        0x3 
 .data.ADC_CONVERTED_CHANNELS
                0x2000000c        0x4 ./EKO_Drivers/ADC/Src/adc_driver.o
 .data.ADC_RANKS_REGS
                0x20000010       0x40 ./EKO_Drivers/ADC/Src/adc_driver.o
 .data.ADC_RANKS_BITPOS
                0x20000050       0x40 ./EKO_Drivers/ADC/Src/adc_driver.o
 .data.PCBCells_ADC1_Channels
                0x20000090        0x5 ./PCBCells_driver/ADC/Src/pcb_cells_adc.o
 *fill*         0x20000095        0x3 
 .data.PCBCells_ADC2_Channels
                0x20000098        0x4 ./PCBCells_driver/ADC/Src/pcb_cells_adc.o
 .data.framesAscendingBaseId
                0x2000009c        0x1 ./PCBCells_driver/CAN/Src/pcb_cells_can.o
 .data.framesDescendingBaseId
                0x2000009d        0x1 ./PCBCells_driver/CAN/Src/pcb_cells_can.o
 *(.RamFunc)
 *(.RamFunc*)
                0x200000a0                        . = ALIGN (0x4)
 *fill*         0x2000009e        0x2 
                0x200000a0                        _edata = .
                0x08006350                        _siccmram = LOADADDR (.ccmram)

.igot.plt       0x200000a0        0x0 load address 0x08006350
 .igot.plt      0x200000a0        0x0 C:/ST/STM32CubeIDE_1.16.1/STM32CubeIDE/plugins/com.st.stm32cube.ide.mcu.externaltools.gnu-tools-for-stm32.12.3.rel1.win32_1.0.200.202406191623/tools/bin/../lib/gcc/arm-none-eabi/12.3.1/thumb/v7e-m+fp/hard/crtbegin.o

.ccmram         0x10000000        0x0 load address 0x08006350
                0x10000000                        . = ALIGN (0x4)
                0x10000000                        _sccmram = .
 *(.ccmram)
 *(.ccmram*)
                0x10000000                        . = ALIGN (0x4)
                0x10000000                        _eccmram = .
                0x10000000                        . = ALIGN (0x4)

.bss            0x200000a0      0x83c
                0x200000a0                        _sbss = .
                0x200000a0                        __bss_start__ = _sbss
 *(.bss)
 .bss           0x200000a0       0x1c C:/ST/STM32CubeIDE_1.16.1/STM32CubeIDE/plugins/com.st.stm32cube.ide.mcu.externaltools.gnu-tools-for-stm32.12.3.rel1.win32_1.0.200.202406191623/tools/bin/../lib/gcc/arm-none-eabi/12.3.1/thumb/v7e-m+fp/hard/crtbegin.o
 *(.bss*)
 .bss.hadc1     0x200000bc       0x50 ./Core/Src/adc.o
                0x200000bc                hadc1
 .bss.hadc2     0x2000010c       0x50 ./Core/Src/adc.o
                0x2000010c                hadc2
 .bss.hdma_adc1
                0x2000015c       0x44 ./Core/Src/adc.o
                0x2000015c                hdma_adc1
 .bss.hdma_adc2
                0x200001a0       0x44 ./Core/Src/adc.o
                0x200001a0                hdma_adc2
 .bss.HAL_RCC_ADC12_CLK_ENABLED
                0x200001e4        0x4 ./Core/Src/adc.o
 .bss.hcan      0x200001e8       0x28 ./Core/Src/can.o
                0x200001e8                hcan
 .bss.pcbCells  0x20000210      0x6c4 ./Core/Src/main.o
                0x20000210                pcbCells
 .bss.uwTick    0x200008d4        0x4 ./Drivers/STM32F3xx_HAL_Driver/Src/stm32f3xx_hal.o
                0x200008d4                uwTick
 .bss.lastTick  0x200008d8        0x4 ./PCBCells_driver/PCB_Cells/Src/pcb_cells.o
 *(COMMON)
                0x200008dc                        . = ALIGN (0x4)
                0x200008dc                        _ebss = .
                0x200008dc                        __bss_end__ = _ebss

._user_heap_stack
                0x200008dc      0x604
                0x200008e0                        . = ALIGN (0x8)
 *fill*         0x200008dc        0x4 
                [!provide]                        PROVIDE (end = .)
                0x200008e0                        PROVIDE (_end = .)
                0x20000ae0                        . = (. + _Min_Heap_Size)
 *fill*         0x200008e0      0x200 
                0x20000ee0                        . = (. + _Min_Stack_Size)
 *fill*         0x20000ae0      0x400 
                0x20000ee0                        . = ALIGN (0x8)

/DISCARD/
 libc.a(*)
 libm.a(*)
 libgcc.a(*)

.ARM.attributes
                0x00000000       0x30
 *(.ARM.attributes)
 .ARM.attributes
                0x00000000       0x22 C:/ST/STM32CubeIDE_1.16.1/STM32CubeIDE/plugins/com.st.stm32cube.ide.mcu.externaltools.gnu-tools-for-stm32.12.3.rel1.win32_1.0.200.202406191623/tools/bin/../lib/gcc/arm-none-eabi/12.3.1/thumb/v7e-m+fp/hard/crti.o
 .ARM.attributes
                0x00000022       0x34 C:/ST/STM32CubeIDE_1.16.1/STM32CubeIDE/plugins/com.st.stm32cube.ide.mcu.externaltools.gnu-tools-for-stm32.12.3.rel1.win32_1.0.200.202406191623/tools/bin/../lib/gcc/arm-none-eabi/12.3.1/thumb/v7e-m+fp/hard/crtbegin.o
 .ARM.attributes
                0x00000056       0x34 ./Core/Src/adc.o
 .ARM.attributes
                0x0000008a       0x34 ./Core/Src/can.o
 .ARM.attributes
                0x000000be       0x34 ./Core/Src/dma.o
 .ARM.attributes
                0x000000f2       0x34 ./Core/Src/gpio.o
 .ARM.attributes
                0x00000126       0x34 ./Core/Src/main.o
 .ARM.attributes
                0x0000015a       0x34 ./Core/Src/stm32f3xx_hal_msp.o
 .ARM.attributes
                0x0000018e       0x34 ./Core/Src/stm32f3xx_it.o
 .ARM.attributes
                0x000001c2       0x34 ./Core/Src/system_stm32f3xx.o
 .ARM.attributes
                0x000001f6       0x21 ./Core/Startup/startup_stm32f303k8tx.o
 .ARM.attributes
                0x00000217       0x34 ./Drivers/STM32F3xx_HAL_Driver/Src/stm32f3xx_hal.o
 .ARM.attributes
                0x0000024b       0x34 ./Drivers/STM32F3xx_HAL_Driver/Src/stm32f3xx_hal_adc.o
 .ARM.attributes
                0x0000027f       0x34 ./Drivers/STM32F3xx_HAL_Driver/Src/stm32f3xx_hal_adc_ex.o
 .ARM.attributes
                0x000002b3       0x34 ./Drivers/STM32F3xx_HAL_Driver/Src/stm32f3xx_hal_can.o
 .ARM.attributes
                0x000002e7       0x34 ./Drivers/STM32F3xx_HAL_Driver/Src/stm32f3xx_hal_cortex.o
 .ARM.attributes
                0x0000031b       0x34 ./Drivers/STM32F3xx_HAL_Driver/Src/stm32f3xx_hal_dma.o
 .ARM.attributes
                0x0000034f       0x34 ./Drivers/STM32F3xx_HAL_Driver/Src/stm32f3xx_hal_gpio.o
 .ARM.attributes
                0x00000383       0x34 ./Drivers/STM32F3xx_HAL_Driver/Src/stm32f3xx_hal_rcc.o
 .ARM.attributes
                0x000003b7       0x34 ./Drivers/STM32F3xx_HAL_Driver/Src/stm32f3xx_hal_rcc_ex.o
 .ARM.attributes
                0x000003eb       0x34 ./EKO_Drivers/ADC/Src/adc_driver.o
 .ARM.attributes
                0x0000041f       0x34 ./EKO_Drivers/CAN/Src/can_driver.o
 .ARM.attributes
                0x00000453       0x34 ./PCBCells_driver/ADC/Src/pcb_cells_adc.o
 .ARM.attributes
                0x00000487       0x34 ./PCBCells_driver/CAN/Src/pcb_cells_can.o
 .ARM.attributes
                0x000004bb       0x34 ./PCBCells_driver/PCB_Cells/Src/pcb_cells.o
 .ARM.attributes
                0x000004ef       0x34 C:/ST/STM32CubeIDE_1.16.1/STM32CubeIDE/plugins/com.st.stm32cube.ide.mcu.externaltools.gnu-tools-for-stm32.12.3.rel1.win32_1.0.200.202406191623/tools/bin/../lib/gcc/arm-none-eabi/12.3.1/../../../../arm-none-eabi/lib/thumb/v7e-m+fp/hard\libc_nano.a(libc_a-memset.o)
 .ARM.attributes
                0x00000523       0x34 C:/ST/STM32CubeIDE_1.16.1/STM32CubeIDE/plugins/com.st.stm32cube.ide.mcu.externaltools.gnu-tools-for-stm32.12.3.rel1.win32_1.0.200.202406191623/tools/bin/../lib/gcc/arm-none-eabi/12.3.1/../../../../arm-none-eabi/lib/thumb/v7e-m+fp/hard\libc_nano.a(libc_a-init.o)
 .ARM.attributes
                0x00000557       0x34 C:/ST/STM32CubeIDE_1.16.1/STM32CubeIDE/plugins/com.st.stm32cube.ide.mcu.externaltools.gnu-tools-for-stm32.12.3.rel1.win32_1.0.200.202406191623/tools/bin/../lib/gcc/arm-none-eabi/12.3.1/../../../../arm-none-eabi/lib/thumb/v7e-m+fp/hard\libc_nano.a(libc_a-memcpy-stub.o)
 .ARM.attributes
                0x0000058b       0x22 C:/ST/STM32CubeIDE_1.16.1/STM32CubeIDE/plugins/com.st.stm32cube.ide.mcu.externaltools.gnu-tools-for-stm32.12.3.rel1.win32_1.0.200.202406191623/tools/bin/../lib/gcc/arm-none-eabi/12.3.1/thumb/v7e-m+fp/hard\libgcc.a(_aeabi_uldivmod.o)
 .ARM.attributes
                0x000005ad       0x34 C:/ST/STM32CubeIDE_1.16.1/STM32CubeIDE/plugins/com.st.stm32cube.ide.mcu.externaltools.gnu-tools-for-stm32.12.3.rel1.win32_1.0.200.202406191623/tools/bin/../lib/gcc/arm-none-eabi/12.3.1/thumb/v7e-m+fp/hard\libgcc.a(_udivmoddi4.o)
 .ARM.attributes
                0x000005e1       0x22 C:/ST/STM32CubeIDE_1.16.1/STM32CubeIDE/plugins/com.st.stm32cube.ide.mcu.externaltools.gnu-tools-for-stm32.12.3.rel1.win32_1.0.200.202406191623/tools/bin/../lib/gcc/arm-none-eabi/12.3.1/thumb/v7e-m+fp/hard\libgcc.a(_dvmd_tls.o)
 .ARM.attributes
                0x00000603       0x22 C:/ST/STM32CubeIDE_1.16.1/STM32CubeIDE/plugins/com.st.stm32cube.ide.mcu.externaltools.gnu-tools-for-stm32.12.3.rel1.win32_1.0.200.202406191623/tools/bin/../lib/gcc/arm-none-eabi/12.3.1/thumb/v7e-m+fp/hard/crtn.o
OUTPUT(PCB_Cells.elf elf32-littlearm)
LOAD linker stubs
LOAD C:/ST/STM32CubeIDE_1.16.1/STM32CubeIDE/plugins/com.st.stm32cube.ide.mcu.externaltools.gnu-tools-for-stm32.12.3.rel1.win32_1.0.200.202406191623/tools/bin/../lib/gcc/arm-none-eabi/12.3.1/../../../../arm-none-eabi/lib/thumb/v7e-m+fp/hard\libc.a
LOAD C:/ST/STM32CubeIDE_1.16.1/STM32CubeIDE/plugins/com.st.stm32cube.ide.mcu.externaltools.gnu-tools-for-stm32.12.3.rel1.win32_1.0.200.202406191623/tools/bin/../lib/gcc/arm-none-eabi/12.3.1/../../../../arm-none-eabi/lib/thumb/v7e-m+fp/hard\libm.a
LOAD C:/ST/STM32CubeIDE_1.16.1/STM32CubeIDE/plugins/com.st.stm32cube.ide.mcu.externaltools.gnu-tools-for-stm32.12.3.rel1.win32_1.0.200.202406191623/tools/bin/../lib/gcc/arm-none-eabi/12.3.1/thumb/v7e-m+fp/hard\libgcc.a

.debug_info     0x00000000     0xea2f
 .debug_info    0x00000000      0xcee ./Core/Src/adc.o
 .debug_info    0x00000cee      0x74d ./Core/Src/can.o
 .debug_info    0x0000143b      0x2f3 ./Core/Src/dma.o
 .debug_info    0x0000172e      0x305 ./Core/Src/gpio.o
 .debug_info    0x00001a33     0x10fa ./Core/Src/main.o
 .debug_info    0x00002b2d      0x18d ./Core/Src/stm32f3xx_hal_msp.o
 .debug_info    0x00002cba      0x75c ./Core/Src/stm32f3xx_it.o
 .debug_info    0x00003416      0x407 ./Core/Src/system_stm32f3xx.o
 .debug_info    0x0000381d       0x30 ./Core/Startup/startup_stm32f303k8tx.o
 .debug_info    0x0000384d      0x74a ./Drivers/STM32F3xx_HAL_Driver/Src/stm32f3xx_hal.o
 .debug_info    0x00003f97      0xb32 ./Drivers/STM32F3xx_HAL_Driver/Src/stm32f3xx_hal_adc.o
 .debug_info    0x00004ac9     0x15b2 ./Drivers/STM32F3xx_HAL_Driver/Src/stm32f3xx_hal_adc_ex.o
 .debug_info    0x0000607b      0xf02 ./Drivers/STM32F3xx_HAL_Driver/Src/stm32f3xx_hal_can.o
 .debug_info    0x00006f7d      0xa87 ./Drivers/STM32F3xx_HAL_Driver/Src/stm32f3xx_hal_cortex.o
 .debug_info    0x00007a04      0x6e1 ./Drivers/STM32F3xx_HAL_Driver/Src/stm32f3xx_hal_dma.o
 .debug_info    0x000080e5      0x6a6 ./Drivers/STM32F3xx_HAL_Driver/Src/stm32f3xx_hal_gpio.o
 .debug_info    0x0000878b     0x148a ./Drivers/STM32F3xx_HAL_Driver/Src/stm32f3xx_hal_rcc.o
 .debug_info    0x00009c15      0x52e ./Drivers/STM32F3xx_HAL_Driver/Src/stm32f3xx_hal_rcc_ex.o
 .debug_info    0x0000a143      0xc27 ./EKO_Drivers/ADC/Src/adc_driver.o
 .debug_info    0x0000ad6a      0x94f ./EKO_Drivers/CAN/Src/can_driver.o
 .debug_info    0x0000b6b9     0x108f ./PCBCells_driver/ADC/Src/pcb_cells_adc.o
 .debug_info    0x0000c748     0x111d ./PCBCells_driver/CAN/Src/pcb_cells_can.o
 .debug_info    0x0000d865     0x11ca ./PCBCells_driver/PCB_Cells/Src/pcb_cells.o

.debug_abbrev   0x00000000     0x2d7c
 .debug_abbrev  0x00000000      0x261 ./Core/Src/adc.o
 .debug_abbrev  0x00000261      0x201 ./Core/Src/can.o
 .debug_abbrev  0x00000462       0xfc ./Core/Src/dma.o
 .debug_abbrev  0x0000055e      0x151 ./Core/Src/gpio.o
 .debug_abbrev  0x000006af      0x298 ./Core/Src/main.o
 .debug_abbrev  0x00000947       0xc6 ./Core/Src/stm32f3xx_hal_msp.o
 .debug_abbrev  0x00000a0d      0x1a6 ./Core/Src/stm32f3xx_it.o
 .debug_abbrev  0x00000bb3      0x11a ./Core/Src/system_stm32f3xx.o
 .debug_abbrev  0x00000ccd       0x24 ./Core/Startup/startup_stm32f303k8tx.o
 .debug_abbrev  0x00000cf1      0x215 ./Drivers/STM32F3xx_HAL_Driver/Src/stm32f3xx_hal.o
 .debug_abbrev  0x00000f06      0x186 ./Drivers/STM32F3xx_HAL_Driver/Src/stm32f3xx_hal_adc.o
 .debug_abbrev  0x0000108c      0x28e ./Drivers/STM32F3xx_HAL_Driver/Src/stm32f3xx_hal_adc_ex.o
 .debug_abbrev  0x0000131a      0x1fc ./Drivers/STM32F3xx_HAL_Driver/Src/stm32f3xx_hal_can.o
 .debug_abbrev  0x00001516      0x2f8 ./Drivers/STM32F3xx_HAL_Driver/Src/stm32f3xx_hal_cortex.o
 .debug_abbrev  0x0000180e      0x20d ./Drivers/STM32F3xx_HAL_Driver/Src/stm32f3xx_hal_dma.o
 .debug_abbrev  0x00001a1b      0x1ca ./Drivers/STM32F3xx_HAL_Driver/Src/stm32f3xx_hal_gpio.o
 .debug_abbrev  0x00001be5      0x300 ./Drivers/STM32F3xx_HAL_Driver/Src/stm32f3xx_hal_rcc.o
 .debug_abbrev  0x00001ee5      0x221 ./Drivers/STM32F3xx_HAL_Driver/Src/stm32f3xx_hal_rcc_ex.o
 .debug_abbrev  0x00002106      0x2bc ./EKO_Drivers/ADC/Src/adc_driver.o
 .debug_abbrev  0x000023c2      0x203 ./EKO_Drivers/CAN/Src/can_driver.o
 .debug_abbrev  0x000025c5      0x279 ./PCBCells_driver/ADC/Src/pcb_cells_adc.o
 .debug_abbrev  0x0000283e      0x2a6 ./PCBCells_driver/CAN/Src/pcb_cells_can.o
 .debug_abbrev  0x00002ae4      0x298 ./PCBCells_driver/PCB_Cells/Src/pcb_cells.o

.debug_aranges  0x00000000      0xa70
 .debug_aranges
                0x00000000       0x38 ./Core/Src/adc.o
 .debug_aranges
                0x00000038       0x30 ./Core/Src/can.o
 .debug_aranges
                0x00000068       0x20 ./Core/Src/dma.o
 .debug_aranges
                0x00000088       0x20 ./Core/Src/gpio.o
 .debug_aranges
                0x000000a8       0x30 ./Core/Src/main.o
 .debug_aranges
                0x000000d8       0x20 ./Core/Src/stm32f3xx_hal_msp.o
 .debug_aranges
                0x000000f8       0x78 ./Core/Src/stm32f3xx_it.o
 .debug_aranges
                0x00000170       0x28 ./Core/Src/system_stm32f3xx.o
 .debug_aranges
                0x00000198       0x28 ./Core/Startup/startup_stm32f303k8tx.o
 .debug_aranges
                0x000001c0       0xe0 ./Drivers/STM32F3xx_HAL_Driver/Src/stm32f3xx_hal.o
 .debug_aranges
                0x000002a0       0xc8 ./Drivers/STM32F3xx_HAL_Driver/Src/stm32f3xx_hal_adc.o
 .debug_aranges
                0x00000368      0x168 ./Drivers/STM32F3xx_HAL_Driver/Src/stm32f3xx_hal_adc_ex.o
 .debug_aranges
                0x000004d0      0x138 ./Drivers/STM32F3xx_HAL_Driver/Src/stm32f3xx_hal_can.o
 .debug_aranges
                0x00000608      0x100 ./Drivers/STM32F3xx_HAL_Driver/Src/stm32f3xx_hal_cortex.o
 .debug_aranges
                0x00000708       0x88 ./Drivers/STM32F3xx_HAL_Driver/Src/stm32f3xx_hal_dma.o
 .debug_aranges
                0x00000790       0x58 ./Drivers/STM32F3xx_HAL_Driver/Src/stm32f3xx_hal_gpio.o
 .debug_aranges
                0x000007e8       0x88 ./Drivers/STM32F3xx_HAL_Driver/Src/stm32f3xx_hal_rcc.o
 .debug_aranges
                0x00000870       0x38 ./Drivers/STM32F3xx_HAL_Driver/Src/stm32f3xx_hal_rcc_ex.o
 .debug_aranges
                0x000008a8       0x58 ./EKO_Drivers/ADC/Src/adc_driver.o
 .debug_aranges
                0x00000900       0x40 ./EKO_Drivers/CAN/Src/can_driver.o
 .debug_aranges
                0x00000940       0x48 ./PCBCells_driver/ADC/Src/pcb_cells_adc.o
 .debug_aranges
                0x00000988       0x90 ./PCBCells_driver/CAN/Src/pcb_cells_can.o
 .debug_aranges
                0x00000a18       0x58 ./PCBCells_driver/PCB_Cells/Src/pcb_cells.o

.debug_rnglists
                0x00000000      0x7b0
 .debug_rnglists
                0x00000000       0x29 ./Core/Src/adc.o
 .debug_rnglists
                0x00000029       0x20 ./Core/Src/can.o
 .debug_rnglists
                0x00000049       0x13 ./Core/Src/dma.o
 .debug_rnglists
                0x0000005c       0x14 ./Core/Src/gpio.o
 .debug_rnglists
                0x00000070       0x21 ./Core/Src/main.o
 .debug_rnglists
                0x00000091       0x13 ./Core/Src/stm32f3xx_hal_msp.o
 .debug_rnglists
                0x000000a4       0x55 ./Core/Src/stm32f3xx_it.o
 .debug_rnglists
                0x000000f9       0x1a ./Core/Src/system_stm32f3xx.o
 .debug_rnglists
                0x00000113       0x19 ./Core/Startup/startup_stm32f303k8tx.o
 .debug_rnglists
                0x0000012c       0xa3 ./Drivers/STM32F3xx_HAL_Driver/Src/stm32f3xx_hal.o
 .debug_rnglists
                0x000001cf       0x91 ./Drivers/STM32F3xx_HAL_Driver/Src/stm32f3xx_hal_adc.o
 .debug_rnglists
                0x00000260      0x126 ./Drivers/STM32F3xx_HAL_Driver/Src/stm32f3xx_hal_adc_ex.o
 .debug_rnglists
                0x00000386       0xee ./Drivers/STM32F3xx_HAL_Driver/Src/stm32f3xx_hal_can.o
 .debug_rnglists
                0x00000474       0xbb ./Drivers/STM32F3xx_HAL_Driver/Src/stm32f3xx_hal_cortex.o
 .debug_rnglists
                0x0000052f       0x69 ./Drivers/STM32F3xx_HAL_Driver/Src/stm32f3xx_hal_dma.o
 .debug_rnglists
                0x00000598       0x3f ./Drivers/STM32F3xx_HAL_Driver/Src/stm32f3xx_hal_gpio.o
 .debug_rnglists
                0x000005d7       0x66 ./Drivers/STM32F3xx_HAL_Driver/Src/stm32f3xx_hal_rcc.o
 .debug_rnglists
                0x0000063d       0x27 ./Drivers/STM32F3xx_HAL_Driver/Src/stm32f3xx_hal_rcc_ex.o
 .debug_rnglists
                0x00000664       0x42 ./EKO_Drivers/ADC/Src/adc_driver.o
 .debug_rnglists
                0x000006a6       0x2e ./EKO_Drivers/CAN/Src/can_driver.o
 .debug_rnglists
                0x000006d4       0x33 ./PCBCells_driver/ADC/Src/pcb_cells_adc.o
 .debug_rnglists
                0x00000707       0x6a ./PCBCells_driver/CAN/Src/pcb_cells_can.o
 .debug_rnglists
                0x00000771       0x3f ./PCBCells_driver/PCB_Cells/Src/pcb_cells.o

.debug_macro    0x00000000    0x1c89f
 .debug_macro   0x00000000      0x1d9 ./Core/Src/adc.o
 .debug_macro   0x000001d9      0xab4 ./Core/Src/adc.o
 .debug_macro   0x00000c8d      0x157 ./Core/Src/adc.o
 .debug_macro   0x00000de4       0x2e ./Core/Src/adc.o
 .debug_macro   0x00000e12       0x28 ./Core/Src/adc.o
 .debug_macro   0x00000e3a       0x22 ./Core/Src/adc.o
 .debug_macro   0x00000e5c       0x8e ./Core/Src/adc.o
 .debug_macro   0x00000eea       0x51 ./Core/Src/adc.o
 .debug_macro   0x00000f3b      0x103 ./Core/Src/adc.o
 .debug_macro   0x0000103e       0x6a ./Core/Src/adc.o
 .debug_macro   0x000010a8      0x1df ./Core/Src/adc.o
 .debug_macro   0x00001287       0x1c ./Core/Src/adc.o
 .debug_macro   0x000012a3       0x22 ./Core/Src/adc.o
 .debug_macro   0x000012c5       0xd9 ./Core/Src/adc.o
 .debug_macro   0x0000139e      0xf07 ./Core/Src/adc.o
 .debug_macro   0x000022a5    0x10be0 ./Core/Src/adc.o
 .debug_macro   0x00012e85       0x6d ./Core/Src/adc.o
 .debug_macro   0x00012ef2     0x3574 ./Core/Src/adc.o
 .debug_macro   0x00016466      0x189 ./Core/Src/adc.o
 .debug_macro   0x000165ef       0x55 ./Core/Src/adc.o
 .debug_macro   0x00016644      0x8f8 ./Core/Src/adc.o
 .debug_macro   0x00016f3c      0x304 ./Core/Src/adc.o
 .debug_macro   0x00017240      0x1b5 ./Core/Src/adc.o
 .debug_macro   0x000173f5      0x11b ./Core/Src/adc.o
 .debug_macro   0x00017510      0x1d5 ./Core/Src/adc.o
 .debug_macro   0x000176e5      0x1bc ./Core/Src/adc.o
 .debug_macro   0x000178a1       0x34 ./Core/Src/adc.o
 .debug_macro   0x000178d5       0x3c ./Core/Src/adc.o
 .debug_macro   0x00017911       0x57 ./Core/Src/adc.o
 .debug_macro   0x00017968      0x87d ./Core/Src/adc.o
 .debug_macro   0x000181e5       0x77 ./Core/Src/adc.o
 .debug_macro   0x0001825c      0x408 ./Core/Src/adc.o
 .debug_macro   0x00018664       0xc5 ./Core/Src/adc.o
 .debug_macro   0x00018729      0x19f ./Core/Src/adc.o
 .debug_macro   0x000188c8      0x22c ./Core/Src/adc.o
 .debug_macro   0x00018af4       0x5b ./Core/Src/adc.o
 .debug_macro   0x00018b4f       0xa5 ./Core/Src/adc.o
 .debug_macro   0x00018bf4       0x81 ./Core/Src/adc.o
 .debug_macro   0x00018c75       0xd3 ./Core/Src/adc.o
 .debug_macro   0x00018d48      0x285 ./Core/Src/adc.o
 .debug_macro   0x00018fcd       0x40 ./Core/Src/adc.o
 .debug_macro   0x0001900d      0x1d9 ./Core/Src/can.o
 .debug_macro   0x000191e6      0x1d9 ./Core/Src/dma.o
 .debug_macro   0x000193bf      0x1d9 ./Core/Src/gpio.o
 .debug_macro   0x00019598      0x34a ./Core/Src/main.o
 .debug_macro   0x000198e2       0x61 ./Core/Src/main.o
 .debug_macro   0x00019943       0x2a ./Core/Src/main.o
 .debug_macro   0x0001996d       0x43 ./Core/Src/main.o
 .debug_macro   0x000199b0       0x34 ./Core/Src/main.o
 .debug_macro   0x000199e4       0x16 ./Core/Src/main.o
 .debug_macro   0x000199fa       0x43 ./Core/Src/main.o
 .debug_macro   0x00019a3d       0x34 ./Core/Src/main.o
 .debug_macro   0x00019a71       0x10 ./Core/Src/main.o
 .debug_macro   0x00019a81       0x58 ./Core/Src/main.o
 .debug_macro   0x00019ad9       0x8e ./Core/Src/main.o
 .debug_macro   0x00019b67       0x1c ./Core/Src/main.o
 .debug_macro   0x00019b83      0x177 ./Core/Src/main.o
 .debug_macro   0x00019cfa      0x369 ./Core/Src/main.o
 .debug_macro   0x0001a063       0x10 ./Core/Src/main.o
 .debug_macro   0x0001a073       0x35 ./Core/Src/main.o
 .debug_macro   0x0001a0a8       0x20 ./Core/Src/main.o
 .debug_macro   0x0001a0c8       0x10 ./Core/Src/main.o
 .debug_macro   0x0001a0d8      0x154 ./Core/Src/main.o
 .debug_macro   0x0001a22c       0x22 ./Core/Src/main.o
 .debug_macro   0x0001a24e       0x1c ./Core/Src/main.o
 .debug_macro   0x0001a26a       0x10 ./Core/Src/main.o
 .debug_macro   0x0001a27a       0x1c ./Core/Src/main.o
 .debug_macro   0x0001a296       0x16 ./Core/Src/main.o
 .debug_macro   0x0001a2ac      0x146 ./Core/Src/main.o
 .debug_macro   0x0001a3f2       0x10 ./Core/Src/main.o
 .debug_macro   0x0001a402       0x46 ./Core/Src/main.o
 .debug_macro   0x0001a448      0x1cf ./Core/Src/stm32f3xx_hal_msp.o
 .debug_macro   0x0001a617      0x1d9 ./Core/Src/stm32f3xx_it.o
 .debug_macro   0x0001a7f0      0x1c0 ./Core/Src/system_stm32f3xx.o
 .debug_macro   0x0001a9b0      0x1e4 ./Drivers/STM32F3xx_HAL_Driver/Src/stm32f3xx_hal.o
 .debug_macro   0x0001ab94      0x1c1 ./Drivers/STM32F3xx_HAL_Driver/Src/stm32f3xx_hal_adc.o
 .debug_macro   0x0001ad55      0x1ea ./Drivers/STM32F3xx_HAL_Driver/Src/stm32f3xx_hal_adc_ex.o
 .debug_macro   0x0001af3f      0x1cf ./Drivers/STM32F3xx_HAL_Driver/Src/stm32f3xx_hal_can.o
 .debug_macro   0x0001b10e      0x1c0 ./Drivers/STM32F3xx_HAL_Driver/Src/stm32f3xx_hal_cortex.o
 .debug_macro   0x0001b2ce      0x1c0 ./Drivers/STM32F3xx_HAL_Driver/Src/stm32f3xx_hal_dma.o
 .debug_macro   0x0001b48e      0x1c7 ./Drivers/STM32F3xx_HAL_Driver/Src/stm32f3xx_hal_gpio.o
 .debug_macro   0x0001b655      0x1e4 ./Drivers/STM32F3xx_HAL_Driver/Src/stm32f3xx_hal_rcc.o
 .debug_macro   0x0001b839      0x1c0 ./Drivers/STM32F3xx_HAL_Driver/Src/stm32f3xx_hal_rcc_ex.o
 .debug_macro   0x0001b9f9      0x1e7 ./EKO_Drivers/ADC/Src/adc_driver.o
 .debug_macro   0x0001bbe0      0x2bf ./EKO_Drivers/CAN/Src/can_driver.o
 .debug_macro   0x0001be9f       0x16 ./EKO_Drivers/CAN/Src/can_driver.o
 .debug_macro   0x0001beb5       0x16 ./EKO_Drivers/CAN/Src/can_driver.o
 .debug_macro   0x0001becb      0x323 ./PCBCells_driver/ADC/Src/pcb_cells_adc.o
 .debug_macro   0x0001c1ee       0x16 ./PCBCells_driver/ADC/Src/pcb_cells_adc.o
 .debug_macro   0x0001c204      0x323 ./PCBCells_driver/CAN/Src/pcb_cells_can.o
 .debug_macro   0x0001c527       0x22 ./PCBCells_driver/CAN/Src/pcb_cells_can.o
 .debug_macro   0x0001c549      0x33a ./PCBCells_driver/PCB_Cells/Src/pcb_cells.o
 .debug_macro   0x0001c883       0x1c ./PCBCells_driver/PCB_Cells/Src/pcb_cells.o

.debug_line     0x00000000    0x1040c
 .debug_line    0x00000000      0x976 ./Core/Src/adc.o
 .debug_line    0x00000976      0x7bc ./Core/Src/can.o
 .debug_line    0x00001132      0x74c ./Core/Src/dma.o
 .debug_line    0x0000187e      0x766 ./Core/Src/gpio.o
 .debug_line    0x00001fe4      0xa63 ./Core/Src/main.o
 .debug_line    0x00002a47      0x74f ./Core/Src/stm32f3xx_hal_msp.o
 .debug_line    0x00003196      0x85a ./Core/Src/stm32f3xx_it.o
 .debug_line    0x000039f0      0x7c8 ./Core/Src/system_stm32f3xx.o
 .debug_line    0x000041b8       0x7a ./Core/Startup/startup_stm32f303k8tx.o
 .debug_line    0x00004232      0xa00 ./Drivers/STM32F3xx_HAL_Driver/Src/stm32f3xx_hal.o
 .debug_line    0x00004c32      0x93e ./Drivers/STM32F3xx_HAL_Driver/Src/stm32f3xx_hal_adc.o
 .debug_line    0x00005570     0x20de ./Drivers/STM32F3xx_HAL_Driver/Src/stm32f3xx_hal_adc_ex.o
 .debug_line    0x0000764e     0x11da ./Drivers/STM32F3xx_HAL_Driver/Src/stm32f3xx_hal_can.o
 .debug_line    0x00008828      0xbe6 ./Drivers/STM32F3xx_HAL_Driver/Src/stm32f3xx_hal_cortex.o
 .debug_line    0x0000940e      0xcea ./Drivers/STM32F3xx_HAL_Driver/Src/stm32f3xx_hal_dma.o
 .debug_line    0x0000a0f8      0xb63 ./Drivers/STM32F3xx_HAL_Driver/Src/stm32f3xx_hal_gpio.o
 .debug_line    0x0000ac5b     0x1394 ./Drivers/STM32F3xx_HAL_Driver/Src/stm32f3xx_hal_rcc.o
 .debug_line    0x0000bfef      0xa8a ./Drivers/STM32F3xx_HAL_Driver/Src/stm32f3xx_hal_rcc_ex.o
 .debug_line    0x0000ca79      0xaf5 ./EKO_Drivers/ADC/Src/adc_driver.o
 .debug_line    0x0000d56e      0xabf ./EKO_Drivers/CAN/Src/can_driver.o
 .debug_line    0x0000e02d      0xb86 ./PCBCells_driver/ADC/Src/pcb_cells_adc.o
 .debug_line    0x0000ebb3      0xc5b ./PCBCells_driver/CAN/Src/pcb_cells_can.o
 .debug_line    0x0000f80e      0xbfe ./PCBCells_driver/PCB_Cells/Src/pcb_cells.o

.debug_str      0x00000000    0xa134b
 .debug_str     0x00000000    0x9a66b ./Core/Src/adc.o
                              0x9aa64 (size before relaxing)
 .debug_str     0x0009a66b      0x26a ./Core/Src/can.o
                              0x9a484 (size before relaxing)
 .debug_str     0x0009a8d5       0x29 ./Core/Src/dma.o
                              0x9a3e4 (size before relaxing)
 .debug_str     0x0009a8fe       0x68 ./Core/Src/gpio.o
                              0x9a19c (size before relaxing)
 .debug_str     0x0009a966     0x45d9 ./Core/Src/main.o
                              0x9ed5c (size before relaxing)
 .debug_str     0x0009ef3f       0x2c ./Core/Src/stm32f3xx_hal_msp.o
                              0x9a0d1 (size before relaxing)
 .debug_str     0x0009ef6b      0x121 ./Core/Src/stm32f3xx_it.o
                              0x9a5d9 (size before relaxing)
 .debug_str     0x0009f08c       0xdf ./Core/Src/system_stm32f3xx.o
                              0x9a0bd (size before relaxing)
 .debug_str     0x0009f16b       0x44 ./Core/Startup/startup_stm32f303k8tx.o
                                 0x8d (size before relaxing)
 .debug_str     0x0009f1af      0x3a1 ./Drivers/STM32F3xx_HAL_Driver/Src/stm32f3xx_hal.o
                              0x9a7ad (size before relaxing)
 .debug_str     0x0009f550      0x201 ./Drivers/STM32F3xx_HAL_Driver/Src/stm32f3xx_hal_adc.o
                              0x9a6aa (size before relaxing)
 .debug_str     0x0009f751      0x6cd ./Drivers/STM32F3xx_HAL_Driver/Src/stm32f3xx_hal_adc_ex.o
                              0x9adc3 (size before relaxing)
 .debug_str     0x0009fe1e      0x55d ./Drivers/STM32F3xx_HAL_Driver/Src/stm32f3xx_hal_can.o
                              0x9a84c (size before relaxing)
 .debug_str     0x000a037b      0x22c ./Drivers/STM32F3xx_HAL_Driver/Src/stm32f3xx_hal_cortex.o
                              0x9a6d2 (size before relaxing)
 .debug_str     0x000a05a7      0x1ff ./Drivers/STM32F3xx_HAL_Driver/Src/stm32f3xx_hal_dma.o
                              0x9a405 (size before relaxing)
 .debug_str     0x000a07a6      0x157 ./Drivers/STM32F3xx_HAL_Driver/Src/stm32f3xx_hal_gpio.o
                              0x9a29c (size before relaxing)
 .debug_str     0x000a08fd      0x2c3 ./Drivers/STM32F3xx_HAL_Driver/Src/stm32f3xx_hal_rcc.o
                              0x9a55d (size before relaxing)
 .debug_str     0x000a0bc0       0xbe ./Drivers/STM32F3xx_HAL_Driver/Src/stm32f3xx_hal_rcc_ex.o
                              0x9a25c (size before relaxing)
 .debug_str     0x000a0c7e       0xef ./EKO_Drivers/ADC/Src/adc_driver.o
                              0x9af52 (size before relaxing)
 .debug_str     0x000a0d6d       0xab ./EKO_Drivers/CAN/Src/can_driver.o
                              0x9dd5f (size before relaxing)
 .debug_str     0x000a0e18      0x1aa ./PCBCells_driver/ADC/Src/pcb_cells_adc.o
                              0x9ec10 (size before relaxing)
 .debug_str     0x000a0fc2      0x2ff ./PCBCells_driver/CAN/Src/pcb_cells_can.o
                              0x9eda9 (size before relaxing)
 .debug_str     0x000a12c1       0x8a ./PCBCells_driver/PCB_Cells/Src/pcb_cells.o
                              0x9edb6 (size before relaxing)

.comment        0x00000000       0x43
 .comment       0x00000000       0x43 ./Core/Src/adc.o
                                 0x44 (size before relaxing)
 .comment       0x00000043       0x44 ./Core/Src/can.o
 .comment       0x00000043       0x44 ./Core/Src/dma.o
 .comment       0x00000043       0x44 ./Core/Src/gpio.o
 .comment       0x00000043       0x44 ./Core/Src/main.o
 .comment       0x00000043       0x44 ./Core/Src/stm32f3xx_hal_msp.o
 .comment       0x00000043       0x44 ./Core/Src/stm32f3xx_it.o
 .comment       0x00000043       0x44 ./Core/Src/system_stm32f3xx.o
 .comment       0x00000043       0x44 ./Drivers/STM32F3xx_HAL_Driver/Src/stm32f3xx_hal.o
 .comment       0x00000043       0x44 ./Drivers/STM32F3xx_HAL_Driver/Src/stm32f3xx_hal_adc.o
 .comment       0x00000043       0x44 ./Drivers/STM32F3xx_HAL_Driver/Src/stm32f3xx_hal_adc_ex.o
 .comment       0x00000043       0x44 ./Drivers/STM32F3xx_HAL_Driver/Src/stm32f3xx_hal_can.o
 .comment       0x00000043       0x44 ./Drivers/STM32F3xx_HAL_Driver/Src/stm32f3xx_hal_cortex.o
 .comment       0x00000043       0x44 ./Drivers/STM32F3xx_HAL_Driver/Src/stm32f3xx_hal_dma.o
 .comment       0x00000043       0x44 ./Drivers/STM32F3xx_HAL_Driver/Src/stm32f3xx_hal_gpio.o
 .comment       0x00000043       0x44 ./Drivers/STM32F3xx_HAL_Driver/Src/stm32f3xx_hal_rcc.o
 .comment       0x00000043       0x44 ./Drivers/STM32F3xx_HAL_Driver/Src/stm32f3xx_hal_rcc_ex.o
 .comment       0x00000043       0x44 ./EKO_Drivers/ADC/Src/adc_driver.o
 .comment       0x00000043       0x44 ./EKO_Drivers/CAN/Src/can_driver.o
 .comment       0x00000043       0x44 ./PCBCells_driver/ADC/Src/pcb_cells_adc.o
 .comment       0x00000043       0x44 ./PCBCells_driver/CAN/Src/pcb_cells_can.o
 .comment       0x00000043       0x44 ./PCBCells_driver/PCB_Cells/Src/pcb_cells.o

.debug_frame    0x00000000     0x2834
 .debug_frame   0x00000000       0xa0 ./Core/Src/adc.o
 .debug_frame   0x000000a0       0x74 ./Core/Src/can.o
 .debug_frame   0x00000114       0x34 ./Core/Src/dma.o
 .debug_frame   0x00000148       0x34 ./Core/Src/gpio.o
 .debug_frame   0x0000017c       0x68 ./Core/Src/main.o
 .debug_frame   0x000001e4       0x38 ./Core/Src/stm32f3xx_hal_msp.o
 .debug_frame   0x0000021c      0x158 ./Core/Src/stm32f3xx_it.o
 .debug_frame   0x00000374       0x58 ./Core/Src/system_stm32f3xx.o
 .debug_frame   0x000003cc      0x334 ./Drivers/STM32F3xx_HAL_Driver/Src/stm32f3xx_hal.o
 .debug_frame   0x00000700      0x380 ./Drivers/STM32F3xx_HAL_Driver/Src/stm32f3xx_hal_adc.o
 .debug_frame   0x00000a80      0x638 ./Drivers/STM32F3xx_HAL_Driver/Src/stm32f3xx_hal_adc_ex.o
 .debug_frame   0x000010b8      0x5a0 ./Drivers/STM32F3xx_HAL_Driver/Src/stm32f3xx_hal_can.o
 .debug_frame   0x00001658      0x428 ./Drivers/STM32F3xx_HAL_Driver/Src/stm32f3xx_hal_cortex.o
 .debug_frame   0x00001a80      0x224 ./Drivers/STM32F3xx_HAL_Driver/Src/stm32f3xx_hal_dma.o
 .debug_frame   0x00001ca4      0x14c ./Drivers/STM32F3xx_HAL_Driver/Src/stm32f3xx_hal_gpio.o
 .debug_frame   0x00001df0      0x214 ./Drivers/STM32F3xx_HAL_Driver/Src/stm32f3xx_hal_rcc.o
 .debug_frame   0x00002004       0xac ./Drivers/STM32F3xx_HAL_Driver/Src/stm32f3xx_hal_rcc_ex.o
 .debug_frame   0x000020b0      0x14c ./EKO_Drivers/ADC/Src/adc_driver.o
 .debug_frame   0x000021fc       0xec ./EKO_Drivers/CAN/Src/can_driver.o
 .debug_frame   0x000022e8       0xf4 ./PCBCells_driver/ADC/Src/pcb_cells_adc.o
 .debug_frame   0x000023dc      0x244 ./PCBCells_driver/CAN/Src/pcb_cells_can.o
 .debug_frame   0x00002620      0x140 ./PCBCells_driver/PCB_Cells/Src/pcb_cells.o
 .debug_frame   0x00002760       0x20 C:/ST/STM32CubeIDE_1.16.1/STM32CubeIDE/plugins/com.st.stm32cube.ide.mcu.externaltools.gnu-tools-for-stm32.12.3.rel1.win32_1.0.200.202406191623/tools/bin/../lib/gcc/arm-none-eabi/12.3.1/../../../../arm-none-eabi/lib/thumb/v7e-m+fp/hard\libc_nano.a(libc_a-memset.o)
 .debug_frame   0x00002780       0x2c C:/ST/STM32CubeIDE_1.16.1/STM32CubeIDE/plugins/com.st.stm32cube.ide.mcu.externaltools.gnu-tools-for-stm32.12.3.rel1.win32_1.0.200.202406191623/tools/bin/../lib/gcc/arm-none-eabi/12.3.1/../../../../arm-none-eabi/lib/thumb/v7e-m+fp/hard\libc_nano.a(libc_a-init.o)
 .debug_frame   0x000027ac       0x28 C:/ST/STM32CubeIDE_1.16.1/STM32CubeIDE/plugins/com.st.stm32cube.ide.mcu.externaltools.gnu-tools-for-stm32.12.3.rel1.win32_1.0.200.202406191623/tools/bin/../lib/gcc/arm-none-eabi/12.3.1/../../../../arm-none-eabi/lib/thumb/v7e-m+fp/hard\libc_nano.a(libc_a-memcpy-stub.o)
 .debug_frame   0x000027d4       0x2c C:/ST/STM32CubeIDE_1.16.1/STM32CubeIDE/plugins/com.st.stm32cube.ide.mcu.externaltools.gnu-tools-for-stm32.12.3.rel1.win32_1.0.200.202406191623/tools/bin/../lib/gcc/arm-none-eabi/12.3.1/thumb/v7e-m+fp/hard\libgcc.a(_aeabi_uldivmod.o)
 .debug_frame   0x00002800       0x34 C:/ST/STM32CubeIDE_1.16.1/STM32CubeIDE/plugins/com.st.stm32cube.ide.mcu.externaltools.gnu-tools-for-stm32.12.3.rel1.win32_1.0.200.202406191623/tools/bin/../lib/gcc/arm-none-eabi/12.3.1/thumb/v7e-m+fp/hard\libgcc.a(_udivmoddi4.o)

.debug_line_str
                0x00000000       0x71
 .debug_line_str
                0x00000000       0x71 ./Core/Startup/startup_stm32f303k8tx.o
