../PCBCells_driver/CAN/Src/pcb_cells_can.c:42:19:PCBCells_CAN_InitFrames	88	static
../PCBCells_driver/CAN/Src/pcb_cells_can.c:74:19:PCBCells_CAN_GetID	24	static
../PCBCells_driver/CAN/Src/pcb_cells_can.c:103:19:PCBCells_CAN_ConfigData	32	static
../PCBCells_driver/CAN/Src/pcb_cells_can.c:115:19:PCBCells_CAN_SendFrames	16	static
../PCBCells_driver/CAN/Src/pcb_cells_can.c:123:19:PCBCells_CAN_ScaleValue	32	static
../PCBCells_driver/CAN/Src/pcb_cells_can.c:141:6:PCBCells_CAN_PackCAN2Temps	16	static
../PCBCells_driver/CAN/Src/pcb_cells_can.c:180:6:PCBCells_CAN_Get_CAN2_Data_Therm1	16	static
../PCBCells_driver/CAN/Src/pcb_cells_can.c:181:6:PCBCells_CAN_Get_CAN2_Data_Therm2	16	static
../PCBCells_driver/CAN/Src/pcb_cells_can.c:182:6:PCBCells_CAN_Get_CAN2_Data_Therm3	16	static
../PCBCells_driver/CAN/Src/pcb_cells_can.c:183:6:PCBCells_CAN_Get_CAN2_Data_Therm4	16	static
../PCBCells_driver/CAN/Src/pcb_cells_can.c:184:6:PCBCells_CAN_Get_CAN2_Data_Therm5	16	static
../PCBCells_driver/CAN/Src/pcb_cells_can.c:185:6:PCBCells_CAN_Get_CAN2_Data_Therm6	16	static
../PCBCells_driver/CAN/Src/pcb_cells_can.c:186:6:PCBCells_CAN_Get_CAN2_Data_Therm7	16	static
../PCBCells_driver/CAN/Src/pcb_cells_can.c:187:6:PCBCells_CAN_Get_CAN2_Data_Therm8	16	static
../PCBCells_driver/CAN/Src/pcb_cells_can.c:188:6:PCBCells_CAN_Get_CAN2_Data_Therm9	16	static
